Archive member included to satisfy reference by file (symbol)

C:/ST/STM32CubeIDE_1.15.0/STM32CubeIDE/plugins/com.st.stm32cube.ide.mcu.externaltools.gnu-tools-for-stm32.12.3.rel1.win32_1.0.100.202403111256/tools/bin/../lib/gcc/arm-none-eabi/12.3.1/../../../../arm-none-eabi/lib/thumb/v7e-m+fp/hard\libc_nano.a(libc_a-exit.o)
                              C:/ST/STM32CubeIDE_1.15.0/STM32CubeIDE/plugins/com.st.stm32cube.ide.mcu.externaltools.gnu-tools-for-stm32.12.3.rel1.win32_1.0.100.202403111256/tools/bin/../lib/gcc/arm-none-eabi/12.3.1/../../../../arm-none-eabi/lib/thumb/v7e-m+fp/hard/crt0.o (exit)
C:/ST/STM32CubeIDE_1.15.0/STM32CubeIDE/plugins/com.st.stm32cube.ide.mcu.externaltools.gnu-tools-for-stm32.12.3.rel1.win32_1.0.100.202403111256/tools/bin/../lib/gcc/arm-none-eabi/12.3.1/../../../../arm-none-eabi/lib/thumb/v7e-m+fp/hard\libc_nano.a(libc_a-nano-vfprintf_float.o)
                              (_printf_float)
C:/ST/STM32CubeIDE_1.15.0/STM32CubeIDE/plugins/com.st.stm32cube.ide.mcu.externaltools.gnu-tools-for-stm32.12.3.rel1.win32_1.0.100.202403111256/tools/bin/../lib/gcc/arm-none-eabi/12.3.1/../../../../arm-none-eabi/lib/thumb/v7e-m+fp/hard\libc_nano.a(libc_a-nano-vfprintf_i.o)
                              C:/ST/STM32CubeIDE_1.15.0/STM32CubeIDE/plugins/com.st.stm32cube.ide.mcu.externaltools.gnu-tools-for-stm32.12.3.rel1.win32_1.0.100.202403111256/tools/bin/../lib/gcc/arm-none-eabi/12.3.1/../../../../arm-none-eabi/lib/thumb/v7e-m+fp/hard\libc_nano.a(libc_a-nano-vfprintf_float.o) (_printf_common)
C:/ST/STM32CubeIDE_1.15.0/STM32CubeIDE/plugins/com.st.stm32cube.ide.mcu.externaltools.gnu-tools-for-stm32.12.3.rel1.win32_1.0.100.202403111256/tools/bin/../lib/gcc/arm-none-eabi/12.3.1/../../../../arm-none-eabi/lib/thumb/v7e-m+fp/hard\libc_nano.a(libc_a-nano-vfscanf_float.o)
                              (_scanf_float)
C:/ST/STM32CubeIDE_1.15.0/STM32CubeIDE/plugins/com.st.stm32cube.ide.mcu.externaltools.gnu-tools-for-stm32.12.3.rel1.win32_1.0.100.202403111256/tools/bin/../lib/gcc/arm-none-eabi/12.3.1/../../../../arm-none-eabi/lib/thumb/v7e-m+fp/hard\libc_nano.a(libc_a-fflush.o)
                              ./Core/Src/main.o (fflush)
C:/ST/STM32CubeIDE_1.15.0/STM32CubeIDE/plugins/com.st.stm32cube.ide.mcu.externaltools.gnu-tools-for-stm32.12.3.rel1.win32_1.0.100.202403111256/tools/bin/../lib/gcc/arm-none-eabi/12.3.1/../../../../arm-none-eabi/lib/thumb/v7e-m+fp/hard\libc_nano.a(libc_a-findfp.o)
                              C:/ST/STM32CubeIDE_1.15.0/STM32CubeIDE/plugins/com.st.stm32cube.ide.mcu.externaltools.gnu-tools-for-stm32.12.3.rel1.win32_1.0.100.202403111256/tools/bin/../lib/gcc/arm-none-eabi/12.3.1/../../../../arm-none-eabi/lib/thumb/v7e-m+fp/hard\libc_nano.a(libc_a-fflush.o) (__sglue)
C:/ST/STM32CubeIDE_1.15.0/STM32CubeIDE/plugins/com.st.stm32cube.ide.mcu.externaltools.gnu-tools-for-stm32.12.3.rel1.win32_1.0.100.202403111256/tools/bin/../lib/gcc/arm-none-eabi/12.3.1/../../../../arm-none-eabi/lib/thumb/v7e-m+fp/hard\libc_nano.a(libc_a-fwalk.o)
                              C:/ST/STM32CubeIDE_1.15.0/STM32CubeIDE/plugins/com.st.stm32cube.ide.mcu.externaltools.gnu-tools-for-stm32.12.3.rel1.win32_1.0.100.202403111256/tools/bin/../lib/gcc/arm-none-eabi/12.3.1/../../../../arm-none-eabi/lib/thumb/v7e-m+fp/hard\libc_nano.a(libc_a-fflush.o) (_fwalk_sglue)
C:/ST/STM32CubeIDE_1.15.0/STM32CubeIDE/plugins/com.st.stm32cube.ide.mcu.externaltools.gnu-tools-for-stm32.12.3.rel1.win32_1.0.100.202403111256/tools/bin/../lib/gcc/arm-none-eabi/12.3.1/../../../../arm-none-eabi/lib/thumb/v7e-m+fp/hard\libc_nano.a(libc_a-printf.o)
                              ./Core/Src/main.o (printf)
C:/ST/STM32CubeIDE_1.15.0/STM32CubeIDE/plugins/com.st.stm32cube.ide.mcu.externaltools.gnu-tools-for-stm32.12.3.rel1.win32_1.0.100.202403111256/tools/bin/../lib/gcc/arm-none-eabi/12.3.1/../../../../arm-none-eabi/lib/thumb/v7e-m+fp/hard\libc_nano.a(libc_a-sprintf.o)
                              C:/ST/STM32CubeIDE_1.15.0/STM32CubeIDE/plugins/com.st.stm32cube.ide.mcu.externaltools.gnu-tools-for-stm32.12.3.rel1.win32_1.0.100.202403111256/tools/bin/../lib/gcc/arm-none-eabi/12.3.1/../../../../arm-none-eabi/lib/thumb/v7e-m+fp/hard\libc_nano.a(libc_a-nano-vfscanf_float.o) (sprintf)
C:/ST/STM32CubeIDE_1.15.0/STM32CubeIDE/plugins/com.st.stm32cube.ide.mcu.externaltools.gnu-tools-for-stm32.12.3.rel1.win32_1.0.100.202403111256/tools/bin/../lib/gcc/arm-none-eabi/12.3.1/../../../../arm-none-eabi/lib/thumb/v7e-m+fp/hard\libc_nano.a(libc_a-stdio.o)
                              C:/ST/STM32CubeIDE_1.15.0/STM32CubeIDE/plugins/com.st.stm32cube.ide.mcu.externaltools.gnu-tools-for-stm32.12.3.rel1.win32_1.0.100.202403111256/tools/bin/../lib/gcc/arm-none-eabi/12.3.1/../../../../arm-none-eabi/lib/thumb/v7e-m+fp/hard\libc_nano.a(libc_a-findfp.o) (__sread)
[...]
Memory Configuration

Name             Origin             Length             Attributes
RAM              0x20000000         0x00020000         xrw
FLASH            0x08000000         0x00080000         xr
*default*        0x00000000         0xffffffff

Linker script and memory map

LOAD C:/ST/STM32CubeIDE_1.15.0/STM32CubeIDE/plugins/com.st.stm32cube.ide.mcu.externaltools.gnu-tools-for-stm32.12.3.rel1.win32_1.0.100.202403111256/tools/bin/../lib/gcc/arm-none-eabi/12.3.1/thumb/v7e-m+fp/hard/crti.o
LOAD C:/ST/STM32CubeIDE_1.15.0/STM32CubeIDE/plugins/com.st.stm32cube.ide.mcu.externaltools.gnu-tools-for-stm32.12.3.rel1.win32_1.0.100.202403111256/tools/bin/../lib/gcc/arm-none-eabi/12.3.1/thumb/v7e-m+fp/hard/crtbegin.o
LOAD C:/ST/STM32CubeIDE_1.15.0/STM32CubeIDE/plugins/com.st.stm32cube.ide.mcu.externaltools.gnu-tools-for-stm32.12.3.rel1.win32_1.0.100.202403111256/tools/bin/../lib/gcc/arm-none-eabi/12.3.1/../../../../arm-none-eabi/lib/thumb/v7e-m+fp/hard/crt0.o
LOAD ./Core/Src/implementation.o
LOAD ./Core/Src/main.o
LOAD ./Core/Src/pid_controller.o
LOAD ./Core/Src/ringbuffer.o
LOAD ./Core/Src/stm32f4xx_hal_msp.o
LOAD ./Core/Src/stm32f4xx_it.o
LOAD ./Core/Src/syscalls.o
LOAD ./Core/Src/sysmem.o
LOAD ./Core/Src/system_stm32f4xx.o
LOAD ./Core/Startup/startup_stm32f411retx.o
LOAD ./Drivers/Librerie/VL53L0X/core/src/vl53l0x_api.o
LOAD ./Drivers/Librerie/VL53L0X/core/src/vl53l0x_api_calibration.o
LOAD ./Drivers/Librerie/VL53L0X/core/src/vl53l0x_api_core.o
LOAD ./Drivers/Librerie/VL53L0X/core/src/vl53l0x_api_ranging.o
LOAD ./Drivers/Librerie/VL53L0X/core/src/vl53l0x_api_strings.o
LOAD ./Drivers/Librerie/VL53L0X/lidarvl53.o
LOAD ./Drivers/Librerie/VL53L0X/platform/src/vl53l0x_i2c_platform.o
LOAD ./Drivers/Librerie/VL53L0X/platform/src/vl53l0x_platform.o
LOAD ./Drivers/Librerie/VL53L0X/platform/src/vl53l0x_platform_log.o
LOAD ./Drivers/Librerie/uart.o
LOAD ./Drivers/STM32F4xx_HAL_Driver/Src/stm32f4xx_hal.o
LOAD ./Drivers/STM32F4xx_HAL_Driver/Src/stm32f4xx_hal_cortex.o
LOAD ./Drivers/STM32F4xx_HAL_Driver/Src/stm32f4xx_hal_dma.o
LOAD ./Drivers/STM32F4xx_HAL_Driver/Src/stm32f4xx_hal_dma_ex.o
LOAD ./Drivers/STM32F4xx_HAL_Driver/Src/stm32f4xx_hal_exti.o
LOAD ./Drivers/STM32F4xx_HAL_Driver/Src/stm32f4xx_hal_flash.o
LOAD ./Drivers/STM32F4xx_HAL_Driver/Src/stm32f4xx_hal_flash_ex.o
LOAD ./Drivers/STM32F4xx_HAL_Driver/Src/stm32f4xx_hal_flash_ramfunc.o
LOAD ./Drivers/STM32F4xx_HAL_Driver/Src/stm32f4xx_hal_gpio.o
LOAD ./Drivers/STM32F4xx_HAL_Driver/Src/stm32f4xx_hal_i2c.o
LOAD ./Drivers/STM32F4xx_HAL_Driver/Src/stm32f4xx_hal_i2c_ex.o
LOAD ./Drivers/STM32F4xx_HAL_Driver/Src/stm32f4xx_hal_pwr.o
LOAD ./Drivers/STM32F4xx_HAL_Driver/Src/stm32f4xx_hal_pwr_ex.o
LOAD ./Drivers/STM32F4xx_HAL_Driver/Src/stm32f4xx_hal_rcc.o
LOAD ./Drivers/STM32F4xx_HAL_Driver/Src/stm32f4xx_hal_rcc_ex.o
LOAD ./Drivers/STM32F4xx_HAL_Driver/Src/stm32f4xx_hal_tim.o
LOAD ./Drivers/STM32F4xx_HAL_Driver/Src/stm32f4xx_hal_tim_ex.o
LOAD ./Drivers/STM32F4xx_HAL_Driver/Src/stm32f4xx_hal_uart.o
START GROUP
LOAD C:/ST/STM32CubeIDE_1.15.0/STM32CubeIDE/plugins/com.st.stm32cube.ide.mcu.externaltools.gnu-tools-for-stm32.12.3.rel1.win32_1.0.100.202403111256/tools/bin/../lib/gcc/arm-none-eabi/12.3.1/../../../../arm-none-eabi/lib/thumb/v7e-m+fp/hard\libc_nano.a
LOAD C:/ST/STM32CubeIDE_1.15.0/STM32CubeIDE/plugins/com.st.stm32cube.ide.mcu.externaltools.gnu-tools-for-stm32.12.3.rel1.win32_1.0.100.202403111256/tools/bin/../lib/gcc/arm-none-eabi/12.3.1/../../../../arm-none-eabi/lib/thumb/v7e-m+fp/hard\libm.a
END GROUP
START GROUP
LOAD C:/ST/STM32CubeIDE_1.15.0/STM32CubeIDE/plugins/com.st.stm32cube.ide.mcu.externaltools.gnu-tools-for-stm32.12.3.rel1.win32_1.0.100.202403111256/tools/bin/../lib/gcc/arm-none-eabi/12.3.1/thumb/v7e-m+fp/hard\libgcc.a
LOAD C:/ST/STM32CubeIDE_1.15.0/STM32CubeIDE/plugins/com.st.stm32cube.ide.mcu.externaltools.gnu-tools-for-stm32.12.3.rel1.win32_1.0.100.202403111256/tools/bin/../lib/gcc/arm-none-eabi/12.3.1/../../../../arm-none-eabi/lib/thumb/v7e-m+fp/hard\libc_nano.a
END GROUP
START GROUP
LOAD C:/ST/STM32CubeIDE_1.15.0/STM32CubeIDE/plugins/com.st.stm32cube.ide.mcu.externaltools.gnu-tools-for-stm32.12.3.rel1.win32_1.0.100.202403111256/tools/bin/../lib/gcc/arm-none-eabi/12.3.1/thumb/v7e-m+fp/hard\libgcc.a
LOAD C:/ST/STM32CubeIDE_1.15.0/STM32CubeIDE/plugins/com.st.stm32cube.ide.mcu.externaltools.gnu-tools-for-stm32.12.3.rel1.win32_1.0.100.202403111256/tools/bin/../lib/gcc/arm-none-eabi/12.3.1/../../../../arm-none-eabi/lib/thumb/v7e-m+fp/hard\libc_nano.a
LOAD C:/ST/STM32CubeIDE_1.15.0/STM32CubeIDE/plugins/com.st.stm32cube.ide.mcu.externaltools.gnu-tools-for-stm32.12.3.rel1.win32_1.0.100.202403111256/tools/bin/../lib/gcc/arm-none-eabi/12.3.1/../../../../arm-none-eabi/lib/thumb/v7e-m+fp/hard\libnosys.a
END GROUP
START GROUP
LOAD C:/ST/STM32CubeIDE_1.15.0/STM32CubeIDE/plugins/com.st.stm32cube.ide.mcu.externaltools.gnu-tools-for-stm32.12.3.rel1.win32_1.0.100.202403111256/tools/bin/../lib/gcc/arm-none-eabi/12.3.1/thumb/v7e-m+fp/hard\libgcc.a
LOAD C:/ST/STM32CubeIDE_1.15.0/STM32CubeIDE/plugins/com.st.stm32cube.ide.mcu.externaltools.gnu-tools-for-stm32.12.3.rel1.win32_1.0.100.202403111256/tools/bin/../lib/gcc/arm-none-eabi/12.3.1/../../../../arm-none-eabi/lib/thumb/v7e-m+fp/hard\libc_nano.a
LOAD C:/ST/STM32CubeIDE_1.15.0/STM32CubeIDE/plugins/com.st.stm32cube.ide.mcu.externaltools.gnu-tools-for-stm32.12.3.rel1.win32_1.0.100.202403111256/tools/bin/../lib/gcc/arm-none-eabi/12.3.1/../../../../arm-none-eabi/lib/thumb/v7e-m+fp/hard\libnosys.a
END GROUP
LOAD C:/ST/STM32CubeIDE_1.15.0/STM32CubeIDE/plugins/com.st.stm32cube.ide.mcu.externaltools.gnu-tools-for-stm32.12.3.rel1.win32_1.0.100.202403111256/tools/bin/../lib/gcc/arm-none-eabi/12.3.1/thumb/v7e-m+fp/hard/crtend.o
LOAD C:/ST/STM32CubeIDE_1.15.0/STM32CubeIDE/plugins/com.st.stm32cube.ide.mcu.externaltools.gnu-tools-for-stm32.12.3.rel1.win32_1.0.100.202403111256/tools/bin/../lib/gcc/arm-none-eabi/12.3.1/thumb/v7e-m+fp/hard/crtn.o
                0x20020000                        _estack = (ORIGIN (RAM) + LENGTH (RAM))
                0x00000200                        _Min_Heap_Size = 0x200
                0x00000400                        _Min_Stack_Size = 0x400

.isr_vector     0x08000000      0x198
                0x08000000                        . = ALIGN (0x4)
 *(.isr_vector)
 .isr_vector    0x08000000      0x198 ./Core/Startup/startup_stm32f411retx.o
                0x08000000                g_pfnVectors
                0x08000198                        . = ALIGN (0x4)

.text           0x080001a0     0xfed0
                0x080001a0                        . = ALIGN (0x4)
 *(.text)
 .text          0x080001a0       0x40 C:/ST/STM32CubeIDE_1.15.0/STM32CubeIDE/plugins/com.st.stm32cube.ide.mcu.externaltools.gnu-tools-for-stm32.12.3.rel1.win32_1.0.100.202403111256/tools/bin/../lib/gcc/arm-none-eabi/12.3.1/thumb/v7e-m+fp/hard/crtbegin.o
 .text          0x080001e0       0xa0 C:/ST/STM32CubeIDE_1.15.0/STM32CubeIDE/plugins/com.st.stm32cube.ide.mcu.externaltools.gnu-tools-for-stm32.12.3.rel1.win32_1.0.100.202403111256/tools/bin/../lib/gcc/arm-none-eabi/12.3.1/../../../../arm-none-eabi/lib/thumb/v7e-m+fp/hard\libc_nano.a(libc_a-memchr.o)
                0x080001e0                memchr
 .text          0x08000280       0x10 C:/ST/STM32CubeIDE_1.15.0/STM32CubeIDE/plugins/com.st.stm32cube.ide.mcu.externaltools.gnu-tools-for-stm32.12.3.rel1.win32_1.0.100.202403111256/tools/bin/../lib/gcc/arm-none-eabi/12.3.1/../../../../arm-none-eabi/lib/thumb/v7e-m+fp/hard\libc_nano.a(libc_a-strlen.o)
                0x08000280                strlen
 .text          0x08000290      0x378 C:/ST/STM32CubeIDE_1.15.0/STM32CubeIDE/plugins/com.st.stm32cube.ide.mcu.externaltools.gnu-tools-for-stm32.12.3.rel1.win32_1.0.100.202403111256/tools/bin/../lib/gcc/arm-none-eabi/12.3.1/thumb/v7e-m+fp/hard\libgcc.a(_arm_addsubdf3.o)
                0x08000290                __aeabi_drsub
                0x08000298                __aeabi_dsub
                0x08000298                __subdf3
                0x0800029c                __aeabi_dadd
                0x0800029c                __adddf3
                0x08000514                __floatunsidf
                0x08000514                __aeabi_ui2d
                0x08000534                __floatsidf
                0x08000534                __aeabi_i2d
                0x08000558                __aeabi_f2d
                0x08000558                __extendsfdf2
                0x0800059c                __floatundidf
                0x0800059c                __aeabi_ul2d
                0x080005ac                __floatdidf
                0x080005ac                __aeabi_l2d
 .text          0x08000608      0x424 C:/ST/STM32CubeIDE_1.15.0/STM32CubeIDE/plugins/com.st.stm32cube.ide.mcu.externaltools.gnu-tools-for-stm32.12.3.rel1.win32_1.0.100.202403111256/tools/bin/../lib/gcc/arm-none-eabi/12.3.1/thumb/v7e-m+fp/hard\libgcc.a(_arm_muldivdf3.o)
                0x08000608                __aeabi_dmul
                0x08000608                __muldf3
                0x0800085c                __divdf3
                0x0800085c                __aeabi_ddiv
 .text          0x08000a2c      0x110 C:/ST/STM32CubeIDE_1.15.0/STM32CubeIDE/plugins/com.st.stm32cube.ide.mcu.externaltools.gnu-tools-for-stm32.12.3.rel1.win32_1.0.100.202403111256/tools/bin/../lib/gcc/arm-none-eabi/12.3.1/thumb/v7e-m+fp/hard\libgcc.a(_arm_cmpdf2.o)
                0x08000a2c                __gtdf2
                0x08000a2c                __gedf2
                0x08000a34                __ltdf2
                0x08000a34                __ledf2
                0x08000a3c                __nedf2
                0x08000a3c                __eqdf2
                0x08000a3c                __cmpdf2
                0x08000ab8                __aeabi_cdrcmple
                0x08000ac8                __aeabi_cdcmpeq
                0x08000ac8                __aeabi_cdcmple
                0x08000ad8                __aeabi_dcmpeq
                0x08000aec                __aeabi_dcmplt
                0x08000b00                __aeabi_dcmple
                0x08000b14                __aeabi_dcmpge
                0x08000b28                __aeabi_dcmpgt
 .text          0x08000b3c       0x2c C:/ST/STM32CubeIDE_1.15.0/STM32CubeIDE/plugins/com.st.stm32cube.ide.mcu.externaltools.gnu-tools-for-stm32.12.3.rel1.win32_1.0.100.202403111256/tools/bin/../lib/gcc/arm-none-eabi/12.3.1/thumb/v7e-m+fp/hard\libgcc.a(_arm_unorddf2.o)
                0x08000b3c                __unorddf2
                0x08000b3c                __aeabi_dcmpun
 .text          0x08000b68       0x50 C:/ST/STM32CubeIDE_1.15.0/STM32CubeIDE/plugins/com.st.stm32cube.ide.mcu.externaltools.gnu-tools-for-stm32.12.3.rel1.win32_1.0.100.202403111256/tools/bin/../lib/gcc/arm-none-eabi/12.3.1/thumb/v7e-m+fp/hard\libgcc.a(_arm_fixdfsi.o)
                0x08000b68                __aeabi_d2iz
                0x08000b68                __fixdfsi
 .text          0x08000bb8       0x40 C:/ST/STM32CubeIDE_1.15.0/STM32CubeIDE/plugins/com.st.stm32cube.ide.mcu.externaltools.gnu-tools-for-stm32.12.3.rel1.win32_1.0.100.202403111256/tools/bin/../lib/gcc/arm-none-eabi/12.3.1/thumb/v7e-m+fp/hard\libgcc.a(_arm_fixunsdfsi.o)
                0x08000bb8                __aeabi_d2uiz
                0x08000bb8                __fixunsdfsi
 .text          0x08000bf8       0xa0 C:/ST/STM32CubeIDE_1.15.0/STM32CubeIDE/plugins/com.st.stm32cube.ide.mcu.externaltools.gnu-tools-for-stm32.12.3.rel1.win32_1.0.100.202403111256/tools/bin/../lib/gcc/arm-none-eabi/12.3.1/thumb/v7e-m+fp/hard\libgcc.a(_arm_truncdfsf2.o)
                0x08000bf8                __truncdfsf2
                0x08000bf8                __aeabi_d2f
 .text          0x08000c98       0x30 C:/ST/STM32CubeIDE_1.15.0/STM32CubeIDE/plugins/com.st.stm32cube.ide.mcu.externaltools.gnu-tools-for-stm32.12.3.rel1.win32_1.0.100.202403111256/tools/bin/../lib/gcc/arm-none-eabi/12.3.1/thumb/v7e-m+fp/hard\libgcc.a(_aeabi_uldivmod.o)
                0x08000c98                __aeabi_uldivmod
 .text          0x08000cc8       0x30 C:/ST/STM32CubeIDE_1.15.0/STM32CubeIDE/plugins/com.st.stm32cube.ide.mcu.externaltools.gnu-tools-for-stm32.12.3.rel1.win32_1.0.100.202403111256/tools/bin/../lib/gcc/arm-none-eabi/12.3.1/thumb/v7e-m+fp/hard\libgcc.a(_fixdfdi.o)
                0x08000cc8                __fixdfdi
                0x08000cc8                __aeabi_d2lz
 .text          0x08000cf8       0x3c C:/ST/STM32CubeIDE_1.15.0/STM32CubeIDE/plugins/com.st.stm32cube.ide.mcu.externaltools.gnu-tools-for-stm32.12.3.rel1.win32_1.0.100.202403111256/tools/bin/../lib/gcc/arm-none-eabi/12.3.1/thumb/v7e-m+fp/hard\libgcc.a(_fixunsdfdi.o)
                0x08000cf8                __fixunsdfdi
                0x08000cf8                __aeabi_d2ulz
 .text          0x08000d34      0x2bc C:/ST/STM32CubeIDE_1.15.0/STM32CubeIDE/plugins/com.st.stm32cube.ide.mcu.externaltools.gnu-tools-for-stm32.12.3.rel1.win32_1.0.100.202403111256/tools/bin/../lib/gcc/arm-none-eabi/12.3.1/thumb/v7e-m+fp/hard\libgcc.a(_udivmoddi4.o)
                0x08000d34                __udivmoddi4
 .text          0x08000ff0        0x4 C:/ST/STM32CubeIDE_1.15.0/STM32CubeIDE/plugins/com.st.stm32cube.ide.mcu.externaltools.gnu-tools-for-stm32.12.3.rel1.win32_1.0.100.202403111256/tools/bin/../lib/gcc/arm-none-eabi/12.3.1/thumb/v7e-m+fp/hard\libgcc.a(_dvmd_tls.o)
                0x08000ff0                __aeabi_idiv0
                0x08000ff0                __aeabi_ldiv0
 *(.text*)
 .text.HAL_GPIO_EXTI_Callback
                0x08000ff4       0x16 ./Core/Src/implementation.o
                0x08000ff4                HAL_GPIO_EXTI_Callback
 *fill*         0x0800100a        0x2 
 .text.HAL_TIM_PeriodElapsedCallback
                0x0800100c       0x3c ./Core/Src/implementation.o
                0x0800100c                HAL_TIM_PeriodElapsedCallback
 .text.setupReadingTimer
                0x08001048       0x3a ./Core/Src/implementation.o
                0x08001048                setupReadingTimer
 .text.system_init
                0x08001082       0x7e ./Core/Src/implementation.o
                0x08001082                system_init
 .text.ball_estimation
                0x08001100      0x244 ./Core/Src/implementation.o
                0x08001100                ball_estimation
 *fill*         0x08001344        0x4 
 .text.read_encoder
                0x08001348      0x118 ./Core/Src/implementation.o
                0x08001348                read_encoder
 .text.apply_velocity_input
                0x08001460       0xd4 ./Core/Src/implementation.o
                0x08001460                apply_velocity_input
 *fill*         0x08001534        0x4 
 .text.PID_controller_position
                0x08001538      0x168 ./Core/Src/implementation.o
                0x08001538                PID_controller_position
 .text.ITM_SendChar
                0x080016a0       0x4e ./Core/Src/main.o
 *fill*         0x080016ee        0x2 
 .text.main     0x080016f0      0x1b4 ./Core/Src/main.o
                0x080016f0                main
 .text.SystemClock_Config
                0x080018a4       0xd4 ./Core/Src/main.o
                0x080018a4                SystemClock_Config
 .text.MX_I2C1_Init
                0x08001978       0x5c ./Core/Src/main.o
 .text.MX_TIM1_Init
                0x080019d4       0xac ./Core/Src/main.o
 .text.MX_TIM2_Init
                0x08001a80       0xb0 ./Core/Src/main.o
 .text.MX_TIM3_Init
                0x08001b30       0xa8 ./Core/Src/main.o
 .text.MX_TIM10_Init
                0x08001bd8       0x48 ./Core/Src/main.o
 .text.MX_USART2_UART_Init
                0x08001c20       0x54 ./Core/Src/main.o
 .text.MX_GPIO_Init
                0x08001c74      0x134 ./Core/Src/main.o
 .text.__io_putchar
                0x08001da8       0x1a ./Core/Src/main.o
                0x08001da8                __io_putchar
 *fill*         0x08001dc2        0x2 
 .text.HAL_TIM_IC_CaptureCallback
                0x08001dc4      0x10c ./Core/Src/main.o
                0x08001dc4                HAL_TIM_IC_CaptureCallback
 .text.Error_Handler
                0x08001ed0        0xc ./Core/Src/main.o
                0x08001ed0                Error_Handler
 .text.PID_init
                0x08001edc       0x86 ./Core/Src/pid_controller.o
                0x08001edc                PID_init
 .text.set_limit
                0x08001f62       0x3e ./Core/Src/pid_controller.o
                0x08001f62                set_limit
 .text.PID_update
                0x08001fa0      0x190 ./Core/Src/pid_controller.o
                0x08001fa0                PID_update
 .text.rbpush   0x08002130       0x90 ./Core/Src/ringbuffer.o
                0x08002130                rbpush
 .text.rblast   0x080021c0       0x60 ./Core/Src/ringbuffer.o
                0x080021c0                rblast
 .text.rbget    0x08002220       0x80 ./Core/Src/ringbuffer.o
                0x08002220                rbget
 .text.rbclear  0x080022a0       0x4c ./Core/Src/ringbuffer.o
                0x080022a0                rbclear
 .text.HAL_MspInit
                0x080022ec       0x50 ./Core/Src/stm32f4xx_hal_msp.o
                0x080022ec                HAL_MspInit
 .text.HAL_I2C_MspInit
                0x0800233c       0x90 ./Core/Src/stm32f4xx_hal_msp.o
                0x0800233c                HAL_I2C_MspInit
 .text.HAL_TIM_IC_MspInit
                0x080023cc       0xb0 ./Core/Src/stm32f4xx_hal_msp.o
                0x080023cc                HAL_TIM_IC_MspInit
 .text.HAL_TIM_PWM_MspInit
                0x0800247c       0x40 ./Core/Src/stm32f4xx_hal_msp.o
                0x0800247c                HAL_TIM_PWM_MspInit
 .text.HAL_TIM_Encoder_MspInit
                0x080024bc       0xa0 ./Core/Src/stm32f4xx_hal_msp.o
                0x080024bc                HAL_TIM_Encoder_MspInit
 .text.HAL_TIM_Base_MspInit
                0x0800255c       0x50 ./Core/Src/stm32f4xx_hal_msp.o
                0x0800255c                HAL_TIM_Base_MspInit
 .text.HAL_TIM_MspPostInit
                0x080025ac       0x70 ./Core/Src/stm32f4xx_hal_msp.o
                0x080025ac                HAL_TIM_MspPostInit
 .text.HAL_UART_MspInit
                0x0800261c       0x90 ./Core/Src/stm32f4xx_hal_msp.o
                0x0800261c                HAL_UART_MspInit
 .text.NMI_Handler
                0x080026ac        0x8 ./Core/Src/stm32f4xx_it.o
                0x080026ac                NMI_Handler
 .text.HardFault_Handler
                0x080026b4        0x8 ./Core/Src/stm32f4xx_it.o
                0x080026b4                HardFault_Handler
 .text.MemManage_Handler
                0x080026bc        0x8 ./Core/Src/stm32f4xx_it.o
                0x080026bc                MemManage_Handler
 .text.BusFault_Handler
                0x080026c4        0x8 ./Core/Src/stm32f4xx_it.o
                0x080026c4                BusFault_Handler
 .text.UsageFault_Handler
                0x080026cc        0x8 ./Core/Src/stm32f4xx_it.o
                0x080026cc                UsageFault_Handler
 .text.SVC_Handler
                0x080026d4        0xe ./Core/Src/stm32f4xx_it.o
                0x080026d4                SVC_Handler
 .text.DebugMon_Handler
                0x080026e2        0xe ./Core/Src/stm32f4xx_it.o
                0x080026e2                DebugMon_Handler
 .text.PendSV_Handler
                0x080026f0        0xe ./Core/Src/stm32f4xx_it.o
                0x080026f0                PendSV_Handler
 .text.SysTick_Handler
                0x080026fe        0xc ./Core/Src/stm32f4xx_it.o
                0x080026fe                SysTick_Handler
 *fill*         0x0800270a        0x2 
 .text.TIM1_UP_TIM10_IRQHandler
                0x0800270c       0x1c ./Core/Src/stm32f4xx_it.o
                0x0800270c                TIM1_UP_TIM10_IRQHandler
 .text.TIM1_CC_IRQHandler
                0x08002728       0x14 ./Core/Src/stm32f4xx_it.o
                0x08002728                TIM1_CC_IRQHandler
 .text.TIM3_IRQHandler
                0x0800273c       0x14 ./Core/Src/stm32f4xx_it.o
                0x0800273c                TIM3_IRQHandler
 .text.EXTI15_10_IRQHandler
                0x08002750       0x10 ./Core/Src/stm32f4xx_it.o
                0x08002750                EXTI15_10_IRQHandler
 .text._getpid  0x08002760       0x10 ./Core/Src/syscalls.o
                0x08002760                _getpid
 .text._kill    0x08002770       0x20 ./Core/Src/syscalls.o
                0x08002770                _kill
 .text._exit    0x08002790       0x16 ./Core/Src/syscalls.o
                0x08002790                _exit
 .text._read    0x080027a6       0x3a ./Core/Src/syscalls.o
                0x080027a6                _read
 .text._write   0x080027e0       0x38 ./Core/Src/syscalls.o
                0x080027e0                _write
 .text._close   0x08002818       0x18 ./Core/Src/syscalls.o
                0x08002818                _close
 .text._fstat   0x08002830       0x20 ./Core/Src/syscalls.o
                0x08002830                _fstat
 .text._isatty  0x08002850       0x16 ./Core/Src/syscalls.o
                0x08002850                _isatty
 .text._lseek   0x08002866       0x1a ./Core/Src/syscalls.o
                0x08002866                _lseek
 .text._sbrk    0x08002880       0x6c ./Core/Src/sysmem.o
                0x08002880                _sbrk
 .text.SystemInit
                0x080028ec       0x24 ./Core/Src/system_stm32f4xx.o
                0x080028ec                SystemInit
 .text.Reset_Handler
                0x08002910       0x50 ./Core/Startup/startup_stm32f411retx.o
                0x08002910                Reset_Handler
 .text.Default_Handler
                0x08002960        0x2 ./Core/Startup/startup_stm32f411retx.o
                0x08002960                RTC_Alarm_IRQHandler
                0x08002960                EXTI2_IRQHandler
                0x08002960                SPI4_IRQHandler
                0x08002960                DMA2_Stream5_IRQHandler
                0x08002960                DMA1_Stream5_IRQHandler
                0x08002960                PVD_IRQHandler
                0x08002960                SDIO_IRQHandler
                0x08002960                TAMP_STAMP_IRQHandler
                0x08002960                EXTI3_IRQHandler
                0x08002960                I2C3_ER_IRQHandler
                0x08002960                EXTI0_IRQHandler
                0x08002960                I2C2_EV_IRQHandler
                0x08002960                DMA1_Stream2_IRQHandler
                0x08002960                FPU_IRQHandler
                0x08002960                DMA2_Stream2_IRQHandler
                0x08002960                SPI1_IRQHandler
                0x08002960                TIM1_BRK_TIM9_IRQHandler
                0x08002960                DMA2_Stream3_IRQHandler
                0x08002960                USART6_IRQHandler
                0x08002960                DMA2_Stream0_IRQHandler
                0x08002960                TIM4_IRQHandler
                0x08002960                I2C1_EV_IRQHandler
                0x08002960                DMA1_Stream6_IRQHandler
                0x08002960                DMA1_Stream1_IRQHandler
                0x08002960                RCC_IRQHandler
                0x08002960                Default_Handler
                0x08002960                ADC_IRQHandler
                0x08002960                DMA1_Stream7_IRQHandler
                0x08002960                SPI5_IRQHandler
                0x08002960                TIM5_IRQHandler
                0x08002960                DMA2_Stream7_IRQHandler
                0x08002960                I2C3_EV_IRQHandler
                0x08002960                EXTI9_5_IRQHandler
                0x08002960                RTC_WKUP_IRQHandler
                0x08002960                SPI2_IRQHandler
                0x08002960                DMA1_Stream0_IRQHandler
                0x08002960                EXTI4_IRQHandler
                0x08002960                WWDG_IRQHandler
                0x08002960                TIM2_IRQHandler
                0x08002960                OTG_FS_WKUP_IRQHandler
                0x08002960                TIM1_TRG_COM_TIM11_IRQHandler
                0x08002960                EXTI1_IRQHandler
                0x08002960                USART2_IRQHandler
                0x08002960                I2C2_ER_IRQHandler
                0x08002960                DMA2_Stream1_IRQHandler
                0x08002960                FLASH_IRQHandler
                0x08002960                DMA2_Stream4_IRQHandler
                0x08002960                USART1_IRQHandler
                0x08002960                OTG_FS_IRQHandler
                0x08002960                SPI3_IRQHandler
                0x08002960                DMA1_Stream4_IRQHandler
                0x08002960                I2C1_ER_IRQHandler
                0x08002960                DMA2_Stream6_IRQHandler
                0x08002960                DMA1_Stream3_IRQHandler
 .text.VL53L0X_GetPalErrorString
                0x08002962       0x2c ./Drivers/Librerie/VL53L0X/core/src/vl53l0x_api.o
                0x08002962                VL53L0X_GetPalErrorString
 .text.VL53L0X_GetOffsetCalibrationDataMicroMeter
                0x0800298e       0x26 ./Drivers/Librerie/VL53L0X/core/src/vl53l0x_api.o
                0x0800298e                VL53L0X_GetOffsetCalibrationDataMicroMeter
 .text.VL53L0X_DataInit
                0x080029b4      0x30c ./Drivers/Librerie/VL53L0X/core/src/vl53l0x_api.o
                0x080029b4                VL53L0X_DataInit
 .text.VL53L0X_StaticInit
                0x08002cc0      0x304 ./Drivers/Librerie/VL53L0X/core/src/vl53l0x_api.o
                0x08002cc0                VL53L0X_StaticInit
 .text.VL53L0X_GetDeviceParameters
                0x08002fc4      0x16a ./Drivers/Librerie/VL53L0X/core/src/vl53l0x_api.o
                0x08002fc4                VL53L0X_GetDeviceParameters
 *fill*         0x0800312e        0x2 
 .text.VL53L0X_SetDeviceMode
                0x08003130       0x58 ./Drivers/Librerie/VL53L0X/core/src/vl53l0x_api.o
                0x08003130                VL53L0X_SetDeviceMode
 .text.VL53L0X_GetDeviceMode
                0x08003188       0x26 ./Drivers/Librerie/VL53L0X/core/src/vl53l0x_api.o
                0x08003188                VL53L0X_GetDeviceMode
 .text.VL53L0X_GetFractionEnable
                0x080031ae       0x3e ./Drivers/Librerie/VL53L0X/core/src/vl53l0x_api.o
                0x080031ae                VL53L0X_GetFractionEnable
 .text.VL53L0X_SetMeasurementTimingBudgetMicroSeconds
                0x080031ec       0x26 ./Drivers/Librerie/VL53L0X/core/src/vl53l0x_api.o
                0x080031ec                VL53L0X_SetMeasurementTimingBudgetMicroSeconds
 .text.VL53L0X_GetMeasurementTimingBudgetMicroSeconds
                0x08003212       0x26 ./Drivers/Librerie/VL53L0X/core/src/vl53l0x_api.o
                0x08003212                VL53L0X_GetMeasurementTimingBudgetMicroSeconds
 .text.VL53L0X_SetVcselPulsePeriod
                0x08003238       0x30 ./Drivers/Librerie/VL53L0X/core/src/vl53l0x_api.o
                0x08003238                VL53L0X_SetVcselPulsePeriod
 .text.VL53L0X_GetVcselPulsePeriod
                0x08003268       0x2e ./Drivers/Librerie/VL53L0X/core/src/vl53l0x_api.o
                0x08003268                VL53L0X_GetVcselPulsePeriod
 *fill*         0x08003296        0x2 
 .text.VL53L0X_SetSequenceStepEnable
                0x08003298      0x140 ./Drivers/Librerie/VL53L0X/core/src/vl53l0x_api.o
                0x08003298                VL53L0X_SetSequenceStepEnable
 .text.sequence_step_enabled
                0x080033d8       0xa4 ./Drivers/Librerie/VL53L0X/core/src/vl53l0x_api.o
                0x080033d8                sequence_step_enabled
 .text.VL53L0X_GetSequenceStepEnables
                0x0800347c       0xb0 ./Drivers/Librerie/VL53L0X/core/src/vl53l0x_api.o
                0x0800347c                VL53L0X_GetSequenceStepEnables
 .text.VL53L0X_SetInterMeasurementPeriodMilliSeconds
                0x0800352c       0x68 ./Drivers/Librerie/VL53L0X/core/src/vl53l0x_api.o
                0x0800352c                VL53L0X_SetInterMeasurementPeriodMilliSeconds
 .text.VL53L0X_GetInterMeasurementPeriodMilliSeconds
                0x08003594       0x68 ./Drivers/Librerie/VL53L0X/core/src/vl53l0x_api.o
                0x08003594                VL53L0X_GetInterMeasurementPeriodMilliSeconds
 .text.VL53L0X_GetXTalkCompensationEnable
                0x080035fc       0x2a ./Drivers/Librerie/VL53L0X/core/src/vl53l0x_api.o
                0x080035fc                VL53L0X_GetXTalkCompensationEnable
 .text.VL53L0X_GetXTalkCompensationRateMegaCps
                0x08003626       0x66 ./Drivers/Librerie/VL53L0X/core/src/vl53l0x_api.o
                0x08003626                VL53L0X_GetXTalkCompensationRateMegaCps
 .text.VL53L0X_SetLimitCheckEnable
                0x0800368c      0x118 ./Drivers/Librerie/VL53L0X/core/src/vl53l0x_api.o
                0x0800368c                VL53L0X_SetLimitCheckEnable
 .text.VL53L0X_GetLimitCheckEnable
                0x080037a4       0x46 ./Drivers/Librerie/VL53L0X/core/src/vl53l0x_api.o
                0x080037a4                VL53L0X_GetLimitCheckEnable
 *fill*         0x080037ea        0x2 
 .text.VL53L0X_SetLimitCheckValue
                0x080037ec       0xc4 ./Drivers/Librerie/VL53L0X/core/src/vl53l0x_api.o
                0x080037ec                VL53L0X_SetLimitCheckValue
 .text.VL53L0X_GetLimitCheckValue
                0x080038b0      0x11c ./Drivers/Librerie/VL53L0X/core/src/vl53l0x_api.o
                0x080038b0                VL53L0X_GetLimitCheckValue
 .text.VL53L0X_GetWrapAroundCheckEnable
                0x080039cc       0x64 ./Drivers/Librerie/VL53L0X/core/src/vl53l0x_api.o
                0x080039cc                VL53L0X_GetWrapAroundCheckEnable
 .text.VL53L0X_PerformSingleMeasurement
                0x08003a30       0x68 ./Drivers/Librerie/VL53L0X/core/src/vl53l0x_api.o
                0x08003a30                VL53L0X_PerformSingleMeasurement
 .text.VL53L0X_PerformRefCalibration
                0x08003a98       0x2c ./Drivers/Librerie/VL53L0X/core/src/vl53l0x_api.o
                0x08003a98                VL53L0X_PerformRefCalibration
 .text.VL53L0X_CheckAndLoadInterruptSettings
                0x08003ac4      0x1e4 ./Drivers/Librerie/VL53L0X/core/src/vl53l0x_api.o
                0x08003ac4                VL53L0X_CheckAndLoadInterruptSettings
 .text.VL53L0X_StartMeasurement
                0x08003ca8      0x184 ./Drivers/Librerie/VL53L0X/core/src/vl53l0x_api.o
                0x08003ca8                VL53L0X_StartMeasurement
 .text.VL53L0X_GetMeasurementDataReady
                0x08003e2c       0x80 ./Drivers/Librerie/VL53L0X/core/src/vl53l0x_api.o
                0x08003e2c                VL53L0X_GetMeasurementDataReady
 .text.VL53L0X_GetRangingMeasurementData
                0x08003eac      0x238 ./Drivers/Librerie/VL53L0X/core/src/vl53l0x_api.o
                0x08003eac                VL53L0X_GetRangingMeasurementData
 .text.VL53L0X_PerformSingleRangingMeasurement
                0x080040e4       0x60 ./Drivers/Librerie/VL53L0X/core/src/vl53l0x_api.o
                0x080040e4                VL53L0X_PerformSingleRangingMeasurement
 .text.VL53L0X_SetGpioConfig
                0x08004144      0x244 ./Drivers/Librerie/VL53L0X/core/src/vl53l0x_api.o
                0x08004144                VL53L0X_SetGpioConfig
 .text.VL53L0X_GetInterruptThresholds
                0x08004388       0x68 ./Drivers/Librerie/VL53L0X/core/src/vl53l0x_api.o
                0x08004388                VL53L0X_GetInterruptThresholds
 .text.VL53L0X_ClearInterruptMask
                0x080043f0       0x80 ./Drivers/Librerie/VL53L0X/core/src/vl53l0x_api.o
                0x080043f0                VL53L0X_ClearInterruptMask
 .text.VL53L0X_GetInterruptMaskStatus
                0x08004470       0x44 ./Drivers/Librerie/VL53L0X/core/src/vl53l0x_api.o
                0x08004470                VL53L0X_GetInterruptMaskStatus
 .text.VL53L0X_PerformRefSpadManagement
                0x080044b4       0x2a ./Drivers/Librerie/VL53L0X/core/src/vl53l0x_api.o
                0x080044b4                VL53L0X_PerformRefSpadManagement
 .text.VL53L0X_get_offset_calibration_data_micro_meter
                0x080044de       0x7e ./Drivers/Librerie/VL53L0X/core/src/vl53l0x_api_calibration.o
                0x080044de                VL53L0X_get_offset_calibration_data_micro_meter
 .text.get_next_good_spad
                0x0800455c       0xbc ./Drivers/Librerie/VL53L0X/core/src/vl53l0x_api_calibration.o
                0x0800455c                get_next_good_spad
 .text.is_aperture
                0x08004618       0x34 ./Drivers/Librerie/VL53L0X/core/src/vl53l0x_api_calibration.o
                0x08004618                is_aperture
 .text.enable_spad_bit
                0x0800464c       0x70 ./Drivers/Librerie/VL53L0X/core/src/vl53l0x_api_calibration.o
                0x0800464c                enable_spad_bit
 .text.set_ref_spad_map
                0x080046bc       0x26 ./Drivers/Librerie/VL53L0X/core/src/vl53l0x_api_calibration.o
                0x080046bc                set_ref_spad_map
 .text.get_ref_spad_map
                0x080046e2       0x26 ./Drivers/Librerie/VL53L0X/core/src/vl53l0x_api_calibration.o
                0x080046e2                get_ref_spad_map
 .text.enable_ref_spads
                0x08004708       0xf8 ./Drivers/Librerie/VL53L0X/core/src/vl53l0x_api_calibration.o
                0x08004708                enable_ref_spads
 .text.perform_ref_signal_measurement
                0x08004800       0xd4 ./Drivers/Librerie/VL53L0X/core/src/vl53l0x_api_calibration.o
                0x08004800                perform_ref_signal_measurement
 .text.VL53L0X_perform_ref_spad_management
                0x080048d4      0x418 ./Drivers/Librerie/VL53L0X/core/src/vl53l0x_api_calibration.o
                0x080048d4                VL53L0X_perform_ref_spad_management
 .text.VL53L0X_set_reference_spads
                0x08004cec      0x14a ./Drivers/Librerie/VL53L0X/core/src/vl53l0x_api_calibration.o
                0x08004cec                VL53L0X_set_reference_spads
 .text.VL53L0X_perform_single_ref_calibration
                0x08004e36       0x76 ./Drivers/Librerie/VL53L0X/core/src/vl53l0x_api_calibration.o
                0x08004e36                VL53L0X_perform_single_ref_calibration
 .text.VL53L0X_ref_calibration_io
                0x08004eac      0x132 ./Drivers/Librerie/VL53L0X/core/src/vl53l0x_api_calibration.o
                0x08004eac                VL53L0X_ref_calibration_io
 .text.VL53L0X_perform_vhv_calibration
                0x08004fde       0xce ./Drivers/Librerie/VL53L0X/core/src/vl53l0x_api_calibration.o
                0x08004fde                VL53L0X_perform_vhv_calibration
 .text.VL53L0X_perform_phase_calibration
                0x080050ac       0xca ./Drivers/Librerie/VL53L0X/core/src/vl53l0x_api_calibration.o
                0x080050ac                VL53L0X_perform_phase_calibration
 .text.VL53L0X_perform_ref_calibration
                0x08005176       0x7a ./Drivers/Librerie/VL53L0X/core/src/vl53l0x_api_calibration.o
                0x08005176                VL53L0X_perform_ref_calibration
 .text.VL53L0X_measurement_poll_for_completion
                0x080051f0       0x60 ./Drivers/Librerie/VL53L0X/core/src/vl53l0x_api_core.o
                0x080051f0                VL53L0X_measurement_poll_for_completion
 .text.VL53L0X_decode_vcsel_period
                0x08005250       0x26 ./Drivers/Librerie/VL53L0X/core/src/vl53l0x_api_core.o
                0x08005250                VL53L0X_decode_vcsel_period
 .text.VL53L0X_encode_vcsel_period
                0x08005276       0x26 ./Drivers/Librerie/VL53L0X/core/src/vl53l0x_api_core.o
                0x08005276                VL53L0X_encode_vcsel_period
 .text.VL53L0X_isqrt
                0x0800529c       0x68 ./Drivers/Librerie/VL53L0X/core/src/vl53l0x_api_core.o
                0x0800529c                VL53L0X_isqrt
 .text.VL53L0X_device_read_strobe
                0x08005304       0x86 ./Drivers/Librerie/VL53L0X/core/src/vl53l0x_api_core.o
                0x08005304                VL53L0X_device_read_strobe
 .text.VL53L0X_get_info_from_device
                0x0800538a      0x99c ./Drivers/Librerie/VL53L0X/core/src/vl53l0x_api_core.o
                0x0800538a                VL53L0X_get_info_from_device
 .text.VL53L0X_calc_macro_period_ps
                0x08005d26       0x3c ./Drivers/Librerie/VL53L0X/core/src/vl53l0x_api_core.o
                0x08005d26                VL53L0X_calc_macro_period_ps
 .text.VL53L0X_encode_timeout
                0x08005d62       0x54 ./Drivers/Librerie/VL53L0X/core/src/vl53l0x_api_core.o
                0x08005d62                VL53L0X_encode_timeout
 .text.VL53L0X_decode_timeout
                0x08005db6       0x2c ./Drivers/Librerie/VL53L0X/core/src/vl53l0x_api_core.o
                0x08005db6                VL53L0X_decode_timeout
 *fill*         0x08005de2        0x2 
 .text.VL53L0X_calc_timeout_mclks
                0x08005de4       0x54 ./Drivers/Librerie/VL53L0X/core/src/vl53l0x_api_core.o
                0x08005de4                VL53L0X_calc_timeout_mclks
 .text.VL53L0X_calc_timeout_us
                0x08005e38       0x54 ./Drivers/Librerie/VL53L0X/core/src/vl53l0x_api_core.o
                0x08005e38                VL53L0X_calc_timeout_us
 .text.get_sequence_step_timeout
                0x08005e8c      0x1c0 ./Drivers/Librerie/VL53L0X/core/src/vl53l0x_api_core.o
                0x08005e8c                get_sequence_step_timeout
 .text.set_sequence_step_timeout
                0x0800604c      0x1e4 ./Drivers/Librerie/VL53L0X/core/src/vl53l0x_api_core.o
                0x0800604c                set_sequence_step_timeout
 .text.VL53L0X_set_vcsel_pulse_period
                0x08006230      0x50e ./Drivers/Librerie/VL53L0X/core/src/vl53l0x_api_core.o
                0x08006230                VL53L0X_set_vcsel_pulse_period
 .text.VL53L0X_get_vcsel_pulse_period
                0x0800673e       0x6e ./Drivers/Librerie/VL53L0X/core/src/vl53l0x_api_core.o
                0x0800673e                VL53L0X_get_vcsel_pulse_period
 .text.VL53L0X_set_measurement_timing_budget_micro_seconds
                0x080067ac      0x1a6 ./Drivers/Librerie/VL53L0X/core/src/vl53l0x_api_core.o
                0x080067ac                VL53L0X_set_measurement_timing_budget_micro_seconds
 .text.VL53L0X_get_measurement_timing_budget_micro_seconds
                0x08006952      0x162 ./Drivers/Librerie/VL53L0X/core/src/vl53l0x_api_core.o
                0x08006952                VL53L0X_get_measurement_timing_budget_micro_seconds
 .text.VL53L0X_load_tuning_settings
                0x08006ab4      0x1c4 ./Drivers/Librerie/VL53L0X/core/src/vl53l0x_api_core.o
                0x08006ab4                VL53L0X_load_tuning_settings
 .text.VL53L0X_get_total_xtalk_rate
                0x08006c78       0x5e ./Drivers/Librerie/VL53L0X/core/src/vl53l0x_api_core.o
                0x08006c78                VL53L0X_get_total_xtalk_rate
 .text.VL53L0X_get_total_signal_rate
                0x08006cd6       0x4a ./Drivers/Librerie/VL53L0X/core/src/vl53l0x_api_core.o
                0x08006cd6                VL53L0X_get_total_signal_rate
 .text.get_dmax_lut_points
                0x08006d20       0x8e ./Drivers/Librerie/VL53L0X/core/src/vl53l0x_api_core.o
                0x08006d20                get_dmax_lut_points
 .text.VL53L0X_calc_dmax
                0x08006dae      0x14c ./Drivers/Librerie/VL53L0X/core/src/vl53l0x_api_core.o
                0x08006dae                VL53L0X_calc_dmax
 *fill*         0x08006efa        0x2 
 .text.VL53L0X_calc_sigma_estimate
                0x08006efc      0x45c ./Drivers/Librerie/VL53L0X/core/src/vl53l0x_api_core.o
                0x08006efc                VL53L0X_calc_sigma_estimate
 .text.VL53L0X_get_pal_range_status
                0x08007358      0x3c4 ./Drivers/Librerie/VL53L0X/core/src/vl53l0x_api_core.o
                0x08007358                VL53L0X_get_pal_range_status
 .text.VL53L0X_get_pal_error_string
                0x0800771c      0x404 ./Drivers/Librerie/VL53L0X/core/src/vl53l0x_api_strings.o
                0x0800771c                VL53L0X_get_pal_error_string
 .text.cont_lidar_init
                0x08007b20      0x150 ./Drivers/Librerie/VL53L0X/lidarvl53.o
                0x08007b20                cont_lidar_init
 .text.startMeasurement
                0x08007c70       0x18 ./Drivers/Librerie/VL53L0X/lidarvl53.o
                0x08007c70                startMeasurement
 .text.getRangeData
                0x08007c88       0x54 ./Drivers/Librerie/VL53L0X/lidarvl53.o
                0x08007c88                getRangeData
 .text.print_pal_error
                0x08007cdc       0x38 ./Drivers/Librerie/VL53L0X/lidarvl53.o
                0x08007cdc                print_pal_error
 .text._I2CWrite
                0x08007d14       0x3e ./Drivers/Librerie/VL53L0X/platform/src/vl53l0x_platform.o
                0x08007d14                _I2CWrite
 .text._I2CRead
                0x08007d52       0x44 ./Drivers/Librerie/VL53L0X/platform/src/vl53l0x_platform.o
                0x08007d52                _I2CRead
 *fill*         0x08007d96        0x2 
 .text.VL53L0X_WriteMulti
                0x08007d98       0x60 ./Drivers/Librerie/VL53L0X/platform/src/vl53l0x_platform.o
                0x08007d98                VL53L0X_WriteMulti
 .text.VL53L0X_ReadMulti
                0x08007df8       0x56 ./Drivers/Librerie/VL53L0X/platform/src/vl53l0x_platform.o
                0x08007df8                VL53L0X_ReadMulti
 *fill*         0x08007e4e        0x2 
 .text.VL53L0X_WrByte
                0x08007e50       0x48 ./Drivers/Librerie/VL53L0X/platform/src/vl53l0x_platform.o
                0x08007e50                VL53L0X_WrByte
 .text.VL53L0X_WrWord
                0x08007e98       0x54 ./Drivers/Librerie/VL53L0X/platform/src/vl53l0x_platform.o
                0x08007e98                VL53L0X_WrWord
 .text.VL53L0X_WrDWord
                0x08007eec       0x64 ./Drivers/Librerie/VL53L0X/platform/src/vl53l0x_platform.o
                0x08007eec                VL53L0X_WrDWord
 .text.VL53L0X_UpdateByte
                0x08007f50       0x68 ./Drivers/Librerie/VL53L0X/platform/src/vl53l0x_platform.o
                0x08007f50                VL53L0X_UpdateByte
 .text.VL53L0X_RdByte
                0x08007fb8       0x54 ./Drivers/Librerie/VL53L0X/platform/src/vl53l0x_platform.o
                0x08007fb8                VL53L0X_RdByte
 .text.VL53L0X_RdWord
                0x0800800c       0x6c ./Drivers/Librerie/VL53L0X/platform/src/vl53l0x_platform.o
                0x0800800c                VL53L0X_RdWord
 .text.VL53L0X_RdDWord
                0x08008078       0x78 ./Drivers/Librerie/VL53L0X/platform/src/vl53l0x_platform.o
                0x08008078                VL53L0X_RdDWord
 .text.VL53L0X_PollingDelay
                0x080080f0       0x1e ./Drivers/Librerie/VL53L0X/platform/src/vl53l0x_platform.o
                0x080080f0                VL53L0X_PollingDelay
 *fill*         0x0800810e        0x2 
 .text.HAL_Init
                0x08008110       0x44 ./Drivers/STM32F4xx_HAL_Driver/Src/stm32f4xx_hal.o
                0x08008110                HAL_Init
 .text.HAL_InitTick
                0x08008154       0x60 ./Drivers/STM32F4xx_HAL_Driver/Src/stm32f4xx_hal.o
                0x08008154                HAL_InitTick
 .text.HAL_IncTick
                0x080081b4       0x28 ./Drivers/STM32F4xx_HAL_Driver/Src/stm32f4xx_hal.o
                0x080081b4                HAL_IncTick
 .text.HAL_GetTick
                0x080081dc       0x18 ./Drivers/STM32F4xx_HAL_Driver/Src/stm32f4xx_hal.o
                0x080081dc                HAL_GetTick
 .text.HAL_Delay
                0x080081f4       0x48 ./Drivers/STM32F4xx_HAL_Driver/Src/stm32f4xx_hal.o
                0x080081f4                HAL_Delay
 .text.__NVIC_SetPriorityGrouping
                0x0800823c       0x48 ./Drivers/STM32F4xx_HAL_Driver/Src/stm32f4xx_hal_cortex.o
 .text.__NVIC_GetPriorityGrouping
                0x08008284       0x1c ./Drivers/STM32F4xx_HAL_Driver/Src/stm32f4xx_hal_cortex.o
 .text.__NVIC_EnableIRQ
                0x080082a0       0x3c ./Drivers/STM32F4xx_HAL_Driver/Src/stm32f4xx_hal_cortex.o
 .text.__NVIC_SetPriority
                0x080082dc       0x54 ./Drivers/STM32F4xx_HAL_Driver/Src/stm32f4xx_hal_cortex.o
 .text.NVIC_EncodePriority
                0x08008330       0x66 ./Drivers/STM32F4xx_HAL_Driver/Src/stm32f4xx_hal_cortex.o
 *fill*         0x08008396        0x2 
 .text.SysTick_Config
                0x08008398       0x44 ./Drivers/STM32F4xx_HAL_Driver/Src/stm32f4xx_hal_cortex.o
 .text.HAL_NVIC_SetPriorityGrouping
                0x080083dc       0x16 ./Drivers/STM32F4xx_HAL_Driver/Src/stm32f4xx_hal_cortex.o
                0x080083dc                HAL_NVIC_SetPriorityGrouping
 .text.HAL_NVIC_SetPriority
                0x080083f2       0x38 ./Drivers/STM32F4xx_HAL_Driver/Src/stm32f4xx_hal_cortex.o
                0x080083f2                HAL_NVIC_SetPriority
 .text.HAL_NVIC_EnableIRQ
                0x0800842a       0x1c ./Drivers/STM32F4xx_HAL_Driver/Src/stm32f4xx_hal_cortex.o
                0x0800842a                HAL_NVIC_EnableIRQ
 .text.HAL_SYSTICK_Config
                0x08008446       0x18 ./Drivers/STM32F4xx_HAL_Driver/Src/stm32f4xx_hal_cortex.o
                0x08008446                HAL_SYSTICK_Config
 *fill*         0x0800845e        0x2 
 .text.HAL_GPIO_Init
                0x08008460      0x308 ./Drivers/STM32F4xx_HAL_Driver/Src/stm32f4xx_hal_gpio.o
                0x08008460                HAL_GPIO_Init
 .text.HAL_GPIO_WritePin
                0x08008768       0x32 ./Drivers/STM32F4xx_HAL_Driver/Src/stm32f4xx_hal_gpio.o
                0x08008768                HAL_GPIO_WritePin
 *fill*         0x0800879a        0x2 
 .text.HAL_GPIO_EXTI_IRQHandler
                0x0800879c       0x30 ./Drivers/STM32F4xx_HAL_Driver/Src/stm32f4xx_hal_gpio.o
                0x0800879c                HAL_GPIO_EXTI_IRQHandler
 .text.HAL_I2C_Init
                0x080087cc      0x288 ./Drivers/STM32F4xx_HAL_Driver/Src/stm32f4xx_hal_i2c.o
                0x080087cc                HAL_I2C_Init
 .text.HAL_I2C_Master_Transmit
                0x08008a54      0x1fc ./Drivers/STM32F4xx_HAL_Driver/Src/stm32f4xx_hal_i2c.o
                0x08008a54                HAL_I2C_Master_Transmit
 .text.HAL_I2C_Master_Receive
                0x08008c50      0x464 ./Drivers/STM32F4xx_HAL_Driver/Src/stm32f4xx_hal_i2c.o
                0x08008c50                HAL_I2C_Master_Receive
 .text.I2C_MasterRequestWrite
                0x080090b4      0x104 ./Drivers/STM32F4xx_HAL_Driver/Src/stm32f4xx_hal_i2c.o
 .text.I2C_MasterRequestRead
                0x080091b8      0x19c ./Drivers/STM32F4xx_HAL_Driver/Src/stm32f4xx_hal_i2c.o
 .text.I2C_WaitOnFlagUntilTimeout
                0x08009354       0xf4 ./Drivers/STM32F4xx_HAL_Driver/Src/stm32f4xx_hal_i2c.o
 .text.I2C_WaitOnMasterAddressFlagUntilTimeout
                0x08009448      0x140 ./Drivers/STM32F4xx_HAL_Driver/Src/stm32f4xx_hal_i2c.o
 .text.I2C_WaitOnTXEFlagUntilTimeout
                0x08009588       0x90 ./Drivers/STM32F4xx_HAL_Driver/Src/stm32f4xx_hal_i2c.o
 .text.I2C_WaitOnBTFFlagUntilTimeout
                0x08009618       0x90 ./Drivers/STM32F4xx_HAL_Driver/Src/stm32f4xx_hal_i2c.o
 .text.I2C_WaitOnRXNEFlagUntilTimeout
                0x080096a8       0xba ./Drivers/STM32F4xx_HAL_Driver/Src/stm32f4xx_hal_i2c.o
 .text.I2C_IsAcknowledgeFailed
                0x08009762       0x5e ./Drivers/STM32F4xx_HAL_Driver/Src/stm32f4xx_hal_i2c.o
 .text.HAL_RCC_OscConfig
                0x080097c0      0x4f0 ./Drivers/STM32F4xx_HAL_Driver/Src/stm32f4xx_hal_rcc.o
                0x080097c0                HAL_RCC_OscConfig
 .text.HAL_RCC_ClockConfig
                0x08009cb0      0x1cc ./Drivers/STM32F4xx_HAL_Driver/Src/stm32f4xx_hal_rcc.o
                0x08009cb0                HAL_RCC_ClockConfig
 .text.HAL_RCC_GetSysClockFreq
                0x08009e7c      0x20c ./Drivers/STM32F4xx_HAL_Driver/Src/stm32f4xx_hal_rcc.o
                0x08009e7c                HAL_RCC_GetSysClockFreq
 .text.HAL_RCC_GetHCLKFreq
                0x0800a088       0x18 ./Drivers/STM32F4xx_HAL_Driver/Src/stm32f4xx_hal_rcc.o
                0x0800a088                HAL_RCC_GetHCLKFreq
 .text.HAL_RCC_GetPCLK1Freq
                0x0800a0a0       0x28 ./Drivers/STM32F4xx_HAL_Driver/Src/stm32f4xx_hal_rcc.o
                0x0800a0a0                HAL_RCC_GetPCLK1Freq
 .text.HAL_RCC_GetPCLK2Freq
                0x0800a0c8       0x28 ./Drivers/STM32F4xx_HAL_Driver/Src/stm32f4xx_hal_rcc.o
                0x0800a0c8                HAL_RCC_GetPCLK2Freq
 .text.HAL_TIM_Base_Init
                0x0800a0f0       0x9e ./Drivers/STM32F4xx_HAL_Driver/Src/stm32f4xx_hal_tim.o
                0x0800a0f0                HAL_TIM_Base_Init
 *fill*         0x0800a18e        0x2 
 .text.HAL_TIM_Base_Start_IT
                0x0800a190       0xc4 ./Drivers/STM32F4xx_HAL_Driver/Src/stm32f4xx_hal_tim.o
                0x0800a190                HAL_TIM_Base_Start_IT
 .text.HAL_TIM_PWM_Init
                0x0800a254       0x9e ./Drivers/STM32F4xx_HAL_Driver/Src/stm32f4xx_hal_tim.o
                0x0800a254                HAL_TIM_PWM_Init
 *fill*         0x0800a2f2        0x2 
 .text.HAL_TIM_PWM_Start
                0x0800a2f4      0x160 ./Drivers/STM32F4xx_HAL_Driver/Src/stm32f4xx_hal_tim.o
                0x0800a2f4                HAL_TIM_PWM_Start
 .text.HAL_TIM_IC_Init
                0x0800a454       0x9e ./Drivers/STM32F4xx_HAL_Driver/Src/stm32f4xx_hal_tim.o
                0x0800a454                HAL_TIM_IC_Init
 .text.HAL_TIM_Encoder_Init
                0x0800a4f2      0x14c ./Drivers/STM32F4xx_HAL_Driver/Src/stm32f4xx_hal_tim.o
                0x0800a4f2                HAL_TIM_Encoder_Init
 .text.HAL_TIM_IRQHandler
                0x0800a63e      0x1e0 ./Drivers/STM32F4xx_HAL_Driver/Src/stm32f4xx_hal_tim.o
                0x0800a63e                HAL_TIM_IRQHandler
 .text.HAL_TIM_IC_ConfigChannel
                0x0800a81e      0x138 ./Drivers/STM32F4xx_HAL_Driver/Src/stm32f4xx_hal_tim.o
                0x0800a81e                HAL_TIM_IC_ConfigChannel
 *fill*         0x0800a956        0x2 
 .text.HAL_TIM_PWM_ConfigChannel
                0x0800a958      0x184 ./Drivers/STM32F4xx_HAL_Driver/Src/stm32f4xx_hal_tim.o
                0x0800a958                HAL_TIM_PWM_ConfigChannel
 .text.HAL_TIM_ReadCapturedValue
                0x0800aadc       0x88 ./Drivers/STM32F4xx_HAL_Driver/Src/stm32f4xx_hal_tim.o
                0x0800aadc                HAL_TIM_ReadCapturedValue
 .text.HAL_TIM_OC_DelayElapsedCallback
                0x0800ab64       0x14 ./Drivers/STM32F4xx_HAL_Driver/Src/stm32f4xx_hal_tim.o
                0x0800ab64                HAL_TIM_OC_DelayElapsedCallback
 .text.HAL_TIM_PWM_PulseFinishedCallback
                0x0800ab78       0x14 ./Drivers/STM32F4xx_HAL_Driver/Src/stm32f4xx_hal_tim.o
                0x0800ab78                HAL_TIM_PWM_PulseFinishedCallback
 .text.HAL_TIM_TriggerCallback
                0x0800ab8c       0x14 ./Drivers/STM32F4xx_HAL_Driver/Src/stm32f4xx_hal_tim.o
                0x0800ab8c                HAL_TIM_TriggerCallback
 .text.TIM_Base_SetConfig
                0x0800aba0      0x118 ./Drivers/STM32F4xx_HAL_Driver/Src/stm32f4xx_hal_tim.o
                0x0800aba0                TIM_Base_SetConfig
 .text.TIM_OC1_SetConfig
                0x0800acb8       0xcc ./Drivers/STM32F4xx_HAL_Driver/Src/stm32f4xx_hal_tim.o
 .text.TIM_OC2_SetConfig
                0x0800ad84       0xd8 ./Drivers/STM32F4xx_HAL_Driver/Src/stm32f4xx_hal_tim.o
                0x0800ad84                TIM_OC2_SetConfig
 .text.TIM_OC3_SetConfig
                0x0800ae5c       0xd4 ./Drivers/STM32F4xx_HAL_Driver/Src/stm32f4xx_hal_tim.o
 .text.TIM_OC4_SetConfig
                0x0800af30       0xa0 ./Drivers/STM32F4xx_HAL_Driver/Src/stm32f4xx_hal_tim.o
 .text.TIM_TI1_SetConfig
                0x0800afd0       0xd0 ./Drivers/STM32F4xx_HAL_Driver/Src/stm32f4xx_hal_tim.o
                0x0800afd0                TIM_TI1_SetConfig
 .text.TIM_TI2_SetConfig
                0x0800b0a0       0x7a ./Drivers/STM32F4xx_HAL_Driver/Src/stm32f4xx_hal_tim.o
 .text.TIM_TI3_SetConfig
                0x0800b11a       0x78 ./Drivers/STM32F4xx_HAL_Driver/Src/stm32f4xx_hal_tim.o
 .text.TIM_TI4_SetConfig
                0x0800b192       0x7a ./Drivers/STM32F4xx_HAL_Driver/Src/stm32f4xx_hal_tim.o
 .text.TIM_CCxChannelCmd
                0x0800b20c       0x4a ./Drivers/STM32F4xx_HAL_Driver/Src/stm32f4xx_hal_tim.o
                0x0800b20c                TIM_CCxChannelCmd
 *fill*         0x0800b256        0x2 
 .text.HAL_TIMEx_MasterConfigSynchronization
                0x0800b258       0xdc ./Drivers/STM32F4xx_HAL_Driver/Src/stm32f4xx_hal_tim_ex.o
                0x0800b258                HAL_TIMEx_MasterConfigSynchronization
 .text.HAL_TIMEx_CommutCallback
                0x0800b334       0x14 ./Drivers/STM32F4xx_HAL_Driver/Src/stm32f4xx_hal_tim_ex.o
                0x0800b334                HAL_TIMEx_CommutCallback
 .text.HAL_TIMEx_BreakCallback
                0x0800b348       0x14 ./Drivers/STM32F4xx_HAL_Driver/Src/stm32f4xx_hal_tim_ex.o
                0x0800b348                HAL_TIMEx_BreakCallback
 .text.HAL_UART_Init
                0x0800b35c       0xa0 ./Drivers/STM32F4xx_HAL_Driver/Src/stm32f4xx_hal_uart.o
                0x0800b35c                HAL_UART_Init
 .text.UART_SetConfig
                0x0800b3fc      0x4e8 ./Drivers/STM32F4xx_HAL_Driver/Src/stm32f4xx_hal_uart.o
 .text.__cvt    0x0800b8e4       0xca C:/ST/STM32CubeIDE_1.15.0/STM32CubeIDE/plugins/com.st.stm32cube.ide.mcu.externaltools.gnu-tools-for-stm32.12.3.rel1.win32_1.0.100.202403111256/tools/bin/../lib/gcc/arm-none-eabi/12.3.1/../../../../arm-none-eabi/lib/thumb/v7e-m+fp/hard\libc_nano.a(libc_a-nano-vfprintf_float.o)
                0x0800b8e4                __cvt
 .text.__exponent
                0x0800b9ae       0x74 C:/ST/STM32CubeIDE_1.15.0/STM32CubeIDE/plugins/com.st.stm32cube.ide.mcu.externaltools.gnu-tools-for-stm32.12.3.rel1.win32_1.0.100.202403111256/tools/bin/../lib/gcc/arm-none-eabi/12.3.1/../../../../arm-none-eabi/lib/thumb/v7e-m+fp/hard\libc_nano.a(libc_a-nano-vfprintf_float.o)
                0x0800b9ae                __exponent
 *fill*         0x0800ba22        0x2 
 .text._printf_float
                0x0800ba24      0x454 C:/ST/STM32CubeIDE_1.15.0/STM32CubeIDE/plugins/com.st.stm32cube.ide.mcu.externaltools.gnu-tools-for-stm32.12.3.rel1.win32_1.0.100.202403111256/tools/bin/../lib/gcc/arm-none-eabi/12.3.1/../../../../arm-none-eabi/lib/thumb/v7e-m+fp/hard\libc_nano.a(libc_a-nano-vfprintf_float.o)
                0x0800ba24                _printf_float
 .text._printf_common
                0x0800be78       0xda C:/ST/STM32CubeIDE_1.15.0/STM32CubeIDE/plugins/com.st.stm32cube.ide.mcu.externaltools.gnu-tools-for-stm32.12.3.rel1.win32_1.0.100.202403111256/tools/bin/../lib/gcc/arm-none-eabi/12.3.1/../../../../arm-none-eabi/lib/thumb/v7e-m+fp/hard\libc_nano.a(libc_a-nano-vfprintf_i.o)
                0x0800be78                _printf_common
 *fill*         0x0800bf52        0x2 
 .text._printf_i
                0x0800bf54      0x240 C:/ST/STM32CubeIDE_1.15.0/STM32CubeIDE/plugins/com.st.stm32cube.ide.mcu.externaltools.gnu-tools-for-stm32.12.3.rel1.win32_1.0.100.202403111256/tools/bin/../lib/gcc/arm-none-eabi/12.3.1/../../../../arm-none-eabi/lib/thumb/v7e-m+fp/hard\libc_nano.a(libc_a-nano-vfprintf_i.o)
                0x0800bf54                _printf_i
 .text._scanf_float
                0x0800c194      0x428 C:/ST/STM32CubeIDE_1.15.0/STM32CubeIDE/plugins/com.st.stm32cube.ide.mcu.externaltools.gnu-tools-for-stm32.12.3.rel1.win32_1.0.100.202403111256/tools/bin/../lib/gcc/arm-none-eabi/12.3.1/../../../../arm-none-eabi/lib/thumb/v7e-m+fp/hard\libc_nano.a(libc_a-nano-vfscanf_float.o)
                0x0800c194                _scanf_float
 .text.__sflush_r
                0x0800c5bc      0x108 C:/ST/STM32CubeIDE_1.15.0/STM32CubeIDE/plugins/com.st.stm32cube.ide.mcu.externaltools.gnu-tools-for-stm32.12.3.rel1.win32_1.0.100.202403111256/tools/bin/../lib/gcc/arm-none-eabi/12.3.1/../../../../arm-none-eabi/lib/thumb/v7e-m+fp/hard\libc_nano.a(libc_a-fflush.o)
                0x0800c5bc                __sflush_r
 .text._fflush_r
                0x0800c6c4       0x50 C:/ST/STM32CubeIDE_1.15.0/STM32CubeIDE/plugins/com.st.stm32cube.ide.mcu.externaltools.gnu-tools-for-stm32.12.3.rel1.win32_1.0.100.202403111256/tools/bin/../lib/gcc/arm-none-eabi/12.3.1/../../../../arm-none-eabi/lib/thumb/v7e-m+fp/hard\libc_nano.a(libc_a-fflush.o)
                0x0800c6c4                _fflush_r
 .text.fflush   0x0800c714       0x28 C:/ST/STM32CubeIDE_1.15.0/STM32CubeIDE/plugins/com.st.stm32cube.ide.mcu.externaltools.gnu-tools-for-stm32.12.3.rel1.win32_1.0.100.202403111256/tools/bin/../lib/gcc/arm-none-eabi/12.3.1/../../../../arm-none-eabi/lib/thumb/v7e-m+fp/hard\libc_nano.a(libc_a-fflush.o)
                0x0800c714                fflush
 .text.std      0x0800c73c       0x6c C:/ST/STM32CubeIDE_1.15.0/STM32CubeIDE/plugins/com.st.stm32cube.ide.mcu.externaltools.gnu-tools-for-stm32.12.3.rel1.win32_1.0.100.202403111256/tools/bin/../lib/gcc/arm-none-eabi/12.3.1/../../../../arm-none-eabi/lib/thumb/v7e-m+fp/hard\libc_nano.a(libc_a-findfp.o)
 .text.stdio_exit_handler
                0x0800c7a8       0x18 C:/ST/STM32CubeIDE_1.15.0/STM32CubeIDE/plugins/com.st.stm32cube.ide.mcu.externaltools.gnu-tools-for-stm32.12.3.rel1.win32_1.0.100.202403111256/tools/bin/../lib/gcc/arm-none-eabi/12.3.1/../../../../arm-none-eabi/lib/thumb/v7e-m+fp/hard\libc_nano.a(libc_a-findfp.o)
 .text.cleanup_stdio
                0x0800c7c0       0x40 C:/ST/STM32CubeIDE_1.15.0/STM32CubeIDE/plugins/com.st.stm32cube.ide.mcu.externaltools.gnu-tools-for-stm32.12.3.rel1.win32_1.0.100.202403111256/tools/bin/../lib/gcc/arm-none-eabi/12.3.1/../../../../arm-none-eabi/lib/thumb/v7e-m+fp/hard\libc_nano.a(libc_a-findfp.o)
 .text.global_stdio_init.part.0
                0x0800c800       0x3c C:/ST/STM32CubeIDE_1.15.0/STM32CubeIDE/plugins/com.st.stm32cube.ide.mcu.externaltools.gnu-tools-for-stm32.12.3.rel1.win32_1.0.100.202403111256/tools/bin/../lib/gcc/arm-none-eabi/12.3.1/../../../../arm-none-eabi/lib/thumb/v7e-m+fp/hard\libc_nano.a(libc_a-findfp.o)
 .text.__sfp_lock_acquire
                0x0800c83c        0xc C:/ST/STM32CubeIDE_1.15.0/STM32CubeIDE/plugins/com.st.stm32cube.ide.mcu.externaltools.gnu-tools-for-stm32.12.3.rel1.win32_1.0.100.202403111256/tools/bin/../lib/gcc/arm-none-eabi/12.3.1/../../../../arm-none-eabi/lib/thumb/v7e-m+fp/hard\libc_nano.a(libc_a-findfp.o)
                0x0800c83c                __sfp_lock_acquire
 .text.__sfp_lock_release
                0x0800c848        0xc C:/ST/STM32CubeIDE_1.15.0/STM32CubeIDE/plugins/com.st.stm32cube.ide.mcu.externaltools.gnu-tools-for-stm32.12.3.rel1.win32_1.0.100.202403111256/tools/bin/../lib/gcc/arm-none-eabi/12.3.1/../../../../arm-none-eabi/lib/thumb/v7e-m+fp/hard\libc_nano.a(libc_a-findfp.o)
                0x0800c848                __sfp_lock_release
 .text.__sinit  0x0800c854       0x30 C:/ST/STM32CubeIDE_1.15.0/STM32CubeIDE/plugins/com.st.stm32cube.ide.mcu.externaltools.gnu-tools-for-stm32.12.3.rel1.win32_1.0.100.202403111256/tools/bin/../lib/gcc/arm-none-eabi/12.3.1/../../../../arm-none-eabi/lib/thumb/v7e-m+fp/hard\libc_nano.a(libc_a-findfp.o)
                0x0800c854                __sinit
 .text._fwalk_sglue
                0x0800c884       0x3c C:/ST/STM32CubeIDE_1.15.0/STM32CubeIDE/plugins/com.st.stm32cube.ide.mcu.externaltools.gnu-tools-for-stm32.12.3.rel1.win32_1.0.100.202403111256/tools/bin/../lib/gcc/arm-none-eabi/12.3.1/../../../../arm-none-eabi/lib/thumb/v7e-m+fp/hard\libc_nano.a(libc_a-fwalk.o)
                0x0800c884                _fwalk_sglue
 .text.printf   0x0800c8c0       0x24 C:/ST/STM32CubeIDE_1.15.0/STM32CubeIDE/plugins/com.st.stm32cube.ide.mcu.externaltools.gnu-tools-for-stm32.12.3.rel1.win32_1.0.100.202403111256/tools/bin/../lib/gcc/arm-none-eabi/12.3.1/../../../../arm-none-eabi/lib/thumb/v7e-m+fp/hard\libc_nano.a(libc_a-printf.o)
                0x0800c8c0                iprintf
                0x0800c8c0                printf
 .text.sprintf  0x0800c8e4       0x40 C:/ST/STM32CubeIDE_1.15.0/STM32CubeIDE/plugins/com.st.stm32cube.ide.mcu.externaltools.gnu-tools-for-stm32.12.3.rel1.win32_1.0.100.202403111256/tools/bin/../lib/gcc/arm-none-eabi/12.3.1/../../../../arm-none-eabi/lib/thumb/v7e-m+fp/hard\libc_nano.a(libc_a-sprintf.o)
                0x0800c8e4                siprintf
                0x0800c8e4                sprintf
 .text.__sread  0x0800c924       0x22 C:/ST/STM32CubeIDE_1.15.0/STM32CubeIDE/plugins/com.st.stm32cube.ide.mcu.externaltools.gnu-tools-for-stm32.12.3.rel1.win32_1.0.100.202403111256/tools/bin/../lib/gcc/arm-none-eabi/12.3.1/../../../../arm-none-eabi/lib/thumb/v7e-m+fp/hard\libc_nano.a(libc_a-stdio.o)
                0x0800c924                __sread
 .text.__swrite
                0x0800c946       0x38 C:/ST/STM32CubeIDE_1.15.0/STM32CubeIDE/plugins/com.st.stm32cube.ide.mcu.externaltools.gnu-tools-for-stm32.12.3.rel1.win32_1.0.100.202403111256/tools/bin/../lib/gcc/arm-none-eabi/12.3.1/../../../../arm-none-eabi/lib/thumb/v7e-m+fp/hard\libc_nano.a(libc_a-stdio.o)
                0x0800c946                __swrite
 .text.__sseek  0x0800c97e       0x24 C:/ST/STM32CubeIDE_1.15.0/STM32CubeIDE/plugins/com.st.stm32cube.ide.mcu.externaltools.gnu-tools-for-stm32.12.3.rel1.win32_1.0.100.202403111256/tools/bin/../lib/gcc/arm-none-eabi/12.3.1/../../../../arm-none-eabi/lib/thumb/v7e-m+fp/hard\libc_nano.a(libc_a-stdio.o)
                0x0800c97e                __sseek
 .text.__sclose
                0x0800c9a2        0x8 C:/ST/STM32CubeIDE_1.15.0/STM32CubeIDE/plugins/com.st.stm32cube.ide.mcu.externaltools.gnu-tools-for-stm32.12.3.rel1.win32_1.0.100.202403111256/tools/bin/../lib/gcc/arm-none-eabi/12.3.1/../../../../arm-none-eabi/lib/thumb/v7e-m+fp/hard\libc_nano.a(libc_a-stdio.o)
                0x0800c9a2                __sclose
 .text.memset   0x0800c9aa       0x10 C:/ST/STM32CubeIDE_1.15.0/STM32CubeIDE/plugins/com.st.stm32cube.ide.mcu.externaltools.gnu-tools-for-stm32.12.3.rel1.win32_1.0.100.202403111256/tools/bin/../lib/gcc/arm-none-eabi/12.3.1/../../../../arm-none-eabi/lib/thumb/v7e-m+fp/hard\libc_nano.a(libc_a-memset.o)
                0x0800c9aa                memset
 *fill*         0x0800c9ba        0x2 
 .text._localeconv_r
                0x0800c9bc        0x8 C:/ST/STM32CubeIDE_1.15.0/STM32CubeIDE/plugins/com.st.stm32cube.ide.mcu.externaltools.gnu-tools-for-stm32.12.3.rel1.win32_1.0.100.202403111256/tools/bin/../lib/gcc/arm-none-eabi/12.3.1/../../../../arm-none-eabi/lib/thumb/v7e-m+fp/hard\libc_nano.a(libc_a-localeconv.o)
                0x0800c9bc                _localeconv_r
 .text._close_r
                0x0800c9c4       0x20 C:/ST/STM32CubeIDE_1.15.0/STM32CubeIDE/plugins/com.st.stm32cube.ide.mcu.externaltools.gnu-tools-for-stm32.12.3.rel1.win32_1.0.100.202403111256/tools/bin/../lib/gcc/arm-none-eabi/12.3.1/../../../../arm-none-eabi/lib/thumb/v7e-m+fp/hard\libc_nano.a(libc_a-closer.o)
                0x0800c9c4                _close_r
 .text._lseek_r
                0x0800c9e4       0x24 C:/ST/STM32CubeIDE_1.15.0/STM32CubeIDE/plugins/com.st.stm32cube.ide.mcu.externaltools.gnu-tools-for-stm32.12.3.rel1.win32_1.0.100.202403111256/tools/bin/../lib/gcc/arm-none-eabi/12.3.1/../../../../arm-none-eabi/lib/thumb/v7e-m+fp/hard\libc_nano.a(libc_a-lseekr.o)
                0x0800c9e4                _lseek_r
 .text._read_r  0x0800ca08       0x24 C:/ST/STM32CubeIDE_1.15.0/STM32CubeIDE/plugins/com.st.stm32cube.ide.mcu.externaltools.gnu-tools-for-stm32.12.3.rel1.win32_1.0.100.202403111256/tools/bin/../lib/gcc/arm-none-eabi/12.3.1/../../../../arm-none-eabi/lib/thumb/v7e-m+fp/hard\libc_nano.a(libc_a-readr.o)
                0x0800ca08                _read_r
 .text._write_r
                0x0800ca2c       0x24 C:/ST/STM32CubeIDE_1.15.0/STM32CubeIDE/plugins/com.st.stm32cube.ide.mcu.externaltools.gnu-tools-for-stm32.12.3.rel1.win32_1.0.100.202403111256/tools/bin/../lib/gcc/arm-none-eabi/12.3.1/../../../../arm-none-eabi/lib/thumb/v7e-m+fp/hard\libc_nano.a(libc_a-writer.o)
                0x0800ca2c                _write_r
 .text.__errno  0x0800ca50        0xc C:/ST/STM32CubeIDE_1.15.0/STM32CubeIDE/plugins/com.st.stm32cube.ide.mcu.externaltools.gnu-tools-for-stm32.12.3.rel1.win32_1.0.100.202403111256/tools/bin/../lib/gcc/arm-none-eabi/12.3.1/../../../../arm-none-eabi/lib/thumb/v7e-m+fp/hard\libc_nano.a(libc_a-errno.o)
                0x0800ca50                __errno
 .text.__libc_init_array
                0x0800ca5c       0x48 C:/ST/STM32CubeIDE_1.15.0/STM32CubeIDE/plugins/com.st.stm32cube.ide.mcu.externaltools.gnu-tools-for-stm32.12.3.rel1.win32_1.0.100.202403111256/tools/bin/../lib/gcc/arm-none-eabi/12.3.1/../../../../arm-none-eabi/lib/thumb/v7e-m+fp/hard\libc_nano.a(libc_a-init.o)
                0x0800ca5c                __libc_init_array
 .text.__retarget_lock_init_recursive
                0x0800caa4        0x2 C:/ST/STM32CubeIDE_1.15.0/STM32CubeIDE/plugins/com.st.stm32cube.ide.mcu.externaltools.gnu-tools-for-stm32.12.3.rel1.win32_1.0.100.202403111256/tools/bin/../lib/gcc/arm-none-eabi/12.3.1/../../../../arm-none-eabi/lib/thumb/v7e-m+fp/hard\libc_nano.a(libc_a-lock.o)
                0x0800caa4                __retarget_lock_init_recursive
 .text.__retarget_lock_acquire_recursive
                0x0800caa6        0x2 C:/ST/STM32CubeIDE_1.15.0/STM32CubeIDE/plugins/com.st.stm32cube.ide.mcu.externaltools.gnu-tools-for-stm32.12.3.rel1.win32_1.0.100.202403111256/tools/bin/../lib/gcc/arm-none-eabi/12.3.1/../../../../arm-none-eabi/lib/thumb/v7e-m+fp/hard\libc_nano.a(libc_a-lock.o)
                0x0800caa6                __retarget_lock_acquire_recursive
 .text.__retarget_lock_release_recursive
                0x0800caa8        0x2 C:/ST/STM32CubeIDE_1.15.0/STM32CubeIDE/plugins/com.st.stm32cube.ide.mcu.externaltools.gnu-tools-for-stm32.12.3.rel1.win32_1.0.100.202403111256/tools/bin/../lib/gcc/arm-none-eabi/12.3.1/../../../../arm-none-eabi/lib/thumb/v7e-m+fp/hard\libc_nano.a(libc_a-lock.o)
                0x0800caa8                __retarget_lock_release_recursive
 .text.strcpy   0x0800caaa       0x10 C:/ST/STM32CubeIDE_1.15.0/STM32CubeIDE/plugins/com.st.stm32cube.ide.mcu.externaltools.gnu-tools-for-stm32.12.3.rel1.win32_1.0.100.202403111256/tools/bin/../lib/gcc/arm-none-eabi/12.3.1/../../../../arm-none-eabi/lib/thumb/v7e-m+fp/hard\libc_nano.a(libc_a-strcpy.o)
                0x0800caaa                strcpy
 .text.memcpy   0x0800caba       0x1c C:/ST/STM32CubeIDE_1.15.0/STM32CubeIDE/plugins/com.st.stm32cube.ide.mcu.externaltools.gnu-tools-for-stm32.12.3.rel1.win32_1.0.100.202403111256/tools/bin/../lib/gcc/arm-none-eabi/12.3.1/../../../../arm-none-eabi/lib/thumb/v7e-m+fp/hard\libc_nano.a(libc_a-memcpy-stub.o)
                0x0800caba                memcpy
 *fill*         0x0800cad6        0x2 
 .text.nanf     0x0800cad8        0xc C:/ST/STM32CubeIDE_1.15.0/STM32CubeIDE/plugins/com.st.stm32cube.ide.mcu.externaltools.gnu-tools-for-stm32.12.3.rel1.win32_1.0.100.202403111256/tools/bin/../lib/gcc/arm-none-eabi/12.3.1/../../../../arm-none-eabi/lib/thumb/v7e-m+fp/hard\libc_nano.a(libm_a-sf_nan.o)
                0x0800cad8                nanf
 .text.quorem   0x0800cae4      0x110 C:/ST/STM32CubeIDE_1.15.0/STM32CubeIDE/plugins/com.st.stm32cube.ide.mcu.externaltools.gnu-tools-for-stm32.12.3.rel1.win32_1.0.100.202403111256/tools/bin/../lib/gcc/arm-none-eabi/12.3.1/../../../../arm-none-eabi/lib/thumb/v7e-m+fp/hard\libc_nano.a(libc_a-dtoa.o)
 *fill*         0x0800cbf4        0x4 
 .text._dtoa_r  0x0800cbf8      0xb88 C:/ST/STM32CubeIDE_1.15.0/STM32CubeIDE/plugins/com.st.stm32cube.ide.mcu.externaltools.gnu-tools-for-stm32.12.3.rel1.win32_1.0.100.202403111256/tools/bin/../lib/gcc/arm-none-eabi/12.3.1/../../../../arm-none-eabi/lib/thumb/v7e-m+fp/hard\libc_nano.a(libc_a-dtoa.o)
                0x0800cbf8                _dtoa_r
 .text._free_r  0x0800d780       0x94 C:/ST/STM32CubeIDE_1.15.0/STM32CubeIDE/plugins/com.st.stm32cube.ide.mcu.externaltools.gnu-tools-for-stm32.12.3.rel1.win32_1.0.100.202403111256/tools/bin/../lib/gcc/arm-none-eabi/12.3.1/../../../../arm-none-eabi/lib/thumb/v7e-m+fp/hard\libc_nano.a(libc_a-freer.o)
                0x0800d780                _free_r
 .text.malloc   0x0800d814       0x10 C:/ST/STM32CubeIDE_1.15.0/STM32CubeIDE/plugins/com.st.stm32cube.ide.mcu.externaltools.gnu-tools-for-stm32.12.3.rel1.win32_1.0.100.202403111256/tools/bin/../lib/gcc/arm-none-eabi/12.3.1/../../../../arm-none-eabi/lib/thumb/v7e-m+fp/hard\libc_nano.a(libc_a-malloc.o)
                0x0800d814                malloc
 .text.sbrk_aligned
                0x0800d824       0x44 C:/ST/STM32CubeIDE_1.15.0/STM32CubeIDE/plugins/com.st.stm32cube.ide.mcu.externaltools.gnu-tools-for-stm32.12.3.rel1.win32_1.0.100.202403111256/tools/bin/../lib/gcc/arm-none-eabi/12.3.1/../../../../arm-none-eabi/lib/thumb/v7e-m+fp/hard\libc_nano.a(libc_a-mallocr.o)
 .text._malloc_r
                0x0800d868      0x100 C:/ST/STM32CubeIDE_1.15.0/STM32CubeIDE/plugins/com.st.stm32cube.ide.mcu.externaltools.gnu-tools-for-stm32.12.3.rel1.win32_1.0.100.202403111256/tools/bin/../lib/gcc/arm-none-eabi/12.3.1/../../../../arm-none-eabi/lib/thumb/v7e-m+fp/hard\libc_nano.a(libc_a-mallocr.o)
                0x0800d868                _malloc_r
 .text.__malloc_lock
                0x0800d968        0xc C:/ST/STM32CubeIDE_1.15.0/STM32CubeIDE/plugins/com.st.stm32cube.ide.mcu.externaltools.gnu-tools-for-stm32.12.3.rel1.win32_1.0.100.202403111256/tools/bin/../lib/gcc/arm-none-eabi/12.3.1/../../../../arm-none-eabi/lib/thumb/v7e-m+fp/hard\libc_nano.a(libc_a-mlock.o)
                0x0800d968                __malloc_lock
 .text.__malloc_unlock
                0x0800d974        0xc C:/ST/STM32CubeIDE_1.15.0/STM32CubeIDE/plugins/com.st.stm32cube.ide.mcu.externaltools.gnu-tools-for-stm32.12.3.rel1.win32_1.0.100.202403111256/tools/bin/../lib/gcc/arm-none-eabi/12.3.1/../../../../arm-none-eabi/lib/thumb/v7e-m+fp/hard\libc_nano.a(libc_a-mlock.o)
                0x0800d974                __malloc_unlock
 .text._Balloc  0x0800d980       0x80 C:/ST/STM32CubeIDE_1.15.0/STM32CubeIDE/plugins/com.st.stm32cube.ide.mcu.externaltools.gnu-tools-for-stm32.12.3.rel1.win32_1.0.100.202403111256/tools/bin/../lib/gcc/arm-none-eabi/12.3.1/../../../../arm-none-eabi/lib/thumb/v7e-m+fp/hard\libc_nano.a(libc_a-mprec.o)
                0x0800d980                _Balloc
 .text._Bfree   0x0800da00       0x44 C:/ST/STM32CubeIDE_1.15.0/STM32CubeIDE/plugins/com.st.stm32cube.ide.mcu.externaltools.gnu-tools-for-stm32.12.3.rel1.win32_1.0.100.202403111256/tools/bin/../lib/gcc/arm-none-eabi/12.3.1/../../../../arm-none-eabi/lib/thumb/v7e-m+fp/hard\libc_nano.a(libc_a-mprec.o)
                0x0800da00                _Bfree
 .text.__multadd
                0x0800da44       0x8c C:/ST/STM32CubeIDE_1.15.0/STM32CubeIDE/plugins/com.st.stm32cube.ide.mcu.externaltools.gnu-tools-for-stm32.12.3.rel1.win32_1.0.100.202403111256/tools/bin/../lib/gcc/arm-none-eabi/12.3.1/../../../../arm-none-eabi/lib/thumb/v7e-m+fp/hard\libc_nano.a(libc_a-mprec.o)
                0x0800da44                __multadd
 .text.__s2b    0x0800dad0       0x94 C:/ST/STM32CubeIDE_1.15.0/STM32CubeIDE/plugins/com.st.stm32cube.ide.mcu.externaltools.gnu-tools-for-stm32.12.3.rel1.win32_1.0.100.202403111256/tools/bin/../lib/gcc/arm-none-eabi/12.3.1/../../../../arm-none-eabi/lib/thumb/v7e-m+fp/hard\libc_nano.a(libc_a-mprec.o)
                0x0800dad0                __s2b
 .text.__hi0bits
                0x0800db64       0x3e C:/ST/STM32CubeIDE_1.15.0/STM32CubeIDE/plugins/com.st.stm32cube.ide.mcu.externaltools.gnu-tools-for-stm32.12.3.rel1.win32_1.0.100.202403111256/tools/bin/../lib/gcc/arm-none-eabi/12.3.1/../../../../arm-none-eabi/lib/thumb/v7e-m+fp/hard\libc_nano.a(libc_a-mprec.o)
                0x0800db64                __hi0bits
 .text.__lo0bits
                0x0800dba2       0x5a C:/ST/STM32CubeIDE_1.15.0/STM32CubeIDE/plugins/com.st.stm32cube.ide.mcu.externaltools.gnu-tools-for-stm32.12.3.rel1.win32_1.0.100.202403111256/tools/bin/../lib/gcc/arm-none-eabi/12.3.1/../../../../arm-none-eabi/lib/thumb/v7e-m+fp/hard\libc_nano.a(libc_a-mprec.o)
                0x0800dba2                __lo0bits
 .text.__i2b    0x0800dbfc       0x2c C:/ST/STM32CubeIDE_1.15.0/STM32CubeIDE/plugins/com.st.stm32cube.ide.mcu.externaltools.gnu-tools-for-stm32.12.3.rel1.win32_1.0.100.202403111256/tools/bin/../lib/gcc/arm-none-eabi/12.3.1/../../../../arm-none-eabi/lib/thumb/v7e-m+fp/hard\libc_nano.a(libc_a-mprec.o)
                0x0800dbfc                __i2b
 .text.__multiply
                0x0800dc28      0x154 C:/ST/STM32CubeIDE_1.15.0/STM32CubeIDE/plugins/com.st.stm32cube.ide.mcu.externaltools.gnu-tools-for-stm32.12.3.rel1.win32_1.0.100.202403111256/tools/bin/../lib/gcc/arm-none-eabi/12.3.1/../../../../arm-none-eabi/lib/thumb/v7e-m+fp/hard\libc_nano.a(libc_a-mprec.o)
                0x0800dc28                __multiply
 .text.__pow5mult
                0x0800dd7c       0xb4 C:/ST/STM32CubeIDE_1.15.0/STM32CubeIDE/plugins/com.st.stm32cube.ide.mcu.externaltools.gnu-tools-for-stm32.12.3.rel1.win32_1.0.100.202403111256/tools/bin/../lib/gcc/arm-none-eabi/12.3.1/../../../../arm-none-eabi/lib/thumb/v7e-m+fp/hard\libc_nano.a(libc_a-mprec.o)
                0x0800dd7c                __pow5mult
 .text.__lshift
                0x0800de30       0xd8 C:/ST/STM32CubeIDE_1.15.0/STM32CubeIDE/plugins/com.st.stm32cube.ide.mcu.externaltools.gnu-tools-for-stm32.12.3.rel1.win32_1.0.100.202403111256/tools/bin/../lib/gcc/arm-none-eabi/12.3.1/../../../../arm-none-eabi/lib/thumb/v7e-m+fp/hard\libc_nano.a(libc_a-mprec.o)
                0x0800de30                __lshift
 .text.__mcmp   0x0800df08       0x36 C:/ST/STM32CubeIDE_1.15.0/STM32CubeIDE/plugins/com.st.stm32cube.ide.mcu.externaltools.gnu-tools-for-stm32.12.3.rel1.win32_1.0.100.202403111256/tools/bin/../lib/gcc/arm-none-eabi/12.3.1/../../../../arm-none-eabi/lib/thumb/v7e-m+fp/hard\libc_nano.a(libc_a-mprec.o)
                0x0800df08                __mcmp
 *fill*         0x0800df3e        0x2 
 .text.__mdiff  0x0800df40      0x128 C:/ST/STM32CubeIDE_1.15.0/STM32CubeIDE/plugins/com.st.stm32cube.ide.mcu.externaltools.gnu-tools-for-stm32.12.3.rel1.win32_1.0.100.202403111256/tools/bin/../lib/gcc/arm-none-eabi/12.3.1/../../../../arm-none-eabi/lib/thumb/v7e-m+fp/hard\libc_nano.a(libc_a-mprec.o)
                0x0800df40                __mdiff
 .text.__ulp    0x0800e068       0x4c C:/ST/STM32CubeIDE_1.15.0/STM32CubeIDE/plugins/com.st.stm32cube.ide.mcu.externaltools.gnu-tools-for-stm32.12.3.rel1.win32_1.0.100.202403111256/tools/bin/../lib/gcc/arm-none-eabi/12.3.1/../../../../arm-none-eabi/lib/thumb/v7e-m+fp/hard\libc_nano.a(libc_a-mprec.o)
                0x0800e068                __ulp
 .text.__b2d    0x0800e0b4       0x94 C:/ST/STM32CubeIDE_1.15.0/STM32CubeIDE/plugins/com.st.stm32cube.ide.mcu.externaltools.gnu-tools-for-stm32.12.3.rel1.win32_1.0.100.202403111256/tools/bin/../lib/gcc/arm-none-eabi/12.3.1/../../../../arm-none-eabi/lib/thumb/v7e-m+fp/hard\libc_nano.a(libc_a-mprec.o)
                0x0800e0b4                __b2d
 .text.__d2b    0x0800e148       0xb0 C:/ST/STM32CubeIDE_1.15.0/STM32CubeIDE/plugins/com.st.stm32cube.ide.mcu.externaltools.gnu-tools-for-stm32.12.3.rel1.win32_1.0.100.202403111256/tools/bin/../lib/gcc/arm-none-eabi/12.3.1/../../../../arm-none-eabi/lib/thumb/v7e-m+fp/hard\libc_nano.a(libc_a-mprec.o)
                0x0800e148                __d2b
 .text.__ratio  0x0800e1f8       0x64 C:/ST/STM32CubeIDE_1.15.0/STM32CubeIDE/plugins/com.st.stm32cube.ide.mcu.externaltools.gnu-tools-for-stm32.12.3.rel1.win32_1.0.100.202403111256/tools/bin/../lib/gcc/arm-none-eabi/12.3.1/../../../../arm-none-eabi/lib/thumb/v7e-m+fp/hard\libc_nano.a(libc_a-mprec.o)
                0x0800e1f8                __ratio
 .text.__copybits
                0x0800e25c       0x46 C:/ST/STM32CubeIDE_1.15.0/STM32CubeIDE/plugins/com.st.stm32cube.ide.mcu.externaltools.gnu-tools-for-stm32.12.3.rel1.win32_1.0.100.202403111256/tools/bin/../lib/gcc/arm-none-eabi/12.3.1/../../../../arm-none-eabi/lib/thumb/v7e-m+fp/hard\libc_nano.a(libc_a-mprec.o)
                0x0800e25c                __copybits
 .text.__any_on
                0x0800e2a2       0x42 C:/ST/STM32CubeIDE_1.15.0/STM32CubeIDE/plugins/com.st.stm32cube.ide.mcu.externaltools.gnu-tools-for-stm32.12.3.rel1.win32_1.0.100.202403111256/tools/bin/../lib/gcc/arm-none-eabi/12.3.1/../../../../arm-none-eabi/lib/thumb/v7e-m+fp/hard\libc_nano.a(libc_a-mprec.o)
                0x0800e2a2                __any_on
 .text.sulp     0x0800e2e4       0x3c C:/ST/STM32CubeIDE_1.15.0/STM32CubeIDE/plugins/com.st.stm32cube.ide.mcu.externaltools.gnu-tools-for-stm32.12.3.rel1.win32_1.0.100.202403111256/tools/bin/../lib/gcc/arm-none-eabi/12.3.1/../../../../arm-none-eabi/lib/thumb/v7e-m+fp/hard\libc_nano.a(libc_a-strtod.o)
 .text._strtod_l
                0x0800e320      0xbc8 C:/ST/STM32CubeIDE_1.15.0/STM32CubeIDE/plugins/com.st.stm32cube.ide.mcu.externaltools.gnu-tools-for-stm32.12.3.rel1.win32_1.0.100.202403111256/tools/bin/../lib/gcc/arm-none-eabi/12.3.1/../../../../arm-none-eabi/lib/thumb/v7e-m+fp/hard\libc_nano.a(libc_a-strtod.o)
                0x0800e320                _strtod_l
 .text._strtod_r
                0x0800eee8        0xc C:/ST/STM32CubeIDE_1.15.0/STM32CubeIDE/plugins/com.st.stm32cube.ide.mcu.externaltools.gnu-tools-for-stm32.12.3.rel1.win32_1.0.100.202403111256/tools/bin/../lib/gcc/arm-none-eabi/12.3.1/../../../../arm-none-eabi/lib/thumb/v7e-m+fp/hard\libc_nano.a(libc_a-strtod.o)
                0x0800eee8                _strtod_r
 .text._strtol_l.constprop.0
                0x0800eef4       0xf4 C:/ST/STM32CubeIDE_1.15.0/STM32CubeIDE/plugins/com.st.stm32cube.ide.mcu.externaltools.gnu-tools-for-stm32.12.3.rel1.win32_1.0.100.202403111256/tools/bin/../lib/gcc/arm-none-eabi/12.3.1/../../../../arm-none-eabi/lib/thumb/v7e-m+fp/hard\libc_nano.a(libc_a-strtol.o)
 .text._strtol_r
                0x0800efe8        0x4 C:/ST/STM32CubeIDE_1.15.0/STM32CubeIDE/plugins/com.st.stm32cube.ide.mcu.externaltools.gnu-tools-for-stm32.12.3.rel1.win32_1.0.100.202403111256/tools/bin/../lib/gcc/arm-none-eabi/12.3.1/../../../../arm-none-eabi/lib/thumb/v7e-m+fp/hard\libc_nano.a(libc_a-strtol.o)
                0x0800efe8                _strtol_r
 .text.__ssputs_r
                0x0800efec       0xb6 C:/ST/STM32CubeIDE_1.15.0/STM32CubeIDE/plugins/com.st.stm32cube.ide.mcu.externaltools.gnu-tools-for-stm32.12.3.rel1.win32_1.0.100.202403111256/tools/bin/../lib/gcc/arm-none-eabi/12.3.1/../../../../arm-none-eabi/lib/thumb/v7e-m+fp/hard\libc_nano.a(libc_a-nano-svfprintf.o)
                0x0800efec                __ssputs_r
 *fill*         0x0800f0a2        0x2 
 .text._svfprintf_r
                0x0800f0a4      0x1f8 C:/ST/STM32CubeIDE_1.15.0/STM32CubeIDE/plugins/com.st.stm32cube.ide.mcu.externaltools.gnu-tools-for-stm32.12.3.rel1.win32_1.0.100.202403111256/tools/bin/../lib/gcc/arm-none-eabi/12.3.1/../../../../arm-none-eabi/lib/thumb/v7e-m+fp/hard\libc_nano.a(libc_a-nano-svfprintf.o)
                0x0800f0a4                _svfiprintf_r
                0x0800f0a4                _svfprintf_r
 .text.__sfputc_r
                0x0800f29c       0x2e C:/ST/STM32CubeIDE_1.15.0/STM32CubeIDE/plugins/com.st.stm32cube.ide.mcu.externaltools.gnu-tools-for-stm32.12.3.rel1.win32_1.0.100.202403111256/tools/bin/../lib/gcc/arm-none-eabi/12.3.1/../../../../arm-none-eabi/lib/thumb/v7e-m+fp/hard\libc_nano.a(libc_a-nano-vfprintf.o)
 .text.__sfputs_r
                0x0800f2ca       0x24 C:/ST/STM32CubeIDE_1.15.0/STM32CubeIDE/plugins/com.st.stm32cube.ide.mcu.externaltools.gnu-tools-for-stm32.12.3.rel1.win32_1.0.100.202403111256/tools/bin/../lib/gcc/arm-none-eabi/12.3.1/../../../../arm-none-eabi/lib/thumb/v7e-m+fp/hard\libc_nano.a(libc_a-nano-vfprintf.o)
                0x0800f2ca                __sfputs_r
 *fill*         0x0800f2ee        0x2 
 .text._vfprintf_r
                0x0800f2f0      0x230 C:/ST/STM32CubeIDE_1.15.0/STM32CubeIDE/plugins/com.st.stm32cube.ide.mcu.externaltools.gnu-tools-for-stm32.12.3.rel1.win32_1.0.100.202403111256/tools/bin/../lib/gcc/arm-none-eabi/12.3.1/../../../../arm-none-eabi/lib/thumb/v7e-m+fp/hard\libc_nano.a(libc_a-nano-vfprintf.o)
                0x0800f2f0                _vfprintf_r
                0x0800f2f0                _vfiprintf_r
 .text.__swbuf_r
                0x0800f520       0x7c C:/ST/STM32CubeIDE_1.15.0/STM32CubeIDE/plugins/com.st.stm32cube.ide.mcu.externaltools.gnu-tools-for-stm32.12.3.rel1.win32_1.0.100.202403111256/tools/bin/../lib/gcc/arm-none-eabi/12.3.1/../../../../arm-none-eabi/lib/thumb/v7e-m+fp/hard\libc_nano.a(libc_a-wbuf.o)
                0x0800f520                __swbuf_r
 .text.__swsetup_r
                0x0800f59c       0xac C:/ST/STM32CubeIDE_1.15.0/STM32CubeIDE/plugins/com.st.stm32cube.ide.mcu.externaltools.gnu-tools-for-stm32.12.3.rel1.win32_1.0.100.202403111256/tools/bin/../lib/gcc/arm-none-eabi/12.3.1/../../../../arm-none-eabi/lib/thumb/v7e-m+fp/hard\libc_nano.a(libc_a-wsetup.o)
                0x0800f59c                __swsetup_r
 .text.memmove  0x0800f648       0x34 C:/ST/STM32CubeIDE_1.15.0/STM32CubeIDE/plugins/com.st.stm32cube.ide.mcu.externaltools.gnu-tools-for-stm32.12.3.rel1.win32_1.0.100.202403111256/tools/bin/../lib/gcc/arm-none-eabi/12.3.1/../../../../arm-none-eabi/lib/thumb/v7e-m+fp/hard\libc_nano.a(libc_a-memmove.o)
                0x0800f648                memmove
 .text.strncmp  0x0800f67c       0x24 C:/ST/STM32CubeIDE_1.15.0/STM32CubeIDE/plugins/com.st.stm32cube.ide.mcu.externaltools.gnu-tools-for-stm32.12.3.rel1.win32_1.0.100.202403111256/tools/bin/../lib/gcc/arm-none-eabi/12.3.1/../../../../arm-none-eabi/lib/thumb/v7e-m+fp/hard\libc_nano.a(libc_a-strncmp.o)
                0x0800f67c                strncmp
 .text._sbrk_r  0x0800f6a0       0x20 C:/ST/STM32CubeIDE_1.15.0/STM32CubeIDE/plugins/com.st.stm32cube.ide.mcu.externaltools.gnu-tools-for-stm32.12.3.rel1.win32_1.0.100.202403111256/tools/bin/../lib/gcc/arm-none-eabi/12.3.1/../../../../arm-none-eabi/lib/thumb/v7e-m+fp/hard\libc_nano.a(libc_a-sbrkr.o)
                0x0800f6a0                _sbrk_r
 .text.nan      0x0800f6c0       0x10 C:/ST/STM32CubeIDE_1.15.0/STM32CubeIDE/plugins/com.st.stm32cube.ide.mcu.externaltools.gnu-tools-for-stm32.12.3.rel1.win32_1.0.100.202403111256/tools/bin/../lib/gcc/arm-none-eabi/12.3.1/../../../../arm-none-eabi/lib/thumb/v7e-m+fp/hard\libc_nano.a(libm_a-s_nan.o)
                0x0800f6c0                nan
 .text.__assert_func
                0x0800f6d0       0x3c C:/ST/STM32CubeIDE_1.15.0/STM32CubeIDE/plugins/com.st.stm32cube.ide.mcu.externaltools.gnu-tools-for-stm32.12.3.rel1.win32_1.0.100.202403111256/tools/bin/../lib/gcc/arm-none-eabi/12.3.1/../../../../arm-none-eabi/lib/thumb/v7e-m+fp/hard\libc_nano.a(libc_a-assert.o)
                0x0800f6d0                __assert_func
 .text._calloc_r
                0x0800f70c       0x28 C:/ST/STM32CubeIDE_1.15.0/STM32CubeIDE/plugins/com.st.stm32cube.ide.mcu.externaltools.gnu-tools-for-stm32.12.3.rel1.win32_1.0.100.202403111256/tools/bin/../lib/gcc/arm-none-eabi/12.3.1/../../../../arm-none-eabi/lib/thumb/v7e-m+fp/hard\libc_nano.a(libc_a-callocr.o)
                0x0800f70c                _calloc_r
 .text.rshift   0x0800f734       0xa4 C:/ST/STM32CubeIDE_1.15.0/STM32CubeIDE/plugins/com.st.stm32cube.ide.mcu.externaltools.gnu-tools-for-stm32.12.3.rel1.win32_1.0.100.202403111256/tools/bin/../lib/gcc/arm-none-eabi/12.3.1/../../../../arm-none-eabi/lib/thumb/v7e-m+fp/hard\libc_nano.a(libc_a-gdtoa-gethex.o)
 .text.__hexdig_fun
                0x0800f7d8       0x2a C:/ST/STM32CubeIDE_1.15.0/STM32CubeIDE/plugins/com.st.stm32cube.ide.mcu.externaltools.gnu-tools-for-stm32.12.3.rel1.win32_1.0.100.202403111256/tools/bin/../lib/gcc/arm-none-eabi/12.3.1/../../../../arm-none-eabi/lib/thumb/v7e-m+fp/hard\libc_nano.a(libc_a-gdtoa-gethex.o)
                0x0800f7d8                __hexdig_fun
 *fill*         0x0800f802        0x2 
 .text.__gethex
                0x0800f804      0x420 C:/ST/STM32CubeIDE_1.15.0/STM32CubeIDE/plugins/com.st.stm32cube.ide.mcu.externaltools.gnu-tools-for-stm32.12.3.rel1.win32_1.0.100.202403111256/tools/bin/../lib/gcc/arm-none-eabi/12.3.1/../../../../arm-none-eabi/lib/thumb/v7e-m+fp/hard\libc_nano.a(libc_a-gdtoa-gethex.o)
                0x0800f804                __gethex
 .text.L_shift  0x0800fc24       0x24 C:/ST/STM32CubeIDE_1.15.0/STM32CubeIDE/plugins/com.st.stm32cube.ide.mcu.externaltools.gnu-tools-for-stm32.12.3.rel1.win32_1.0.100.202403111256/tools/bin/../lib/gcc/arm-none-eabi/12.3.1/../../../../arm-none-eabi/lib/thumb/v7e-m+fp/hard\libc_nano.a(libc_a-gdtoa-hexnan.o)
 .text.__match  0x0800fc48       0x28 C:/ST/STM32CubeIDE_1.15.0/STM32CubeIDE/plugins/com.st.stm32cube.ide.mcu.externaltools.gnu-tools-for-stm32.12.3.rel1.win32_1.0.100.202403111256/tools/bin/../lib/gcc/arm-none-eabi/12.3.1/../../../../arm-none-eabi/lib/thumb/v7e-m+fp/hard\libc_nano.a(libc_a-gdtoa-hexnan.o)
                0x0800fc48                __match
 .text.__hexnan
                0x0800fc70      0x136 C:/ST/STM32CubeIDE_1.15.0/STM32CubeIDE/plugins/com.st.stm32cube.ide.mcu.externaltools.gnu-tools-for-stm32.12.3.rel1.win32_1.0.100.202403111256/tools/bin/../lib/gcc/arm-none-eabi/12.3.1/../../../../arm-none-eabi/lib/thumb/v7e-m+fp/hard\libc_nano.a(libc_a-gdtoa-hexnan.o)
                0x0800fc70                __hexnan
 .text.__ascii_mbtowc
                0x0800fda6       0x24 C:/ST/STM32CubeIDE_1.15.0/STM32CubeIDE/plugins/com.st.stm32cube.ide.mcu.externaltools.gnu-tools-for-stm32.12.3.rel1.win32_1.0.100.202403111256/tools/bin/../lib/gcc/arm-none-eabi/12.3.1/../../../../arm-none-eabi/lib/thumb/v7e-m+fp/hard\libc_nano.a(libc_a-mbtowc_r.o)
                0x0800fda6                __ascii_mbtowc
 .text._realloc_r
                0x0800fdca       0x5c C:/ST/STM32CubeIDE_1.15.0/STM32CubeIDE/plugins/com.st.stm32cube.ide.mcu.externaltools.gnu-tools-for-stm32.12.3.rel1.win32_1.0.100.202403111256/tools/bin/../lib/gcc/arm-none-eabi/12.3.1/../../../../arm-none-eabi/lib/thumb/v7e-m+fp/hard\libc_nano.a(libc_a-reallocr.o)
                0x0800fdca                _realloc_r
 .text.__ascii_wctomb
                0x0800fe26       0x1a C:/ST/STM32CubeIDE_1.15.0/STM32CubeIDE/plugins/com.st.stm32cube.ide.mcu.externaltools.gnu-tools-for-stm32.12.3.rel1.win32_1.0.100.202403111256/tools/bin/../lib/gcc/arm-none-eabi/12.3.1/../../../../arm-none-eabi/lib/thumb/v7e-m+fp/hard\libc_nano.a(libc_a-wctomb_r.o)
                0x0800fe26                __ascii_wctomb
 .text.fprintf  0x0800fe40       0x24 C:/ST/STM32CubeIDE_1.15.0/STM32CubeIDE/plugins/com.st.stm32cube.ide.mcu.externaltools.gnu-tools-for-stm32.12.3.rel1.win32_1.0.100.202403111256/tools/bin/../lib/gcc/arm-none-eabi/12.3.1/../../../../arm-none-eabi/lib/thumb/v7e-m+fp/hard\libc_nano.a(libc_a-fprintf.o)
                0x0800fe40                fiprintf
                0x0800fe40                fprintf
 .text.__swhatbuf_r
                0x0800fe64       0x4c C:/ST/STM32CubeIDE_1.15.0/STM32CubeIDE/plugins/com.st.stm32cube.ide.mcu.externaltools.gnu-tools-for-stm32.12.3.rel1.win32_1.0.100.202403111256/tools/bin/../lib/gcc/arm-none-eabi/12.3.1/../../../../arm-none-eabi/lib/thumb/v7e-m+fp/hard\libc_nano.a(libc_a-makebuf.o)
                0x0800fe64                __swhatbuf_r
 .text.__smakebuf_r
                0x0800feb0       0x78 C:/ST/STM32CubeIDE_1.15.0/STM32CubeIDE/plugins/com.st.stm32cube.ide.mcu.externaltools.gnu-tools-for-stm32.12.3.rel1.win32_1.0.100.202403111256/tools/bin/../lib/gcc/arm-none-eabi/12.3.1/../../../../arm-none-eabi/lib/thumb/v7e-m+fp/hard\libc_nano.a(libc_a-makebuf.o)
                0x0800feb0                __smakebuf_r
 .text._fstat_r
                0x0800ff28       0x24 C:/ST/STM32CubeIDE_1.15.0/STM32CubeIDE/plugins/com.st.stm32cube.ide.mcu.externaltools.gnu-tools-for-stm32.12.3.rel1.win32_1.0.100.202403111256/tools/bin/../lib/gcc/arm-none-eabi/12.3.1/../../../../arm-none-eabi/lib/thumb/v7e-m+fp/hard\libc_nano.a(libc_a-fstatr.o)
                0x0800ff28                _fstat_r
 .text._isatty_r
                0x0800ff4c       0x20 C:/ST/STM32CubeIDE_1.15.0/STM32CubeIDE/plugins/com.st.stm32cube.ide.mcu.externaltools.gnu-tools-for-stm32.12.3.rel1.win32_1.0.100.202403111256/tools/bin/../lib/gcc/arm-none-eabi/12.3.1/../../../../arm-none-eabi/lib/thumb/v7e-m+fp/hard\libc_nano.a(libc_a-isattyr.o)
                0x0800ff4c                _isatty_r
 .text.abort    0x0800ff6c        0xe C:/ST/STM32CubeIDE_1.15.0/STM32CubeIDE/plugins/com.st.stm32cube.ide.mcu.externaltools.gnu-tools-for-stm32.12.3.rel1.win32_1.0.100.202403111256/tools/bin/../lib/gcc/arm-none-eabi/12.3.1/../../../../arm-none-eabi/lib/thumb/v7e-m+fp/hard\libc_nano.a(libc_a-abort.o)
                0x0800ff6c                abort
 .text._malloc_usable_size_r
                0x0800ff7a       0x10 C:/ST/STM32CubeIDE_1.15.0/STM32CubeIDE/plugins/com.st.stm32cube.ide.mcu.externaltools.gnu-tools-for-stm32.12.3.rel1.win32_1.0.100.202403111256/tools/bin/../lib/gcc/arm-none-eabi/12.3.1/../../../../arm-none-eabi/lib/thumb/v7e-m+fp/hard\libc_nano.a(libc_a-msizer.o)
                0x0800ff7a                _malloc_usable_size_r
 .text._raise_r
                0x0800ff8a       0x50 C:/ST/STM32CubeIDE_1.15.0/STM32CubeIDE/plugins/com.st.stm32cube.ide.mcu.externaltools.gnu-tools-for-stm32.12.3.rel1.win32_1.0.100.202403111256/tools/bin/../lib/gcc/arm-none-eabi/12.3.1/../../../../arm-none-eabi/lib/thumb/v7e-m+fp/hard\libc_nano.a(libc_a-signal.o)
                0x0800ff8a                _raise_r
 *fill*         0x0800ffda        0x2 
 .text.raise    0x0800ffdc       0x10 C:/ST/STM32CubeIDE_1.15.0/STM32CubeIDE/plugins/com.st.stm32cube.ide.mcu.externaltools.gnu-tools-for-stm32.12.3.rel1.win32_1.0.100.202403111256/tools/bin/../lib/gcc/arm-none-eabi/12.3.1/../../../../arm-none-eabi/lib/thumb/v7e-m+fp/hard\libc_nano.a(libc_a-signal.o)
                0x0800ffdc                raise
 .text._kill_r  0x0800ffec       0x24 C:/ST/STM32CubeIDE_1.15.0/STM32CubeIDE/plugins/com.st.stm32cube.ide.mcu.externaltools.gnu-tools-for-stm32.12.3.rel1.win32_1.0.100.202403111256/tools/bin/../lib/gcc/arm-none-eabi/12.3.1/../../../../arm-none-eabi/lib/thumb/v7e-m+fp/hard\libc_nano.a(libc_a-signalr.o)
                0x0800ffec                _kill_r
 .text._getpid_r
                0x08010010        0x4 C:/ST/STM32CubeIDE_1.15.0/STM32CubeIDE/plugins/com.st.stm32cube.ide.mcu.externaltools.gnu-tools-for-stm32.12.3.rel1.win32_1.0.100.202403111256/tools/bin/../lib/gcc/arm-none-eabi/12.3.1/../../../../arm-none-eabi/lib/thumb/v7e-m+fp/hard\libc_nano.a(libc_a-signalr.o)
                0x08010010                _getpid_r
 .text.sqrtf    0x08010014       0x3c C:/ST/STM32CubeIDE_1.15.0/STM32CubeIDE/plugins/com.st.stm32cube.ide.mcu.externaltools.gnu-tools-for-stm32.12.3.rel1.win32_1.0.100.202403111256/tools/bin/../lib/gcc/arm-none-eabi/12.3.1/../../../../arm-none-eabi/lib/thumb/v7e-m+fp/hard\libm.a(libm_a-wf_sqrt.o)
                0x08010014                sqrtf
 .text.__ieee754_sqrtf
                0x08010050        0x6 C:/ST/STM32CubeIDE_1.15.0/STM32CubeIDE/plugins/com.st.stm32cube.ide.mcu.externaltools.gnu-tools-for-stm32.12.3.rel1.win32_1.0.100.202403111256/tools/bin/../lib/gcc/arm-none-eabi/12.3.1/../../../../arm-none-eabi/lib/thumb/v7e-m+fp/hard\libm.a(libm_a-ef_sqrt.o)
                0x08010050                __ieee754_sqrtf
 *(.glue_7)
 .glue_7        0x08010056        0x0 linker stubs
 *(.glue_7t)
 .glue_7t       0x08010056        0x0 linker stubs
 *(.eh_frame)
 *fill*         0x08010056        0x2 
 .eh_frame      0x08010058        0x0 C:/ST/STM32CubeIDE_1.15.0/STM32CubeIDE/plugins/com.st.stm32cube.ide.mcu.externaltools.gnu-tools-for-stm32.12.3.rel1.win32_1.0.100.202403111256/tools/bin/../lib/gcc/arm-none-eabi/12.3.1/thumb/v7e-m+fp/hard/crtbegin.o
 *(.init)
 .init          0x08010058        0x4 C:/ST/STM32CubeIDE_1.15.0/STM32CubeIDE/plugins/com.st.stm32cube.ide.mcu.externaltools.gnu-tools-for-stm32.12.3.rel1.win32_1.0.100.202403111256/tools/bin/../lib/gcc/arm-none-eabi/12.3.1/thumb/v7e-m+fp/hard/crti.o
                0x08010058                _init
 .init          0x0801005c        0x8 C:/ST/STM32CubeIDE_1.15.0/STM32CubeIDE/plugins/com.st.stm32cube.ide.mcu.externaltools.gnu-tools-for-stm32.12.3.rel1.win32_1.0.100.202403111256/tools/bin/../lib/gcc/arm-none-eabi/12.3.1/thumb/v7e-m+fp/hard/crtn.o
 *(.fini)
 .fini          0x08010064        0x4 C:/ST/STM32CubeIDE_1.15.0/STM32CubeIDE/plugins/com.st.stm32cube.ide.mcu.externaltools.gnu-tools-for-stm32.12.3.rel1.win32_1.0.100.202403111256/tools/bin/../lib/gcc/arm-none-eabi/12.3.1/thumb/v7e-m+fp/hard/crti.o
                0x08010064                _fini
 .fini          0x08010068        0x8 C:/ST/STM32CubeIDE_1.15.0/STM32CubeIDE/plugins/com.st.stm32cube.ide.mcu.externaltools.gnu-tools-for-stm32.12.3.rel1.win32_1.0.100.202403111256/tools/bin/../lib/gcc/arm-none-eabi/12.3.1/thumb/v7e-m+fp/hard/crtn.o
                0x08010070                        . = ALIGN (0x4)
                0x08010070                        _etext = .

.vfp11_veneer   0x08010070        0x0
 .vfp11_veneer  0x08010070        0x0 linker stubs

.v4_bx          0x08010070        0x0
 .v4_bx         0x08010070        0x0 linker stubs

.iplt           0x08010070        0x0
 .iplt          0x08010070        0x0 C:/ST/STM32CubeIDE_1.15.0/STM32CubeIDE/plugins/com.st.stm32cube.ide.mcu.externaltools.gnu-tools-for-stm32.12.3.rel1.win32_1.0.100.202403111256/tools/bin/../lib/gcc/arm-none-eabi/12.3.1/thumb/v7e-m+fp/hard/crtbegin.o

.rodata         0x08010070      0x910
                0x08010070                        . = ALIGN (0x4)
 *(.rodata)
 .rodata        0x08010070        0xd ./Core/Src/main.o
 *fill*         0x0801007d        0x3 
 .rodata        0x08010080      0x4a2 ./Drivers/Librerie/VL53L0X/core/src/vl53l0x_api_strings.o
 *fill*         0x08010522        0x2 
 .rodata        0x08010524       0x15 ./Drivers/Librerie/VL53L0X/lidarvl53.o
 *(.rodata*)
 *fill*         0x08010539        0x3 
 .rodata.AHBPrescTable
                0x0801053c       0x10 ./Core/Src/system_stm32f4xx.o
                0x0801053c                AHBPrescTable
 .rodata.APBPrescTable
                0x0801054c        0x8 ./Core/Src/system_stm32f4xx.o
                0x0801054c                APBPrescTable
 .rodata._printf_float.str1.1