Archive member included to satisfy reference by file (symbol)

C:/ST/STM32CubeIDE_1.15.0/STM32CubeIDE/plugins/com.st.stm32cube.ide.mcu.externaltools.gnu-tools-for-stm32.12.3.rel1.win32_1.0.100.202403111256/tools/bin/../lib/gcc/arm-none-eabi/12.3.1/../../../../arm-none-eabi/lib/thumb/v7e-m+fp/hard\libc_nano.a(libc_a-exit.o)
                              C:/ST/STM32CubeIDE_1.15.0/STM32CubeIDE/plugins/com.st.stm32cube.ide.mcu.externaltools.gnu-tools-for-stm32.12.3.rel1.win32_1.0.100.202403111256/tools/bin/../lib/gcc/arm-none-eabi/12.3.1/../../../../arm-none-eabi/lib/thumb/v7e-m+fp/hard/crt0.o (exit)
C:/ST/STM32CubeIDE_1.15.0/STM32CubeIDE/plugins/com.st.stm32cube.ide.mcu.externaltools.gnu-tools-for-stm32.12.3.rel1.win32_1.0.100.202403111256/tools/bin/../lib/gcc/arm-none-eabi/12.3.1/../../../../arm-none-eabi/lib/thumb/v7e-m+fp/hard\libc_nano.a(libc_a-nano-vfprintf_float.o)
                              (_printf_float)
C:/ST/STM32CubeIDE_1.15.0/STM32CubeIDE/plugins/com.st.stm32cube.ide.mcu.externaltools.gnu-tools-for-stm32.12.3.rel1.win32_1.0.100.202403111256/tools/bin/../lib/gcc/arm-none-eabi/12.3.1/../../../../arm-none-eabi/lib/thumb/v7e-m+fp/hard\libc_nano.a(libc_a-nano-vfprintf_i.o)
                              C:/ST/STM32CubeIDE_1.15.0/STM32CubeIDE/plugins/com.st.stm32cube.ide.mcu.externaltools.gnu-tools-for-stm32.12.3.rel1.win32_1.0.100.202403111256/tools/bin/../lib/gcc/arm-none-eabi/12.3.1/../../../../arm-none-eabi/lib/thumb/v7e-m+fp/hard\libc_nano.a(libc_a-nano-vfprintf_float.o) (_printf_common)
C:/ST/STM32CubeIDE_1.15.0/STM32CubeIDE/plugins/com.st.stm32cube.ide.mcu.externaltools.gnu-tools-for-stm32.12.3.rel1.win32_1.0.100.202403111256/tools/bin/../lib/gcc/arm-none-eabi/12.3.1/../../../../arm-none-eabi/lib/thumb/v7e-m+fp/hard\libc_nano.a(libc_a-nano-vfscanf_float.o)
                              (_scanf_float)
C:/ST/STM32CubeIDE_1.15.0/STM32CubeIDE/plugins/com.st.stm32cube.ide.mcu.externaltools.gnu-tools-for-stm32.12.3.rel1.win32_1.0.100.202403111256/tools/bin/../lib/gcc/arm-none-eabi/12.3.1/../../../../arm-none-eabi/lib/thumb/v7e-m+fp/hard\libc_nano.a(libc_a-fflush.o)
                              ./Core/Src/implementation.o (fflush)
C:/ST/STM32CubeIDE_1.15.0/STM32CubeIDE/plugins/com.st.stm32cube.ide.mcu.externaltools.gnu-tools-for-stm32.12.3.rel1.win32_1.0.100.202403111256/tools/bin/../lib/gcc/arm-none-eabi/12.3.1/../../../../arm-none-eabi/lib/thumb/v7e-m+fp/hard\libc_nano.a(libc_a-findfp.o)
                              C:/ST/STM32CubeIDE_1.15.0/STM32CubeIDE/plugins/com.st.stm32cube.ide.mcu.externaltools.gnu-tools-for-stm32.12.3.rel1.win32_1.0.100.202403111256/tools/bin/../lib/gcc/arm-none-eabi/12.3.1/../../../../arm-none-eabi/lib/thumb/v7e-m+fp/hard\libc_nano.a(libc_a-fflush.o) (__sglue)
C:/ST/STM32CubeIDE_1.15.0/STM32CubeIDE/plugins/com.st.stm32cube.ide.mcu.externaltools.gnu-tools-for-stm32.12.3.rel1.win32_1.0.100.202403111256/tools/bin/../lib/gcc/arm-none-eabi/12.3.1/../../../../arm-none-eabi/lib/thumb/v7e-m+fp/hard\libc_nano.a(libc_a-fwalk.o)
                              C:/ST/STM32CubeIDE_1.15.0/STM32CubeIDE/plugins/com.st.stm32cube.ide.mcu.externaltools.gnu-tools-for-stm32.12.3.rel1.win32_1.0.100.202403111256/tools/bin/../lib/gcc/arm-none-eabi/12.3.1/../../../../arm-none-eabi/lib/thumb/v7e-m+fp/hard\libc_nano.a(libc_a-fflush.o) (_fwalk_sglue)
C:/ST/STM32CubeIDE_1.15.0/STM32CubeIDE/plugins/com.st.stm32cube.ide.mcu.externaltools.gnu-tools-for-stm32.12.3.rel1.win32_1.0.100.202403111256/tools/bin/../lib/gcc/arm-none-eabi/12.3.1/../../../../arm-none-eabi/lib/thumb/v7e-m+fp/hard\libc_nano.a(libc_a-printf.o)
                              ./Core/Src/implementation.o (printf)
C:/ST/STM32CubeIDE_1.15.0/STM32CubeIDE/plugins/com.st.stm32cube.ide.mcu.externaltools.gnu-tools-for-stm32.12.3.rel1.win32_1.0.100.202403111256/tools/bin/../lib/gcc/arm-none-eabi/12.3.1/../../../../arm-none-eabi/lib/thumb/v7e-m+fp/hard\libc_nano.a(libc_a-sprintf.o)
                              C:/ST/STM32CubeIDE_1.15.0/STM32CubeIDE/plugins/com.st.stm32cube.ide.mcu.externaltools.gnu-tools-for-stm32.12.3.rel1.win32_1.0.100.202403111256/tools/bin/../lib/gcc/arm-none-eabi/12.3.1/../../../../arm-none-eabi/lib/thumb/v7e-m+fp/hard\libc_nano.a(libc_a-nano-vfscanf_float.o) (sprintf)
C:/ST/STM32CubeIDE_1.15.0/STM32CubeIDE/plugins/com.st.stm32cube.ide.mcu.externaltools.gnu-tools-for-stm32.12.3.rel1.win32_1.0.100.202403111256/tools/bin/../lib/gcc/arm-none-eabi/12.3.1/../../../../arm-none-eabi/lib/thumb/v7e-m+fp/hard\libc_nano.a(libc_a-stdio.o)
                              C:/ST/STM32CubeIDE_1.15.0/STM32CubeIDE/plugins/com.st.stm32cube.ide.mcu.externaltools.gnu-tools-for-stm32.12.3.rel1.win32_1.0.100.202403111256/tools/bin/../lib/gcc/arm-none-eabi/12.3.1/../../../../arm-none-eabi/lib/thumb/v7e-m+fp/hard\libc_nano.a(libc_a-findfp.o) (__sread)
[...]
Memory Configuration

Name             Origin             Length             Attributes
RAM              0x20000000         0x00020000         xrw
FLASH            0x08000000         0x00080000         xr
*default*        0x00000000         0xffffffff

Linker script and memory map

LOAD C:/ST/STM32CubeIDE_1.15.0/STM32CubeIDE/plugins/com.st.stm32cube.ide.mcu.externaltools.gnu-tools-for-stm32.12.3.rel1.win32_1.0.100.202403111256/tools/bin/../lib/gcc/arm-none-eabi/12.3.1/thumb/v7e-m+fp/hard/crti.o
LOAD C:/ST/STM32CubeIDE_1.15.0/STM32CubeIDE/plugins/com.st.stm32cube.ide.mcu.externaltools.gnu-tools-for-stm32.12.3.rel1.win32_1.0.100.202403111256/tools/bin/../lib/gcc/arm-none-eabi/12.3.1/thumb/v7e-m+fp/hard/crtbegin.o
LOAD C:/ST/STM32CubeIDE_1.15.0/STM32CubeIDE/plugins/com.st.stm32cube.ide.mcu.externaltools.gnu-tools-for-stm32.12.3.rel1.win32_1.0.100.202403111256/tools/bin/../lib/gcc/arm-none-eabi/12.3.1/../../../../arm-none-eabi/lib/thumb/v7e-m+fp/hard/crt0.o
LOAD ./Core/Src/implementation.o
LOAD ./Core/Src/main.o
LOAD ./Core/Src/pid_controller.o
LOAD ./Core/Src/ringbuffer.o
LOAD ./Core/Src/stm32f4xx_hal_msp.o
LOAD ./Core/Src/stm32f4xx_it.o
LOAD ./Core/Src/syscalls.o
LOAD ./Core/Src/sysmem.o
LOAD ./Core/Src/system_stm32f4xx.o
LOAD ./Core/Startup/startup_stm32f411retx.o
LOAD ./Drivers/Librerie/VL53L0X/core/src/vl53l0x_api.o
LOAD ./Drivers/Librerie/VL53L0X/core/src/vl53l0x_api_calibration.o
LOAD ./Drivers/Librerie/VL53L0X/core/src/vl53l0x_api_core.o
LOAD ./Drivers/Librerie/VL53L0X/core/src/vl53l0x_api_ranging.o
LOAD ./Drivers/Librerie/VL53L0X/core/src/vl53l0x_api_strings.o
LOAD ./Drivers/Librerie/VL53L0X/lidarvl53.o
LOAD ./Drivers/Librerie/VL53L0X/platform/src/vl53l0x_i2c_platform.o
LOAD ./Drivers/Librerie/VL53L0X/platform/src/vl53l0x_platform.o
LOAD ./Drivers/Librerie/VL53L0X/platform/src/vl53l0x_platform_log.o
LOAD ./Drivers/Librerie/uart.o
LOAD ./Drivers/STM32F4xx_HAL_Driver/Src/stm32f4xx_hal.o
LOAD ./Drivers/STM32F4xx_HAL_Driver/Src/stm32f4xx_hal_cortex.o
LOAD ./Drivers/STM32F4xx_HAL_Driver/Src/stm32f4xx_hal_dma.o
LOAD ./Drivers/STM32F4xx_HAL_Driver/Src/stm32f4xx_hal_dma_ex.o
LOAD ./Drivers/STM32F4xx_HAL_Driver/Src/stm32f4xx_hal_exti.o
LOAD ./Drivers/STM32F4xx_HAL_Driver/Src/stm32f4xx_hal_flash.o
LOAD ./Drivers/STM32F4xx_HAL_Driver/Src/stm32f4xx_hal_flash_ex.o
LOAD ./Drivers/STM32F4xx_HAL_Driver/Src/stm32f4xx_hal_flash_ramfunc.o
LOAD ./Drivers/STM32F4xx_HAL_Driver/Src/stm32f4xx_hal_gpio.o
LOAD ./Drivers/STM32F4xx_HAL_Driver/Src/stm32f4xx_hal_i2c.o
LOAD ./Drivers/STM32F4xx_HAL_Driver/Src/stm32f4xx_hal_i2c_ex.o
LOAD ./Drivers/STM32F4xx_HAL_Driver/Src/stm32f4xx_hal_pwr.o
LOAD ./Drivers/STM32F4xx_HAL_Driver/Src/stm32f4xx_hal_pwr_ex.o
LOAD ./Drivers/STM32F4xx_HAL_Driver/Src/stm32f4xx_hal_rcc.o
LOAD ./Drivers/STM32F4xx_HAL_Driver/Src/stm32f4xx_hal_rcc_ex.o
LOAD ./Drivers/STM32F4xx_HAL_Driver/Src/stm32f4xx_hal_tim.o
LOAD ./Drivers/STM32F4xx_HAL_Driver/Src/stm32f4xx_hal_tim_ex.o
LOAD ./Drivers/STM32F4xx_HAL_Driver/Src/stm32f4xx_hal_uart.o
START GROUP
LOAD C:/ST/STM32CubeIDE_1.15.0/STM32CubeIDE/plugins/com.st.stm32cube.ide.mcu.externaltools.gnu-tools-for-stm32.12.3.rel1.win32_1.0.100.202403111256/tools/bin/../lib/gcc/arm-none-eabi/12.3.1/../../../../arm-none-eabi/lib/thumb/v7e-m+fp/hard\libc_nano.a
LOAD C:/ST/STM32CubeIDE_1.15.0/STM32CubeIDE/plugins/com.st.stm32cube.ide.mcu.externaltools.gnu-tools-for-stm32.12.3.rel1.win32_1.0.100.202403111256/tools/bin/../lib/gcc/arm-none-eabi/12.3.1/../../../../arm-none-eabi/lib/thumb/v7e-m+fp/hard\libm.a
END GROUP
START GROUP
LOAD C:/ST/STM32CubeIDE_1.15.0/STM32CubeIDE/plugins/com.st.stm32cube.ide.mcu.externaltools.gnu-tools-for-stm32.12.3.rel1.win32_1.0.100.202403111256/tools/bin/../lib/gcc/arm-none-eabi/12.3.1/thumb/v7e-m+fp/hard\libgcc.a
LOAD C:/ST/STM32CubeIDE_1.15.0/STM32CubeIDE/plugins/com.st.stm32cube.ide.mcu.externaltools.gnu-tools-for-stm32.12.3.rel1.win32_1.0.100.202403111256/tools/bin/../lib/gcc/arm-none-eabi/12.3.1/../../../../arm-none-eabi/lib/thumb/v7e-m+fp/hard\libc_nano.a
END GROUP
START GROUP
LOAD C:/ST/STM32CubeIDE_1.15.0/STM32CubeIDE/plugins/com.st.stm32cube.ide.mcu.externaltools.gnu-tools-for-stm32.12.3.rel1.win32_1.0.100.202403111256/tools/bin/../lib/gcc/arm-none-eabi/12.3.1/thumb/v7e-m+fp/hard\libgcc.a
LOAD C:/ST/STM32CubeIDE_1.15.0/STM32CubeIDE/plugins/com.st.stm32cube.ide.mcu.externaltools.gnu-tools-for-stm32.12.3.rel1.win32_1.0.100.202403111256/tools/bin/../lib/gcc/arm-none-eabi/12.3.1/../../../../arm-none-eabi/lib/thumb/v7e-m+fp/hard\libc_nano.a
LOAD C:/ST/STM32CubeIDE_1.15.0/STM32CubeIDE/plugins/com.st.stm32cube.ide.mcu.externaltools.gnu-tools-for-stm32.12.3.rel1.win32_1.0.100.202403111256/tools/bin/../lib/gcc/arm-none-eabi/12.3.1/../../../../arm-none-eabi/lib/thumb/v7e-m+fp/hard\libnosys.a
END GROUP
START GROUP
LOAD C:/ST/STM32CubeIDE_1.15.0/STM32CubeIDE/plugins/com.st.stm32cube.ide.mcu.externaltools.gnu-tools-for-stm32.12.3.rel1.win32_1.0.100.202403111256/tools/bin/../lib/gcc/arm-none-eabi/12.3.1/thumb/v7e-m+fp/hard\libgcc.a
LOAD C:/ST/STM32CubeIDE_1.15.0/STM32CubeIDE/plugins/com.st.stm32cube.ide.mcu.externaltools.gnu-tools-for-stm32.12.3.rel1.win32_1.0.100.202403111256/tools/bin/../lib/gcc/arm-none-eabi/12.3.1/../../../../arm-none-eabi/lib/thumb/v7e-m+fp/hard\libc_nano.a
LOAD C:/ST/STM32CubeIDE_1.15.0/STM32CubeIDE/plugins/com.st.stm32cube.ide.mcu.externaltools.gnu-tools-for-stm32.12.3.rel1.win32_1.0.100.202403111256/tools/bin/../lib/gcc/arm-none-eabi/12.3.1/../../../../arm-none-eabi/lib/thumb/v7e-m+fp/hard\libnosys.a
END GROUP
LOAD C:/ST/STM32CubeIDE_1.15.0/STM32CubeIDE/plugins/com.st.stm32cube.ide.mcu.externaltools.gnu-tools-for-stm32.12.3.rel1.win32_1.0.100.202403111256/tools/bin/../lib/gcc/arm-none-eabi/12.3.1/thumb/v7e-m+fp/hard/crtend.o
LOAD C:/ST/STM32CubeIDE_1.15.0/STM32CubeIDE/plugins/com.st.stm32cube.ide.mcu.externaltools.gnu-tools-for-stm32.12.3.rel1.win32_1.0.100.202403111256/tools/bin/../lib/gcc/arm-none-eabi/12.3.1/thumb/v7e-m+fp/hard/crtn.o
                0x20020000                        _estack = (ORIGIN (RAM) + LENGTH (RAM))
                0x00000200                        _Min_Heap_Size = 0x200
                0x00000400                        _Min_Stack_Size = 0x400

.isr_vector     0x08000000      0x198
                0x08000000                        . = ALIGN (0x4)
 *(.isr_vector)
 .isr_vector    0x08000000      0x198 ./Core/Startup/startup_stm32f411retx.o
                0x08000000                g_pfnVectors
                0x08000198                        . = ALIGN (0x4)

.text           0x080001a0     0xfd58
                0x080001a0                        . = ALIGN (0x4)
 *(.text)
 .text          0x080001a0       0x40 C:/ST/STM32CubeIDE_1.15.0/STM32CubeIDE/plugins/com.st.stm32cube.ide.mcu.externaltools.gnu-tools-for-stm32.12.3.rel1.win32_1.0.100.202403111256/tools/bin/../lib/gcc/arm-none-eabi/12.3.1/thumb/v7e-m+fp/hard/crtbegin.o
 .text          0x080001e0       0xa0 C:/ST/STM32CubeIDE_1.15.0/STM32CubeIDE/plugins/com.st.stm32cube.ide.mcu.externaltools.gnu-tools-for-stm32.12.3.rel1.win32_1.0.100.202403111256/tools/bin/../lib/gcc/arm-none-eabi/12.3.1/../../../../arm-none-eabi/lib/thumb/v7e-m+fp/hard\libc_nano.a(libc_a-memchr.o)
                0x080001e0                memchr
 .text          0x08000280       0x10 C:/ST/STM32CubeIDE_1.15.0/STM32CubeIDE/plugins/com.st.stm32cube.ide.mcu.externaltools.gnu-tools-for-stm32.12.3.rel1.win32_1.0.100.202403111256/tools/bin/../lib/gcc/arm-none-eabi/12.3.1/../../../../arm-none-eabi/lib/thumb/v7e-m+fp/hard\libc_nano.a(libc_a-strlen.o)
                0x08000280                strlen
 .text          0x08000290      0x378 C:/ST/STM32CubeIDE_1.15.0/STM32CubeIDE/plugins/com.st.stm32cube.ide.mcu.externaltools.gnu-tools-for-stm32.12.3.rel1.win32_1.0.100.202403111256/tools/bin/../lib/gcc/arm-none-eabi/12.3.1/thumb/v7e-m+fp/hard\libgcc.a(_arm_addsubdf3.o)
                0x08000290                __aeabi_drsub
                0x08000298                __aeabi_dsub
                0x08000298                __subdf3
                0x0800029c                __aeabi_dadd
                0x0800029c                __adddf3
                0x08000514                __floatunsidf
                0x08000514                __aeabi_ui2d
                0x08000534                __floatsidf
                0x08000534                __aeabi_i2d
                0x08000558                __aeabi_f2d
                0x08000558                __extendsfdf2
                0x0800059c                __floatundidf
                0x0800059c                __aeabi_ul2d
                0x080005ac                __floatdidf
                0x080005ac                __aeabi_l2d
 .text          0x08000608      0x424 C:/ST/STM32CubeIDE_1.15.0/STM32CubeIDE/plugins/com.st.stm32cube.ide.mcu.externaltools.gnu-tools-for-stm32.12.3.rel1.win32_1.0.100.202403111256/tools/bin/../lib/gcc/arm-none-eabi/12.3.1/thumb/v7e-m+fp/hard\libgcc.a(_arm_muldivdf3.o)
                0x08000608                __aeabi_dmul
                0x08000608                __muldf3
                0x0800085c                __divdf3
                0x0800085c                __aeabi_ddiv
 .text          0x08000a2c      0x110 C:/ST/STM32CubeIDE_1.15.0/STM32CubeIDE/plugins/com.st.stm32cube.ide.mcu.externaltools.gnu-tools-for-stm32.12.3.rel1.win32_1.0.100.202403111256/tools/bin/../lib/gcc/arm-none-eabi/12.3.1/thumb/v7e-m+fp/hard\libgcc.a(_arm_cmpdf2.o)
                0x08000a2c                __gtdf2
                0x08000a2c                __gedf2
                0x08000a34                __ltdf2
                0x08000a34                __ledf2
                0x08000a3c                __nedf2
                0x08000a3c                __eqdf2
                0x08000a3c                __cmpdf2
                0x08000ab8                __aeabi_cdrcmple
                0x08000ac8                __aeabi_cdcmpeq
                0x08000ac8                __aeabi_cdcmple
                0x08000ad8                __aeabi_dcmpeq
                0x08000aec                __aeabi_dcmplt
                0x08000b00                __aeabi_dcmple
                0x08000b14                __aeabi_dcmpge
                0x08000b28                __aeabi_dcmpgt
 .text          0x08000b3c       0x2c C:/ST/STM32CubeIDE_1.15.0/STM32CubeIDE/plugins/com.st.stm32cube.ide.mcu.externaltools.gnu-tools-for-stm32.12.3.rel1.win32_1.0.100.202403111256/tools/bin/../lib/gcc/arm-none-eabi/12.3.1/thumb/v7e-m+fp/hard\libgcc.a(_arm_unorddf2.o)
                0x08000b3c                __unorddf2
                0x08000b3c                __aeabi_dcmpun
 .text          0x08000b68       0x50 C:/ST/STM32CubeIDE_1.15.0/STM32CubeIDE/plugins/com.st.stm32cube.ide.mcu.externaltools.gnu-tools-for-stm32.12.3.rel1.win32_1.0.100.202403111256/tools/bin/../lib/gcc/arm-none-eabi/12.3.1/thumb/v7e-m+fp/hard\libgcc.a(_arm_fixdfsi.o)
                0x08000b68                __aeabi_d2iz
                0x08000b68                __fixdfsi
 .text          0x08000bb8       0x40 C:/ST/STM32CubeIDE_1.15.0/STM32CubeIDE/plugins/com.st.stm32cube.ide.mcu.externaltools.gnu-tools-for-stm32.12.3.rel1.win32_1.0.100.202403111256/tools/bin/../lib/gcc/arm-none-eabi/12.3.1/thumb/v7e-m+fp/hard\libgcc.a(_arm_fixunsdfsi.o)
                0x08000bb8                __aeabi_d2uiz
                0x08000bb8                __fixunsdfsi
 .text          0x08000bf8       0xa0 C:/ST/STM32CubeIDE_1.15.0/STM32CubeIDE/plugins/com.st.stm32cube.ide.mcu.externaltools.gnu-tools-for-stm32.12.3.rel1.win32_1.0.100.202403111256/tools/bin/../lib/gcc/arm-none-eabi/12.3.1/thumb/v7e-m+fp/hard\libgcc.a(_arm_truncdfsf2.o)
                0x08000bf8                __truncdfsf2
                0x08000bf8                __aeabi_d2f
 .text          0x08000c98       0x30 C:/ST/STM32CubeIDE_1.15.0/STM32CubeIDE/plugins/com.st.stm32cube.ide.mcu.externaltools.gnu-tools-for-stm32.12.3.rel1.win32_1.0.100.202403111256/tools/bin/../lib/gcc/arm-none-eabi/12.3.1/thumb/v7e-m+fp/hard\libgcc.a(_aeabi_uldivmod.o)
                0x08000c98                __aeabi_uldivmod
 .text          0x08000cc8       0x30 C:/ST/STM32CubeIDE_1.15.0/STM32CubeIDE/plugins/com.st.stm32cube.ide.mcu.externaltools.gnu-tools-for-stm32.12.3.rel1.win32_1.0.100.202403111256/tools/bin/../lib/gcc/arm-none-eabi/12.3.1/thumb/v7e-m+fp/hard\libgcc.a(_fixdfdi.o)
                0x08000cc8                __fixdfdi
                0x08000cc8                __aeabi_d2lz
 .text          0x08000cf8       0x3c C:/ST/STM32CubeIDE_1.15.0/STM32CubeIDE/plugins/com.st.stm32cube.ide.mcu.externaltools.gnu-tools-for-stm32.12.3.rel1.win32_1.0.100.202403111256/tools/bin/../lib/gcc/arm-none-eabi/12.3.1/thumb/v7e-m+fp/hard\libgcc.a(_fixunsdfdi.o)
                0x08000cf8                __fixunsdfdi
                0x08000cf8                __aeabi_d2ulz
 .text          0x08000d34      0x2bc C:/ST/STM32CubeIDE_1.15.0/STM32CubeIDE/plugins/com.st.stm32cube.ide.mcu.externaltools.gnu-tools-for-stm32.12.3.rel1.win32_1.0.100.202403111256/tools/bin/../lib/gcc/arm-none-eabi/12.3.1/thumb/v7e-m+fp/hard\libgcc.a(_udivmoddi4.o)
                0x08000d34                __udivmoddi4
 .text          0x08000ff0        0x4 C:/ST/STM32CubeIDE_1.15.0/STM32CubeIDE/plugins/com.st.stm32cube.ide.mcu.externaltools.gnu-tools-for-stm32.12.3.rel1.win32_1.0.100.202403111256/tools/bin/../lib/gcc/arm-none-eabi/12.3.1/thumb/v7e-m+fp/hard\libgcc.a(_dvmd_tls.o)
                0x08000ff0                __aeabi_idiv0
                0x08000ff0                __aeabi_ldiv0
 *(.text*)
 .text.HAL_GPIO_EXTI_Callback
                0x08000ff4       0x16 ./Core/Src/implementation.o
                0x08000ff4                HAL_GPIO_EXTI_Callback
 *fill*         0x0800100a        0x2 
 .text.HAL_TIM_PeriodElapsedCallback
                0x0800100c       0x28 ./Core/Src/implementation.o
                0x0800100c                HAL_TIM_PeriodElapsedCallback
 .text.setupReadingTimer
                0x08001034       0x3a ./Core/Src/implementation.o
                0x08001034                setupReadingTimer
 .text.system_init
                0x0800106e       0x50 ./Core/Src/implementation.o
                0x0800106e                system_init
 *fill*         0x080010be        0x2 
 .text.ball_estimation
                0x080010c0      0x244 ./Core/Src/implementation.o
                0x080010c0                ball_estimation
 *fill*         0x08001304        0x4 
 .text.read_encoder
                0x08001308      0x118 ./Core/Src/implementation.o
                0x08001308                read_encoder
 .text.apply_velocity_input
                0x08001420      0x100 ./Core/Src/implementation.o
                0x08001420                apply_velocity_input
 .text.PID_controller_position
                0x08001520      0x260 ./Core/Src/implementation.o
                0x08001520                PID_controller_position
 .text.__NVIC_EnableIRQ
                0x08001780       0x3c ./Core/Src/main.o
 .text.__NVIC_DisableIRQ
                0x080017bc       0x48 ./Core/Src/main.o
 .text.ITM_SendChar
                0x08001804       0x4e ./Core/Src/main.o
 *fill*         0x08001852        0x2 
 .text.main     0x08001854      0x1f0 ./Core/Src/main.o
                0x08001854                main
 .text.SystemClock_Config
                0x08001a44       0xd4 ./Core/Src/main.o
                0x08001a44                SystemClock_Config
 .text.MX_I2C1_Init
                0x08001b18       0x5c ./Core/Src/main.o
 .text.MX_TIM1_Init
                0x08001b74       0xb0 ./Core/Src/main.o
 .text.MX_TIM2_Init
                0x08001c24       0xb0 ./Core/Src/main.o
 .text.MX_TIM3_Init
                0x08001cd4       0x9c ./Core/Src/main.o
 .text.MX_TIM10_Init
                0x08001d70       0x48 ./Core/Src/main.o
 .text.MX_USART2_UART_Init
                0x08001db8       0x54 ./Core/Src/main.o
 .text.MX_GPIO_Init
                0x08001e0c      0x138 ./Core/Src/main.o
 .text.__io_putchar
                0x08001f44       0x1a ./Core/Src/main.o
                0x08001f44                __io_putchar
 .text.Error_Handler
                0x08001f5e        0xc ./Core/Src/main.o
                0x08001f5e                Error_Handler
 .text.PID_init
                0x08001f6a       0x86 ./Core/Src/pid_controller.o
                0x08001f6a                PID_init
 .text.set_limit
                0x08001ff0       0x3e ./Core/Src/pid_controller.o
                0x08001ff0                set_limit
 *fill*         0x0800202e        0x2 
 .text.PID_update
                0x08002030      0x1dc ./Core/Src/pid_controller.o
                0x08002030                PID_update
 .text.rbpush   0x0800220c       0x90 ./Core/Src/ringbuffer.o
                0x0800220c                rbpush
 .text.rblast   0x0800229c       0x60 ./Core/Src/ringbuffer.o
                0x0800229c                rblast
 .text.rbget    0x080022fc       0x80 ./Core/Src/ringbuffer.o
                0x080022fc                rbget
 .text.rbclear  0x0800237c       0x4c ./Core/Src/ringbuffer.o
                0x0800237c                rbclear
 .text.HAL_MspInit
                0x080023c8       0x50 ./Core/Src/stm32f4xx_hal_msp.o
                0x080023c8                HAL_MspInit
 .text.HAL_I2C_MspInit
                0x08002418       0x90 ./Core/Src/stm32f4xx_hal_msp.o
                0x08002418                HAL_I2C_MspInit
 .text.HAL_TIM_Encoder_MspInit
                0x080024a8       0xa0 ./Core/Src/stm32f4xx_hal_msp.o
                0x080024a8                HAL_TIM_Encoder_MspInit
 .text.HAL_TIM_PWM_MspInit
                0x08002548       0x40 ./Core/Src/stm32f4xx_hal_msp.o
                0x08002548                HAL_TIM_PWM_MspInit
 .text.HAL_TIM_Base_MspInit
                0x08002588       0x8c ./Core/Src/stm32f4xx_hal_msp.o
                0x08002588                HAL_TIM_Base_MspInit
 .text.HAL_TIM_MspPostInit
                0x08002614       0x70 ./Core/Src/stm32f4xx_hal_msp.o
                0x08002614                HAL_TIM_MspPostInit
 .text.HAL_UART_MspInit
                0x08002684       0x90 ./Core/Src/stm32f4xx_hal_msp.o
                0x08002684                HAL_UART_MspInit
 .text.NMI_Handler
                0x08002714        0x8 ./Core/Src/stm32f4xx_it.o
                0x08002714                NMI_Handler
 .text.HardFault_Handler
                0x0800271c        0x8 ./Core/Src/stm32f4xx_it.o
                0x0800271c                HardFault_Handler
 .text.MemManage_Handler
                0x08002724        0x8 ./Core/Src/stm32f4xx_it.o
                0x08002724                MemManage_Handler
 .text.BusFault_Handler
                0x0800272c        0x8 ./Core/Src/stm32f4xx_it.o
                0x0800272c                BusFault_Handler
 .text.UsageFault_Handler
                0x08002734        0x8 ./Core/Src/stm32f4xx_it.o
                0x08002734                UsageFault_Handler
 .text.SVC_Handler
                0x0800273c        0xe ./Core/Src/stm32f4xx_it.o
                0x0800273c                SVC_Handler
 .text.DebugMon_Handler
                0x0800274a        0xe ./Core/Src/stm32f4xx_it.o
                0x0800274a                DebugMon_Handler
 .text.PendSV_Handler
                0x08002758        0xe ./Core/Src/stm32f4xx_it.o
                0x08002758                PendSV_Handler
 .text.SysTick_Handler
                0x08002766        0xc ./Core/Src/stm32f4xx_it.o
                0x08002766                SysTick_Handler
 *fill*         0x08002772        0x2 
 .text.TIM1_UP_TIM10_IRQHandler
                0x08002774       0x1c ./Core/Src/stm32f4xx_it.o
                0x08002774                TIM1_UP_TIM10_IRQHandler
 .text.TIM3_IRQHandler
                0x08002790       0x14 ./Core/Src/stm32f4xx_it.o
                0x08002790                TIM3_IRQHandler
 .text.EXTI15_10_IRQHandler
                0x080027a4       0x10 ./Core/Src/stm32f4xx_it.o
                0x080027a4                EXTI15_10_IRQHandler
 .text._getpid  0x080027b4       0x10 ./Core/Src/syscalls.o
                0x080027b4                _getpid
 .text._kill    0x080027c4       0x20 ./Core/Src/syscalls.o
                0x080027c4                _kill
 .text._exit    0x080027e4       0x16 ./Core/Src/syscalls.o
                0x080027e4                _exit
 .text._read    0x080027fa       0x3a ./Core/Src/syscalls.o
                0x080027fa                _read
 .text._write   0x08002834       0x38 ./Core/Src/syscalls.o
                0x08002834                _write
 .text._close   0x0800286c       0x18 ./Core/Src/syscalls.o
                0x0800286c                _close
 .text._fstat   0x08002884       0x20 ./Core/Src/syscalls.o
                0x08002884                _fstat
 .text._isatty  0x080028a4       0x16 ./Core/Src/syscalls.o
                0x080028a4                _isatty
 .text._lseek   0x080028ba       0x1a ./Core/Src/syscalls.o
                0x080028ba                _lseek
 .text._sbrk    0x080028d4       0x6c ./Core/Src/sysmem.o
                0x080028d4                _sbrk
 .text.SystemInit
                0x08002940       0x24 ./Core/Src/system_stm32f4xx.o
                0x08002940                SystemInit
 .text.Reset_Handler
                0x08002964       0x50 ./Core/Startup/startup_stm32f411retx.o
                0x08002964                Reset_Handler
 .text.Default_Handler
                0x080029b4        0x2 ./Core/Startup/startup_stm32f411retx.o
                0x080029b4                RTC_Alarm_IRQHandler
                0x080029b4                EXTI2_IRQHandler
                0x080029b4                SPI4_IRQHandler
                0x080029b4                TIM1_CC_IRQHandler
                0x080029b4                DMA2_Stream5_IRQHandler
                0x080029b4                DMA1_Stream5_IRQHandler
                0x080029b4                PVD_IRQHandler
                0x080029b4                SDIO_IRQHandler
                0x080029b4                TAMP_STAMP_IRQHandler
                0x080029b4                EXTI3_IRQHandler
                0x080029b4                I2C3_ER_IRQHandler
                0x080029b4                EXTI0_IRQHandler
                0x080029b4                I2C2_EV_IRQHandler
                0x080029b4                DMA1_Stream2_IRQHandler
                0x080029b4                FPU_IRQHandler
                0x080029b4                DMA2_Stream2_IRQHandler
                0x080029b4                SPI1_IRQHandler
                0x080029b4                TIM1_BRK_TIM9_IRQHandler
                0x080029b4                DMA2_Stream3_IRQHandler
                0x080029b4                USART6_IRQHandler
                0x080029b4                DMA2_Stream0_IRQHandler
                0x080029b4                TIM4_IRQHandler
                0x080029b4                I2C1_EV_IRQHandler
                0x080029b4                DMA1_Stream6_IRQHandler
                0x080029b4                DMA1_Stream1_IRQHandler
                0x080029b4                RCC_IRQHandler
                0x080029b4                Default_Handler
                0x080029b4                ADC_IRQHandler
                0x080029b4                DMA1_Stream7_IRQHandler
                0x080029b4                SPI5_IRQHandler
                0x080029b4                TIM5_IRQHandler
                0x080029b4                DMA2_Stream7_IRQHandler
                0x080029b4                I2C3_EV_IRQHandler
                0x080029b4                EXTI9_5_IRQHandler
                0x080029b4                RTC_WKUP_IRQHandler
                0x080029b4                SPI2_IRQHandler
                0x080029b4                DMA1_Stream0_IRQHandler
                0x080029b4                EXTI4_IRQHandler
                0x080029b4                WWDG_IRQHandler
                0x080029b4                TIM2_IRQHandler
                0x080029b4                OTG_FS_WKUP_IRQHandler
                0x080029b4                TIM1_TRG_COM_TIM11_IRQHandler
                0x080029b4                EXTI1_IRQHandler
                0x080029b4                USART2_IRQHandler
                0x080029b4                I2C2_ER_IRQHandler
                0x080029b4                DMA2_Stream1_IRQHandler
                0x080029b4                FLASH_IRQHandler
                0x080029b4                DMA2_Stream4_IRQHandler
                0x080029b4                USART1_IRQHandler
                0x080029b4                OTG_FS_IRQHandler
                0x080029b4                SPI3_IRQHandler
                0x080029b4                DMA1_Stream4_IRQHandler
                0x080029b4                I2C1_ER_IRQHandler
                0x080029b4                DMA2_Stream6_IRQHandler
                0x080029b4                DMA1_Stream3_IRQHandler
 .text.VL53L0X_GetPalErrorString
                0x080029b6       0x2c ./Drivers/Librerie/VL53L0X/core/src/vl53l0x_api.o
                0x080029b6                VL53L0X_GetPalErrorString
 .text.VL53L0X_GetOffsetCalibrationDataMicroMeter
                0x080029e2       0x26 ./Drivers/Librerie/VL53L0X/core/src/vl53l0x_api.o
                0x080029e2                VL53L0X_GetOffsetCalibrationDataMicroMeter
 .text.VL53L0X_DataInit
                0x08002a08      0x30c ./Drivers/Librerie/VL53L0X/core/src/vl53l0x_api.o
                0x08002a08                VL53L0X_DataInit
 .text.VL53L0X_StaticInit
                0x08002d14      0x304 ./Drivers/Librerie/VL53L0X/core/src/vl53l0x_api.o
                0x08002d14                VL53L0X_StaticInit
 .text.VL53L0X_GetDeviceParameters
                0x08003018      0x16a ./Drivers/Librerie/VL53L0X/core/src/vl53l0x_api.o
                0x08003018                VL53L0X_GetDeviceParameters
 *fill*         0x08003182        0x2 
 .text.VL53L0X_SetDeviceMode
                0x08003184       0x58 ./Drivers/Librerie/VL53L0X/core/src/vl53l0x_api.o
                0x08003184                VL53L0X_SetDeviceMode
 .text.VL53L0X_GetDeviceMode
                0x080031dc       0x26 ./Drivers/Librerie/VL53L0X/core/src/vl53l0x_api.o
                0x080031dc                VL53L0X_GetDeviceMode
 .text.VL53L0X_GetFractionEnable
                0x08003202       0x3e ./Drivers/Librerie/VL53L0X/core/src/vl53l0x_api.o
                0x08003202                VL53L0X_GetFractionEnable
 .text.VL53L0X_SetMeasurementTimingBudgetMicroSeconds
                0x08003240       0x26 ./Drivers/Librerie/VL53L0X/core/src/vl53l0x_api.o
                0x08003240                VL53L0X_SetMeasurementTimingBudgetMicroSeconds
 .text.VL53L0X_GetMeasurementTimingBudgetMicroSeconds
                0x08003266       0x26 ./Drivers/Librerie/VL53L0X/core/src/vl53l0x_api.o
                0x08003266                VL53L0X_GetMeasurementTimingBudgetMicroSeconds
 .text.VL53L0X_SetVcselPulsePeriod
                0x0800328c       0x30 ./Drivers/Librerie/VL53L0X/core/src/vl53l0x_api.o
                0x0800328c                VL53L0X_SetVcselPulsePeriod
 .text.VL53L0X_GetVcselPulsePeriod
                0x080032bc       0x2e ./Drivers/Librerie/VL53L0X/core/src/vl53l0x_api.o
                0x080032bc                VL53L0X_GetVcselPulsePeriod
 *fill*         0x080032ea        0x2 
 .text.VL53L0X_SetSequenceStepEnable
                0x080032ec      0x140 ./Drivers/Librerie/VL53L0X/core/src/vl53l0x_api.o
                0x080032ec                VL53L0X_SetSequenceStepEnable
 .text.sequence_step_enabled
                0x0800342c       0xa4 ./Drivers/Librerie/VL53L0X/core/src/vl53l0x_api.o
                0x0800342c                sequence_step_enabled
 .text.VL53L0X_GetSequenceStepEnables
                0x080034d0       0xb0 ./Drivers/Librerie/VL53L0X/core/src/vl53l0x_api.o
                0x080034d0                VL53L0X_GetSequenceStepEnables
 .text.VL53L0X_SetInterMeasurementPeriodMilliSeconds
                0x08003580       0x68 ./Drivers/Librerie/VL53L0X/core/src/vl53l0x_api.o
                0x08003580                VL53L0X_SetInterMeasurementPeriodMilliSeconds
 .text.VL53L0X_GetInterMeasurementPeriodMilliSeconds
                0x080035e8       0x68 ./Drivers/Librerie/VL53L0X/core/src/vl53l0x_api.o
                0x080035e8                VL53L0X_GetInterMeasurementPeriodMilliSeconds
 .text.VL53L0X_GetXTalkCompensationEnable
                0x08003650       0x2a ./Drivers/Librerie/VL53L0X/core/src/vl53l0x_api.o
                0x08003650                VL53L0X_GetXTalkCompensationEnable
 .text.VL53L0X_GetXTalkCompensationRateMegaCps
                0x0800367a       0x66 ./Drivers/Librerie/VL53L0X/core/src/vl53l0x_api.o
                0x0800367a                VL53L0X_GetXTalkCompensationRateMegaCps
 .text.VL53L0X_SetLimitCheckEnable
                0x080036e0      0x118 ./Drivers/Librerie/VL53L0X/core/src/vl53l0x_api.o
                0x080036e0                VL53L0X_SetLimitCheckEnable
 .text.VL53L0X_GetLimitCheckEnable
                0x080037f8       0x46 ./Drivers/Librerie/VL53L0X/core/src/vl53l0x_api.o
                0x080037f8                VL53L0X_GetLimitCheckEnable
 *fill*         0x0800383e        0x2 
 .text.VL53L0X_SetLimitCheckValue
                0x08003840       0xc4 ./Drivers/Librerie/VL53L0X/core/src/vl53l0x_api.o
                0x08003840                VL53L0X_SetLimitCheckValue
 .text.VL53L0X_GetLimitCheckValue
                0x08003904      0x11c ./Drivers/Librerie/VL53L0X/core/src/vl53l0x_api.o
                0x08003904                VL53L0X_GetLimitCheckValue
 .text.VL53L0X_GetWrapAroundCheckEnable
                0x08003a20       0x64 ./Drivers/Librerie/VL53L0X/core/src/vl53l0x_api.o
                0x08003a20                VL53L0X_GetWrapAroundCheckEnable
 .text.VL53L0X_PerformSingleMeasurement
                0x08003a84       0x68 ./Drivers/Librerie/VL53L0X/core/src/vl53l0x_api.o
                0x08003a84                VL53L0X_PerformSingleMeasurement
 .text.VL53L0X_PerformRefCalibration
                0x08003aec       0x2c ./Drivers/Librerie/VL53L0X/core/src/vl53l0x_api.o
                0x08003aec                VL53L0X_PerformRefCalibration
 .text.VL53L0X_CheckAndLoadInterruptSettings
                0x08003b18      0x1e4 ./Drivers/Librerie/VL53L0X/core/src/vl53l0x_api.o
                0x08003b18                VL53L0X_CheckAndLoadInterruptSettings
 .text.VL53L0X_StartMeasurement
                0x08003cfc      0x184 ./Drivers/Librerie/VL53L0X/core/src/vl53l0x_api.o
                0x08003cfc                VL53L0X_StartMeasurement
 .text.VL53L0X_GetMeasurementDataReady
                0x08003e80       0x80 ./Drivers/Librerie/VL53L0X/core/src/vl53l0x_api.o
                0x08003e80                VL53L0X_GetMeasurementDataReady
 .text.VL53L0X_GetRangingMeasurementData
                0x08003f00      0x238 ./Drivers/Librerie/VL53L0X/core/src/vl53l0x_api.o
                0x08003f00                VL53L0X_GetRangingMeasurementData
 .text.VL53L0X_PerformSingleRangingMeasurement
                0x08004138       0x60 ./Drivers/Librerie/VL53L0X/core/src/vl53l0x_api.o
                0x08004138                VL53L0X_PerformSingleRangingMeasurement
 .text.VL53L0X_SetGpioConfig
                0x08004198      0x244 ./Drivers/Librerie/VL53L0X/core/src/vl53l0x_api.o
                0x08004198                VL53L0X_SetGpioConfig
 .text.VL53L0X_GetInterruptThresholds
                0x080043dc       0x68 ./Drivers/Librerie/VL53L0X/core/src/vl53l0x_api.o
                0x080043dc                VL53L0X_GetInterruptThresholds
 .text.VL53L0X_ClearInterruptMask
                0x08004444       0x80 ./Drivers/Librerie/VL53L0X/core/src/vl53l0x_api.o
                0x08004444                VL53L0X_ClearInterruptMask
 .text.VL53L0X_GetInterruptMaskStatus
                0x080044c4       0x44 ./Drivers/Librerie/VL53L0X/core/src/vl53l0x_api.o
                0x080044c4                VL53L0X_GetInterruptMaskStatus
 .text.VL53L0X_PerformRefSpadManagement
                0x08004508       0x2a ./Drivers/Librerie/VL53L0X/core/src/vl53l0x_api.o
                0x08004508                VL53L0X_PerformRefSpadManagement
 .text.VL53L0X_get_offset_calibration_data_micro_meter
                0x08004532       0x7e ./Drivers/Librerie/VL53L0X/core/src/vl53l0x_api_calibration.o
                0x08004532                VL53L0X_get_offset_calibration_data_micro_meter
 .text.get_next_good_spad
                0x080045b0       0xbc ./Drivers/Librerie/VL53L0X/core/src/vl53l0x_api_calibration.o
                0x080045b0                get_next_good_spad
 .text.is_aperture
                0x0800466c       0x34 ./Drivers/Librerie/VL53L0X/core/src/vl53l0x_api_calibration.o
                0x0800466c                is_aperture
 .text.enable_spad_bit
                0x080046a0       0x70 ./Drivers/Librerie/VL53L0X/core/src/vl53l0x_api_calibration.o
                0x080046a0                enable_spad_bit
 .text.set_ref_spad_map
                0x08004710       0x26 ./Drivers/Librerie/VL53L0X/core/src/vl53l0x_api_calibration.o
                0x08004710                set_ref_spad_map
 .text.get_ref_spad_map
                0x08004736       0x26 ./Drivers/Librerie/VL53L0X/core/src/vl53l0x_api_calibration.o
                0x08004736                get_ref_spad_map
 .text.enable_ref_spads
                0x0800475c       0xf8 ./Drivers/Librerie/VL53L0X/core/src/vl53l0x_api_calibration.o
                0x0800475c                enable_ref_spads
 .text.perform_ref_signal_measurement
                0x08004854       0xd4 ./Drivers/Librerie/VL53L0X/core/src/vl53l0x_api_calibration.o
                0x08004854                perform_ref_signal_measurement
 .text.VL53L0X_perform_ref_spad_management
                0x08004928      0x418 ./Drivers/Librerie/VL53L0X/core/src/vl53l0x_api_calibration.o
                0x08004928                VL53L0X_perform_ref_spad_management
 .text.VL53L0X_set_reference_spads
                0x08004d40      0x14a ./Drivers/Librerie/VL53L0X/core/src/vl53l0x_api_calibration.o
                0x08004d40                VL53L0X_set_reference_spads
 .text.VL53L0X_perform_single_ref_calibration
                0x08004e8a       0x76 ./Drivers/Librerie/VL53L0X/core/src/vl53l0x_api_calibration.o
                0x08004e8a                VL53L0X_perform_single_ref_calibration
 .text.VL53L0X_ref_calibration_io
                0x08004f00      0x132 ./Drivers/Librerie/VL53L0X/core/src/vl53l0x_api_calibration.o
                0x08004f00                VL53L0X_ref_calibration_io
 .text.VL53L0X_perform_vhv_calibration
                0x08005032       0xce ./Drivers/Librerie/VL53L0X/core/src/vl53l0x_api_calibration.o
                0x08005032                VL53L0X_perform_vhv_calibration
 .text.VL53L0X_perform_phase_calibration
                0x08005100       0xca ./Drivers/Librerie/VL53L0X/core/src/vl53l0x_api_calibration.o
                0x08005100                VL53L0X_perform_phase_calibration
 .text.VL53L0X_perform_ref_calibration
                0x080051ca       0x7a ./Drivers/Librerie/VL53L0X/core/src/vl53l0x_api_calibration.o
                0x080051ca                VL53L0X_perform_ref_calibration
 .text.VL53L0X_measurement_poll_for_completion
                0x08005244       0x60 ./Drivers/Librerie/VL53L0X/core/src/vl53l0x_api_core.o
                0x08005244                VL53L0X_measurement_poll_for_completion
 .text.VL53L0X_decode_vcsel_period
                0x080052a4       0x26 ./Drivers/Librerie/VL53L0X/core/src/vl53l0x_api_core.o
                0x080052a4                VL53L0X_decode_vcsel_period
 .text.VL53L0X_encode_vcsel_period
                0x080052ca       0x26 ./Drivers/Librerie/VL53L0X/core/src/vl53l0x_api_core.o
                0x080052ca                VL53L0X_encode_vcsel_period
 .text.VL53L0X_isqrt
                0x080052f0       0x68 ./Drivers/Librerie/VL53L0X/core/src/vl53l0x_api_core.o
                0x080052f0                VL53L0X_isqrt
 .text.VL53L0X_device_read_strobe
                0x08005358       0x86 ./Drivers/Librerie/VL53L0X/core/src/vl53l0x_api_core.o
                0x08005358                VL53L0X_device_read_strobe
 .text.VL53L0X_get_info_from_device
                0x080053de      0x99c ./Drivers/Librerie/VL53L0X/core/src/vl53l0x_api_core.o
                0x080053de                VL53L0X_get_info_from_device
 .text.VL53L0X_calc_macro_period_ps
                0x08005d7a       0x3c ./Drivers/Librerie/VL53L0X/core/src/vl53l0x_api_core.o
                0x08005d7a                VL53L0X_calc_macro_period_ps
 .text.VL53L0X_encode_timeout
                0x08005db6       0x54 ./Drivers/Librerie/VL53L0X/core/src/vl53l0x_api_core.o
                0x08005db6                VL53L0X_encode_timeout
 .text.VL53L0X_decode_timeout
                0x08005e0a       0x2c ./Drivers/Librerie/VL53L0X/core/src/vl53l0x_api_core.o
                0x08005e0a                VL53L0X_decode_timeout
 *fill*         0x08005e36        0x2 
 .text.VL53L0X_calc_timeout_mclks
                0x08005e38       0x54 ./Drivers/Librerie/VL53L0X/core/src/vl53l0x_api_core.o
                0x08005e38                VL53L0X_calc_timeout_mclks
 .text.VL53L0X_calc_timeout_us
                0x08005e8c       0x54 ./Drivers/Librerie/VL53L0X/core/src/vl53l0x_api_core.o
                0x08005e8c                VL53L0X_calc_timeout_us
 .text.get_sequence_step_timeout
                0x08005ee0      0x1c0 ./Drivers/Librerie/VL53L0X/core/src/vl53l0x_api_core.o
                0x08005ee0                get_sequence_step_timeout
 .text.set_sequence_step_timeout
                0x080060a0      0x1e4 ./Drivers/Librerie/VL53L0X/core/src/vl53l0x_api_core.o
                0x080060a0                set_sequence_step_timeout
 .text.VL53L0X_set_vcsel_pulse_period
                0x08006284      0x50e ./Drivers/Librerie/VL53L0X/core/src/vl53l0x_api_core.o
                0x08006284                VL53L0X_set_vcsel_pulse_period
 .text.VL53L0X_get_vcsel_pulse_period
                0x08006792       0x6e ./Drivers/Librerie/VL53L0X/core/src/vl53l0x_api_core.o
                0x08006792                VL53L0X_get_vcsel_pulse_period
 .text.VL53L0X_set_measurement_timing_budget_micro_seconds
                0x08006800      0x1a6 ./Drivers/Librerie/VL53L0X/core/src/vl53l0x_api_core.o
                0x08006800                VL53L0X_set_measurement_timing_budget_micro_seconds
 .text.VL53L0X_get_measurement_timing_budget_micro_seconds
                0x080069a6      0x162 ./Drivers/Librerie/VL53L0X/core/src/vl53l0x_api_core.o
                0x080069a6                VL53L0X_get_measurement_timing_budget_micro_seconds
 .text.VL53L0X_load_tuning_settings
                0x08006b08      0x1c4 ./Drivers/Librerie/VL53L0X/core/src/vl53l0x_api_core.o
                0x08006b08                VL53L0X_load_tuning_settings
 .text.VL53L0X_get_total_xtalk_rate
                0x08006ccc       0x5e ./Drivers/Librerie/VL53L0X/core/src/vl53l0x_api_core.o
                0x08006ccc                VL53L0X_get_total_xtalk_rate
 .text.VL53L0X_get_total_signal_rate
                0x08006d2a       0x4a ./Drivers/Librerie/VL53L0X/core/src/vl53l0x_api_core.o
                0x08006d2a                VL53L0X_get_total_signal_rate
 .text.get_dmax_lut_points
                0x08006d74       0x8e ./Drivers/Librerie/VL53L0X/core/src/vl53l0x_api_core.o
                0x08006d74                get_dmax_lut_points
 .text.VL53L0X_calc_dmax
                0x08006e02      0x14c ./Drivers/Librerie/VL53L0X/core/src/vl53l0x_api_core.o
                0x08006e02                VL53L0X_calc_dmax
 *fill*         0x08006f4e        0x2 
 .text.VL53L0X_calc_sigma_estimate
                0x08006f50      0x45c ./Drivers/Librerie/VL53L0X/core/src/vl53l0x_api_core.o
                0x08006f50                VL53L0X_calc_sigma_estimate
 .text.VL53L0X_get_pal_range_status
                0x080073ac      0x3c4 ./Drivers/Librerie/VL53L0X/core/src/vl53l0x_api_core.o
                0x080073ac                VL53L0X_get_pal_range_status
 .text.VL53L0X_get_pal_error_string
                0x08007770      0x404 ./Drivers/Librerie/VL53L0X/core/src/vl53l0x_api_strings.o
                0x08007770                VL53L0X_get_pal_error_string
 .text.cont_lidar_init
                0x08007b74      0x164 ./Drivers/Librerie/VL53L0X/lidarvl53.o
                0x08007b74                cont_lidar_init
 .text.getRangeData
                0x08007cd8       0x54 ./Drivers/Librerie/VL53L0X/lidarvl53.o
                0x08007cd8                getRangeData
 .text.print_pal_error
                0x08007d2c       0x38 ./Drivers/Librerie/VL53L0X/lidarvl53.o
                0x08007d2c                print_pal_error
 .text._I2CWrite
                0x08007d64       0x3e ./Drivers/Librerie/VL53L0X/platform/src/vl53l0x_platform.o
                0x08007d64                _I2CWrite
 .text._I2CRead
                0x08007da2       0x44 ./Drivers/Librerie/VL53L0X/platform/src/vl53l0x_platform.o
                0x08007da2                _I2CRead
 *fill*         0x08007de6        0x2 
 .text.VL53L0X_WriteMulti
                0x08007de8       0x60 ./Drivers/Librerie/VL53L0X/platform/src/vl53l0x_platform.o
                0x08007de8                VL53L0X_WriteMulti
 .text.VL53L0X_ReadMulti
                0x08007e48       0x56 ./Drivers/Librerie/VL53L0X/platform/src/vl53l0x_platform.o
                0x08007e48                VL53L0X_ReadMulti
 *fill*         0x08007e9e        0x2 
 .text.VL53L0X_WrByte
                0x08007ea0       0x48 ./Drivers/Librerie/VL53L0X/platform/src/vl53l0x_platform.o
                0x08007ea0                VL53L0X_WrByte
 .text.VL53L0X_WrWord
                0x08007ee8       0x54 ./Drivers/Librerie/VL53L0X/platform/src/vl53l0x_platform.o
                0x08007ee8                VL53L0X_WrWord
 .text.VL53L0X_WrDWord
                0x08007f3c       0x64 ./Drivers/Librerie/VL53L0X/platform/src/vl53l0x_platform.o
                0x08007f3c                VL53L0X_WrDWord
 .text.VL53L0X_UpdateByte
                0x08007fa0       0x68 ./Drivers/Librerie/VL53L0X/platform/src/vl53l0x_platform.o
                0x08007fa0                VL53L0X_UpdateByte
 .text.VL53L0X_RdByte
                0x08008008       0x54 ./Drivers/Librerie/VL53L0X/platform/src/vl53l0x_platform.o
                0x08008008                VL53L0X_RdByte
 .text.VL53L0X_RdWord
                0x0800805c       0x6c ./Drivers/Librerie/VL53L0X/platform/src/vl53l0x_platform.o
                0x0800805c                VL53L0X_RdWord
 .text.VL53L0X_RdDWord
                0x080080c8       0x78 ./Drivers/Librerie/VL53L0X/platform/src/vl53l0x_platform.o
                0x080080c8                VL53L0X_RdDWord
 .text.VL53L0X_PollingDelay
                0x08008140       0x1e ./Drivers/Librerie/VL53L0X/platform/src/vl53l0x_platform.o
                0x08008140                VL53L0X_PollingDelay
 *fill*         0x0800815e        0x2 
 .text.HAL_Init
                0x08008160       0x44 ./Drivers/STM32F4xx_HAL_Driver/Src/stm32f4xx_hal.o
                0x08008160                HAL_Init
 .text.HAL_InitTick
                0x080081a4       0x60 ./Drivers/STM32F4xx_HAL_Driver/Src/stm32f4xx_hal.o
                0x080081a4                HAL_InitTick
 .text.HAL_IncTick
                0x08008204       0x28 ./Drivers/STM32F4xx_HAL_Driver/Src/stm32f4xx_hal.o
                0x08008204                HAL_IncTick
 .text.HAL_GetTick
                0x0800822c       0x18 ./Drivers/STM32F4xx_HAL_Driver/Src/stm32f4xx_hal.o
                0x0800822c                HAL_GetTick
 .text.HAL_Delay
                0x08008244       0x48 ./Drivers/STM32F4xx_HAL_Driver/Src/stm32f4xx_hal.o
                0x08008244                HAL_Delay
 .text.__NVIC_SetPriorityGrouping
                0x0800828c       0x48 ./Drivers/STM32F4xx_HAL_Driver/Src/stm32f4xx_hal_cortex.o
 .text.__NVIC_GetPriorityGrouping
                0x080082d4       0x1c ./Drivers/STM32F4xx_HAL_Driver/Src/stm32f4xx_hal_cortex.o
 .text.__NVIC_EnableIRQ
                0x080082f0       0x3c ./Drivers/STM32F4xx_HAL_Driver/Src/stm32f4xx_hal_cortex.o
 .text.__NVIC_SetPriority
                0x0800832c       0x54 ./Drivers/STM32F4xx_HAL_Driver/Src/stm32f4xx_hal_cortex.o
 .text.NVIC_EncodePriority
                0x08008380       0x66 ./Drivers/STM32F4xx_HAL_Driver/Src/stm32f4xx_hal_cortex.o
 *fill*         0x080083e6        0x2 
 .text.SysTick_Config
                0x080083e8       0x44 ./Drivers/STM32F4xx_HAL_Driver/Src/stm32f4xx_hal_cortex.o
 .text.HAL_NVIC_SetPriorityGrouping
                0x0800842c       0x16 ./Drivers/STM32F4xx_HAL_Driver/Src/stm32f4xx_hal_cortex.o
                0x0800842c                HAL_NVIC_SetPriorityGrouping
 .text.HAL_NVIC_SetPriority
                0x08008442       0x38 ./Drivers/STM32F4xx_HAL_Driver/Src/stm32f4xx_hal_cortex.o
                0x08008442                HAL_NVIC_SetPriority
 .text.HAL_NVIC_EnableIRQ
                0x0800847a       0x1c ./Drivers/STM32F4xx_HAL_Driver/Src/stm32f4xx_hal_cortex.o
                0x0800847a                HAL_NVIC_EnableIRQ
 .text.HAL_SYSTICK_Config
                0x08008496       0x18 ./Drivers/STM32F4xx_HAL_Driver/Src/stm32f4xx_hal_cortex.o
                0x08008496                HAL_SYSTICK_Config
 *fill*         0x080084ae        0x2 
 .text.HAL_GPIO_Init
                0x080084b0      0x308 ./Drivers/STM32F4xx_HAL_Driver/Src/stm32f4xx_hal_gpio.o
                0x080084b0                HAL_GPIO_Init
 .text.HAL_GPIO_WritePin
                0x080087b8       0x32 ./Drivers/STM32F4xx_HAL_Driver/Src/stm32f4xx_hal_gpio.o
                0x080087b8                HAL_GPIO_WritePin
 *fill*         0x080087ea        0x2 
 .text.HAL_GPIO_EXTI_IRQHandler
                0x080087ec       0x30 ./Drivers/STM32F4xx_HAL_Driver/Src/stm32f4xx_hal_gpio.o
                0x080087ec                HAL_GPIO_EXTI_IRQHandler
 .text.HAL_I2C_Init
                0x0800881c      0x288 ./Drivers/STM32F4xx_HAL_Driver/Src/stm32f4xx_hal_i2c.o
                0x0800881c                HAL_I2C_Init
 .text.HAL_I2C_Master_Transmit
                0x08008aa4      0x1fc ./Drivers/STM32F4xx_HAL_Driver/Src/stm32f4xx_hal_i2c.o
                0x08008aa4                HAL_I2C_Master_Transmit
 .text.HAL_I2C_Master_Receive
                0x08008ca0      0x464 ./Drivers/STM32F4xx_HAL_Driver/Src/stm32f4xx_hal_i2c.o
                0x08008ca0                HAL_I2C_Master_Receive
 .text.I2C_MasterRequestWrite
                0x08009104      0x104 ./Drivers/STM32F4xx_HAL_Driver/Src/stm32f4xx_hal_i2c.o
 .text.I2C_MasterRequestRead
                0x08009208      0x19c ./Drivers/STM32F4xx_HAL_Driver/Src/stm32f4xx_hal_i2c.o
 .text.I2C_WaitOnFlagUntilTimeout
                0x080093a4       0xf4 ./Drivers/STM32F4xx_HAL_Driver/Src/stm32f4xx_hal_i2c.o
 .text.I2C_WaitOnMasterAddressFlagUntilTimeout
                0x08009498      0x140 ./Drivers/STM32F4xx_HAL_Driver/Src/stm32f4xx_hal_i2c.o
 .text.I2C_WaitOnTXEFlagUntilTimeout
                0x080095d8       0x90 ./Drivers/STM32F4xx_HAL_Driver/Src/stm32f4xx_hal_i2c.o
 .text.I2C_WaitOnBTFFlagUntilTimeout
                0x08009668       0x90 ./Drivers/STM32F4xx_HAL_Driver/Src/stm32f4xx_hal_i2c.o
 .text.I2C_WaitOnRXNEFlagUntilTimeout
                0x080096f8       0xba ./Drivers/STM32F4xx_HAL_Driver/Src/stm32f4xx_hal_i2c.o
 .text.I2C_IsAcknowledgeFailed
                0x080097b2       0x5e ./Drivers/STM32F4xx_HAL_Driver/Src/stm32f4xx_hal_i2c.o
 .text.HAL_RCC_OscConfig
                0x08009810      0x4f0 ./Drivers/STM32F4xx_HAL_Driver/Src/stm32f4xx_hal_rcc.o
                0x08009810                HAL_RCC_OscConfig
 .text.HAL_RCC_ClockConfig
                0x08009d00      0x1cc ./Drivers/STM32F4xx_HAL_Driver/Src/stm32f4xx_hal_rcc.o
                0x08009d00                HAL_RCC_ClockConfig
 .text.HAL_RCC_GetSysClockFreq
                0x08009ecc      0x20c ./Drivers/STM32F4xx_HAL_Driver/Src/stm32f4xx_hal_rcc.o
                0x08009ecc                HAL_RCC_GetSysClockFreq
 .text.HAL_RCC_GetHCLKFreq
                0x0800a0d8       0x18 ./Drivers/STM32F4xx_HAL_Driver/Src/stm32f4xx_hal_rcc.o
                0x0800a0d8                HAL_RCC_GetHCLKFreq
 .text.HAL_RCC_GetPCLK1Freq
                0x0800a0f0       0x28 ./Drivers/STM32F4xx_HAL_Driver/Src/stm32f4xx_hal_rcc.o
                0x0800a0f0                HAL_RCC_GetPCLK1Freq
 .text.HAL_RCC_GetPCLK2Freq
                0x0800a118       0x28 ./Drivers/STM32F4xx_HAL_Driver/Src/stm32f4xx_hal_rcc.o
                0x0800a118                HAL_RCC_GetPCLK2Freq
 .text.HAL_TIM_Base_Init
                0x0800a140       0x9e ./Drivers/STM32F4xx_HAL_Driver/Src/stm32f4xx_hal_tim.o
                0x0800a140                HAL_TIM_Base_Init
 *fill*         0x0800a1de        0x2 
 .text.HAL_TIM_Base_Start_IT
                0x0800a1e0       0xc4 ./Drivers/STM32F4xx_HAL_Driver/Src/stm32f4xx_hal_tim.o
                0x0800a1e0                HAL_TIM_Base_Start_IT
 .text.HAL_TIM_PWM_Init
                0x0800a2a4       0x9e ./Drivers/STM32F4xx_HAL_Driver/Src/stm32f4xx_hal_tim.o
                0x0800a2a4                HAL_TIM_PWM_Init
 *fill*         0x0800a342        0x2 
 .text.HAL_TIM_PWM_Start
                0x0800a344      0x160 ./Drivers/STM32F4xx_HAL_Driver/Src/stm32f4xx_hal_tim.o
                0x0800a344                HAL_TIM_PWM_Start
 .text.HAL_TIM_Encoder_Init
                0x0800a4a4      0x14c ./Drivers/STM32F4xx_HAL_Driver/Src/stm32f4xx_hal_tim.o
                0x0800a4a4                HAL_TIM_Encoder_Init
 .text.HAL_TIM_IRQHandler
                0x0800a5f0      0x1e0 ./Drivers/STM32F4xx_HAL_Driver/Src/stm32f4xx_hal_tim.o
                0x0800a5f0                HAL_TIM_IRQHandler
 .text.HAL_TIM_PWM_ConfigChannel
                0x0800a7d0      0x184 ./Drivers/STM32F4xx_HAL_Driver/Src/stm32f4xx_hal_tim.o
                0x0800a7d0                HAL_TIM_PWM_ConfigChannel
 .text.HAL_TIM_ConfigClockSource
                0x0800a954      0x18e ./Drivers/STM32F4xx_HAL_Driver/Src/stm32f4xx_hal_tim.o
                0x0800a954                HAL_TIM_ConfigClockSource
 .text.HAL_TIM_OC_DelayElapsedCallback
                0x0800aae2       0x14 ./Drivers/STM32F4xx_HAL_Driver/Src/stm32f4xx_hal_tim.o
                0x0800aae2                HAL_TIM_OC_DelayElapsedCallback
 .text.HAL_TIM_IC_CaptureCallback
                0x0800aaf6       0x14 ./Drivers/STM32F4xx_HAL_Driver/Src/stm32f4xx_hal_tim.o
                0x0800aaf6                HAL_TIM_IC_CaptureCallback
 .text.HAL_TIM_PWM_PulseFinishedCallback
                0x0800ab0a       0x14 ./Drivers/STM32F4xx_HAL_Driver/Src/stm32f4xx_hal_tim.o
                0x0800ab0a                HAL_TIM_PWM_PulseFinishedCallback
 .text.HAL_TIM_TriggerCallback
                0x0800ab1e       0x14 ./Drivers/STM32F4xx_HAL_Driver/Src/stm32f4xx_hal_tim.o
                0x0800ab1e                HAL_TIM_TriggerCallback
 *fill*         0x0800ab32        0x2 
 .text.TIM_Base_SetConfig
                0x0800ab34      0x118 ./Drivers/STM32F4xx_HAL_Driver/Src/stm32f4xx_hal_tim.o
                0x0800ab34                TIM_Base_SetConfig
 .text.TIM_OC1_SetConfig
                0x0800ac4c       0xcc ./Drivers/STM32F4xx_HAL_Driver/Src/stm32f4xx_hal_tim.o
 .text.TIM_OC2_SetConfig
                0x0800ad18       0xd8 ./Drivers/STM32F4xx_HAL_Driver/Src/stm32f4xx_hal_tim.o
                0x0800ad18                TIM_OC2_SetConfig
 .text.TIM_OC3_SetConfig
                0x0800adf0       0xd4 ./Drivers/STM32F4xx_HAL_Driver/Src/stm32f4xx_hal_tim.o
 .text.TIM_OC4_SetConfig
                0x0800aec4       0xa0 ./Drivers/STM32F4xx_HAL_Driver/Src/stm32f4xx_hal_tim.o
 .text.TIM_TI1_ConfigInputStage
                0x0800af64       0x5e ./Drivers/STM32F4xx_HAL_Driver/Src/stm32f4xx_hal_tim.o
 .text.TIM_TI2_ConfigInputStage
                0x0800afc2       0x60 ./Drivers/STM32F4xx_HAL_Driver/Src/stm32f4xx_hal_tim.o
 .text.TIM_ITRx_SetConfig
                0x0800b022       0x36 ./Drivers/STM32F4xx_HAL_Driver/Src/stm32f4xx_hal_tim.o
 .text.TIM_ETR_SetConfig
                0x0800b058       0x40 ./Drivers/STM32F4xx_HAL_Driver/Src/stm32f4xx_hal_tim.o
                0x0800b058                TIM_ETR_SetConfig
 .text.TIM_CCxChannelCmd
                0x0800b098       0x4a ./Drivers/STM32F4xx_HAL_Driver/Src/stm32f4xx_hal_tim.o
                0x0800b098                TIM_CCxChannelCmd
 *fill*         0x0800b0e2        0x2 
 .text.HAL_TIMEx_MasterConfigSynchronization
                0x0800b0e4       0xdc ./Drivers/STM32F4xx_HAL_Driver/Src/stm32f4xx_hal_tim_ex.o
                0x0800b0e4                HAL_TIMEx_MasterConfigSynchronization
 .text.HAL_TIMEx_CommutCallback
                0x0800b1c0       0x14 ./Drivers/STM32F4xx_HAL_Driver/Src/stm32f4xx_hal_tim_ex.o
                0x0800b1c0                HAL_TIMEx_CommutCallback
 .text.HAL_TIMEx_BreakCallback
                0x0800b1d4       0x14 ./Drivers/STM32F4xx_HAL_Driver/Src/stm32f4xx_hal_tim_ex.o
                0x0800b1d4                HAL_TIMEx_BreakCallback
 .text.HAL_UART_Init
                0x0800b1e8       0xa0 ./Drivers/STM32F4xx_HAL_Driver/Src/stm32f4xx_hal_uart.o
                0x0800b1e8                HAL_UART_Init
 .text.UART_SetConfig
                0x0800b288      0x4e8 ./Drivers/STM32F4xx_HAL_Driver/Src/stm32f4xx_hal_uart.o
 .text.__cvt    0x0800b770       0xca C:/ST/STM32CubeIDE_1.15.0/STM32CubeIDE/plugins/com.st.stm32cube.ide.mcu.externaltools.gnu-tools-for-stm32.12.3.rel1.win32_1.0.100.202403111256/tools/bin/../lib/gcc/arm-none-eabi/12.3.1/../../../../arm-none-eabi/lib/thumb/v7e-m+fp/hard\libc_nano.a(libc_a-nano-vfprintf_float.o)
                0x0800b770                __cvt
 .text.__exponent
                0x0800b83a       0x74 C:/ST/STM32CubeIDE_1.15.0/STM32CubeIDE/plugins/com.st.stm32cube.ide.mcu.externaltools.gnu-tools-for-stm32.12.3.rel1.win32_1.0.100.202403111256/tools/bin/../lib/gcc/arm-none-eabi/12.3.1/../../../../arm-none-eabi/lib/thumb/v7e-m+fp/hard\libc_nano.a(libc_a-nano-vfprintf_float.o)
                0x0800b83a                __exponent
 *fill*         0x0800b8ae        0x2 
 .text._printf_float
                0x0800b8b0      0x454 C:/ST/STM32CubeIDE_1.15.0/STM32CubeIDE/plugins/com.st.stm32cube.ide.mcu.externaltools.gnu-tools-for-stm32.12.3.rel1.win32_1.0.100.202403111256/tools/bin/../lib/gcc/arm-none-eabi/12.3.1/../../../../arm-none-eabi/lib/thumb/v7e-m+fp/hard\libc_nano.a(libc_a-nano-vfprintf_float.o)
                0x0800b8b0                _printf_float
 .text._printf_common
                0x0800bd04       0xda C:/ST/STM32CubeIDE_1.15.0/STM32CubeIDE/plugins/com.st.stm32cube.ide.mcu.externaltools.gnu-tools-for-stm32.12.3.rel1.win32_1.0.100.202403111256/tools/bin/../lib/gcc/arm-none-eabi/12.3.1/../../../../arm-none-eabi/lib/thumb/v7e-m+fp/hard\libc_nano.a(libc_a-nano-vfprintf_i.o)
                0x0800bd04                _printf_common
 *fill*         0x0800bdde        0x2 
 .text._printf_i
                0x0800bde0      0x240 C:/ST/STM32CubeIDE_1.15.0/STM32CubeIDE/plugins/com.st.stm32cube.ide.mcu.externaltools.gnu-tools-for-stm32.12.3.rel1.win32_1.0.100.202403111256/tools/bin/../lib/gcc/arm-none-eabi/12.3.1/../../../../arm-none-eabi/lib/thumb/v7e-m+fp/hard\libc_nano.a(libc_a-nano-vfprintf_i.o)
                0x0800bde0                _printf_i
 .text._scanf_float
                0x0800c020      0x428 C:/ST/STM32CubeIDE_1.15.0/STM32CubeIDE/plugins/com.st.stm32cube.ide.mcu.externaltools.gnu-tools-for-stm32.12.3.rel1.win32_1.0.100.202403111256/tools/bin/../lib/gcc/arm-none-eabi/12.3.1/../../../../arm-none-eabi/lib/thumb/v7e-m+fp/hard\libc_nano.a(libc_a-nano-vfscanf_float.o)
                0x0800c020                _scanf_float
 .text.__sflush_r
                0x0800c448      0x108 C:/ST/STM32CubeIDE_1.15.0/STM32CubeIDE/plugins/com.st.stm32cube.ide.mcu.externaltools.gnu-tools-for-stm32.12.3.rel1.win32_1.0.100.202403111256/tools/bin/../lib/gcc/arm-none-eabi/12.3.1/../../../../arm-none-eabi/lib/thumb/v7e-m+fp/hard\libc_nano.a(libc_a-fflush.o)
                0x0800c448                __sflush_r
 .text._fflush_r
                0x0800c550       0x50 C:/ST/STM32CubeIDE_1.15.0/STM32CubeIDE/plugins/com.st.stm32cube.ide.mcu.externaltools.gnu-tools-for-stm32.12.3.rel1.win32_1.0.100.202403111256/tools/bin/../lib/gcc/arm-none-eabi/12.3.1/../../../../arm-none-eabi/lib/thumb/v7e-m+fp/hard\libc_nano.a(libc_a-fflush.o)
                0x0800c550                _fflush_r
 .text.fflush   0x0800c5a0       0x28 C:/ST/STM32CubeIDE_1.15.0/STM32CubeIDE/plugins/com.st.stm32cube.ide.mcu.externaltools.gnu-tools-for-stm32.12.3.rel1.win32_1.0.100.202403111256/tools/bin/../lib/gcc/arm-none-eabi/12.3.1/../../../../arm-none-eabi/lib/thumb/v7e-m+fp/hard\libc_nano.a(libc_a-fflush.o)
                0x0800c5a0                fflush
 .text.std      0x0800c5c8       0x6c C:/ST/STM32CubeIDE_1.15.0/STM32CubeIDE/plugins/com.st.stm32cube.ide.mcu.externaltools.gnu-tools-for-stm32.12.3.rel1.win32_1.0.100.202403111256/tools/bin/../lib/gcc/arm-none-eabi/12.3.1/../../../../arm-none-eabi/lib/thumb/v7e-m+fp/hard\libc_nano.a(libc_a-findfp.o)
 .text.stdio_exit_handler
                0x0800c634       0x18 C:/ST/STM32CubeIDE_1.15.0/STM32CubeIDE/plugins/com.st.stm32cube.ide.mcu.externaltools.gnu-tools-for-stm32.12.3.rel1.win32_1.0.100.202403111256/tools/bin/../lib/gcc/arm-none-eabi/12.3.1/../../../../arm-none-eabi/lib/thumb/v7e-m+fp/hard\libc_nano.a(libc_a-findfp.o)
 .text.cleanup_stdio
                0x0800c64c       0x40 C:/ST/STM32CubeIDE_1.15.0/STM32CubeIDE/plugins/com.st.stm32cube.ide.mcu.externaltools.gnu-tools-for-stm32.12.3.rel1.win32_1.0.100.202403111256/tools/bin/../lib/gcc/arm-none-eabi/12.3.1/../../../../arm-none-eabi/lib/thumb/v7e-m+fp/hard\libc_nano.a(libc_a-findfp.o)
 .text.global_stdio_init.part.0
                0x0800c68c       0x3c C:/ST/STM32CubeIDE_1.15.0/STM32CubeIDE/plugins/com.st.stm32cube.ide.mcu.externaltools.gnu-tools-for-stm32.12.3.rel1.win32_1.0.100.202403111256/tools/bin/../lib/gcc/arm-none-eabi/12.3.1/../../../../arm-none-eabi/lib/thumb/v7e-m+fp/hard\libc_nano.a(libc_a-findfp.o)
 .text.__sfp_lock_acquire
                0x0800c6c8        0xc C:/ST/STM32CubeIDE_1.15.0/STM32CubeIDE/plugins/com.st.stm32cube.ide.mcu.externaltools.gnu-tools-for-stm32.12.3.rel1.win32_1.0.100.202403111256/tools/bin/../lib/gcc/arm-none-eabi/12.3.1/../../../../arm-none-eabi/lib/thumb/v7e-m+fp/hard\libc_nano.a(libc_a-findfp.o)
                0x0800c6c8                __sfp_lock_acquire
 .text.__sfp_lock_release
                0x0800c6d4        0xc C:/ST/STM32CubeIDE_1.15.0/STM32CubeIDE/plugins/com.st.stm32cube.ide.mcu.externaltools.gnu-tools-for-stm32.12.3.rel1.win32_1.0.100.202403111256/tools/bin/../lib/gcc/arm-none-eabi/12.3.1/../../../../arm-none-eabi/lib/thumb/v7e-m+fp/hard\libc_nano.a(libc_a-findfp.o)
                0x0800c6d4                __sfp_lock_release
 .text.__sinit  0x0800c6e0       0x30 C:/ST/STM32CubeIDE_1.15.0/STM32CubeIDE/plugins/com.st.stm32cube.ide.mcu.externaltools.gnu-tools-for-stm32.12.3.rel1.win32_1.0.100.202403111256/tools/bin/../lib/gcc/arm-none-eabi/12.3.1/../../../../arm-none-eabi/lib/thumb/v7e-m+fp/hard\libc_nano.a(libc_a-findfp.o)
                0x0800c6e0                __sinit
 .text._fwalk_sglue
                0x0800c710       0x3c C:/ST/STM32CubeIDE_1.15.0/STM32CubeIDE/plugins/com.st.stm32cube.ide.mcu.externaltools.gnu-tools-for-stm32.12.3.rel1.win32_1.0.100.202403111256/tools/bin/../lib/gcc/arm-none-eabi/12.3.1/../../../../arm-none-eabi/lib/thumb/v7e-m+fp/hard\libc_nano.a(libc_a-fwalk.o)
                0x0800c710                _fwalk_sglue
 .text.printf   0x0800c74c       0x24 C:/ST/STM32CubeIDE_1.15.0/STM32CubeIDE/plugins/com.st.stm32cube.ide.mcu.externaltools.gnu-tools-for-stm32.12.3.rel1.win32_1.0.100.202403111256/tools/bin/../lib/gcc/arm-none-eabi/12.3.1/../../../../arm-none-eabi/lib/thumb/v7e-m+fp/hard\libc_nano.a(libc_a-printf.o)
                0x0800c74c                iprintf
                0x0800c74c                printf
 .text.sprintf  0x0800c770       0x40 C:/ST/STM32CubeIDE_1.15.0/STM32CubeIDE/plugins/com.st.stm32cube.ide.mcu.externaltools.gnu-tools-for-stm32.12.3.rel1.win32_1.0.100.202403111256/tools/bin/../lib/gcc/arm-none-eabi/12.3.1/../../../../arm-none-eabi/lib/thumb/v7e-m+fp/hard\libc_nano.a(libc_a-sprintf.o)
                0x0800c770                siprintf
                0x0800c770                sprintf
 .text.__sread  0x0800c7b0       0x22 C:/ST/STM32CubeIDE_1.15.0/STM32CubeIDE/plugins/com.st.stm32cube.ide.mcu.externaltools.gnu-tools-for-stm32.12.3.rel1.win32_1.0.100.202403111256/tools/bin/../lib/gcc/arm-none-eabi/12.3.1/../../../../arm-none-eabi/lib/thumb/v7e-m+fp/hard\libc_nano.a(libc_a-stdio.o)
                0x0800c7b0                __sread
 .text.__swrite
                0x0800c7d2       0x38 C:/ST/STM32CubeIDE_1.15.0/STM32CubeIDE/plugins/com.st.stm32cube.ide.mcu.externaltools.gnu-tools-for-stm32.12.3.rel1.win32_1.0.100.202403111256/tools/bin/../lib/gcc/arm-none-eabi/12.3.1/../../../../arm-none-eabi/lib/thumb/v7e-m+fp/hard\libc_nano.a(libc_a-stdio.o)
                0x0800c7d2                __swrite
 .text.__sseek  0x0800c80a       0x24 C:/ST/STM32CubeIDE_1.15.0/STM32CubeIDE/plugins/com.st.stm32cube.ide.mcu.externaltools.gnu-tools-for-stm32.12.3.rel1.win32_1.0.100.202403111256/tools/bin/../lib/gcc/arm-none-eabi/12.3.1/../../../../arm-none-eabi/lib/thumb/v7e-m+fp/hard\libc_nano.a(libc_a-stdio.o)
                0x0800c80a                __sseek
 .text.__sclose
                0x0800c82e        0x8 C:/ST/STM32CubeIDE_1.15.0/STM32CubeIDE/plugins/com.st.stm32cube.ide.mcu.externaltools.gnu-tools-for-stm32.12.3.rel1.win32_1.0.100.202403111256/tools/bin/../lib/gcc/arm-none-eabi/12.3.1/../../../../arm-none-eabi/lib/thumb/v7e-m+fp/hard\libc_nano.a(libc_a-stdio.o)
                0x0800c82e                __sclose
 .text.memset   0x0800c836       0x10 C:/ST/STM32CubeIDE_1.15.0/STM32CubeIDE/plugins/com.st.stm32cube.ide.mcu.externaltools.gnu-tools-for-stm32.12.3.rel1.win32_1.0.100.202403111256/tools/bin/../lib/gcc/arm-none-eabi/12.3.1/../../../../arm-none-eabi/lib/thumb/v7e-m+fp/hard\libc_nano.a(libc_a-memset.o)
                0x0800c836                memset
 *fill*         0x0800c846        0x2 
 .text._localeconv_r
                0x0800c848        0x8 C:/ST/STM32CubeIDE_1.15.0/STM32CubeIDE/plugins/com.st.stm32cube.ide.mcu.externaltools.gnu-tools-for-stm32.12.3.rel1.win32_1.0.100.202403111256/tools/bin/../lib/gcc/arm-none-eabi/12.3.1/../../../../arm-none-eabi/lib/thumb/v7e-m+fp/hard\libc_nano.a(libc_a-localeconv.o)
                0x0800c848                _localeconv_r
 .text._close_r
                0x0800c850       0x20 C:/ST/STM32CubeIDE_1.15.0/STM32CubeIDE/plugins/com.st.stm32cube.ide.mcu.externaltools.gnu-tools-for-stm32.12.3.rel1.win32_1.0.100.202403111256/tools/bin/../lib/gcc/arm-none-eabi/12.3.1/../../../../arm-none-eabi/lib/thumb/v7e-m+fp/hard\libc_nano.a(libc_a-closer.o)
                0x0800c850                _close_r
 .text._lseek_r
                0x0800c870       0x24 C:/ST/STM32CubeIDE_1.15.0/STM32CubeIDE/plugins/com.st.stm32cube.ide.mcu.externaltools.gnu-tools-for-stm32.12.3.rel1.win32_1.0.100.202403111256/tools/bin/../lib/gcc/arm-none-eabi/12.3.1/../../../../arm-none-eabi/lib/thumb/v7e-m+fp/hard\libc_nano.a(libc_a-lseekr.o)
                0x0800c870                _lseek_r
 .text._read_r  0x0800c894       0x24 C:/ST/STM32CubeIDE_1.15.0/STM32CubeIDE/plugins/com.st.stm32cube.ide.mcu.externaltools.gnu-tools-for-stm32.12.3.rel1.win32_1.0.100.202403111256/tools/bin/../lib/gcc/arm-none-eabi/12.3.1/../../../../arm-none-eabi/lib/thumb/v7e-m+fp/hard\libc_nano.a(libc_a-readr.o)
                0x0800c894                _read_r
 .text._write_r
                0x0800c8b8       0x24 C:/ST/STM32CubeIDE_1.15.0/STM32CubeIDE/plugins/com.st.stm32cube.ide.mcu.externaltools.gnu-tools-for-stm32.12.3.rel1.win32_1.0.100.202403111256/tools/bin/../lib/gcc/arm-none-eabi/12.3.1/../../../../arm-none-eabi/lib/thumb/v7e-m+fp/hard\libc_nano.a(libc_a-writer.o)
                0x0800c8b8                _write_r
 .text.__errno  0x0800c8dc        0xc C:/ST/STM32CubeIDE_1.15.0/STM32CubeIDE/plugins/com.st.stm32cube.ide.mcu.externaltools.gnu-tools-for-stm32.12.3.rel1.win32_1.0.100.202403111256/tools/bin/../lib/gcc/arm-none-eabi/12.3.1/../../../../arm-none-eabi/lib/thumb/v7e-m+fp/hard\libc_nano.a(libc_a-errno.o)
                0x0800c8dc                __errno
 .text.__libc_init_array
                0x0800c8e8       0x48 C:/ST/STM32CubeIDE_1.15.0/STM32CubeIDE/plugins/com.st.stm32cube.ide.mcu.externaltools.gnu-tools-for-stm32.12.3.rel1.win32_1.0.100.202403111256/tools/bin/../lib/gcc/arm-none-eabi/12.3.1/../../../../arm-none-eabi/lib/thumb/v7e-m+fp/hard\libc_nano.a(libc_a-init.o)
                0x0800c8e8                __libc_init_array
 .text.__retarget_lock_init_recursive
                0x0800c930        0x2 C:/ST/STM32CubeIDE_1.15.0/STM32CubeIDE/plugins/com.st.stm32cube.ide.mcu.externaltools.gnu-tools-for-stm32.12.3.rel1.win32_1.0.100.202403111256/tools/bin/../lib/gcc/arm-none-eabi/12.3.1/../../../../arm-none-eabi/lib/thumb/v7e-m+fp/hard\libc_nano.a(libc_a-lock.o)
                0x0800c930                __retarget_lock_init_recursive
 .text.__retarget_lock_acquire_recursive
                0x0800c932        0x2 C:/ST/STM32CubeIDE_1.15.0/STM32CubeIDE/plugins/com.st.stm32cube.ide.mcu.externaltools.gnu-tools-for-stm32.12.3.rel1.win32_1.0.100.202403111256/tools/bin/../lib/gcc/arm-none-eabi/12.3.1/../../../../arm-none-eabi/lib/thumb/v7e-m+fp/hard\libc_nano.a(libc_a-lock.o)
                0x0800c932                __retarget_lock_acquire_recursive
 .text.__retarget_lock_release_recursive
                0x0800c934        0x2 C:/ST/STM32CubeIDE_1.15.0/STM32CubeIDE/plugins/com.st.stm32cube.ide.mcu.externaltools.gnu-tools-for-stm32.12.3.rel1.win32_1.0.100.202403111256/tools/bin/../lib/gcc/arm-none-eabi/12.3.1/../../../../arm-none-eabi/lib/thumb/v7e-m+fp/hard\libc_nano.a(libc_a-lock.o)
                0x0800c934                __retarget_lock_release_recursive
 .text.strcpy   0x0800c936       0x10 C:/ST/STM32CubeIDE_1.15.0/STM32CubeIDE/plugins/com.st.stm32cube.ide.mcu.externaltools.gnu-tools-for-stm32.12.3.rel1.win32_1.0.100.202403111256/tools/bin/../lib/gcc/arm-none-eabi/12.3.1/../../../../arm-none-eabi/lib/thumb/v7e-m+fp/hard\libc_nano.a(libc_a-strcpy.o)
                0x0800c936                strcpy
 .text.memcpy   0x0800c946       0x1c C:/ST/STM32CubeIDE_1.15.0/STM32CubeIDE/plugins/com.st.stm32cube.ide.mcu.externaltools.gnu-tools-for-stm32.12.3.rel1.win32_1.0.100.202403111256/tools/bin/../lib/gcc/arm-none-eabi/12.3.1/../../../../arm-none-eabi/lib/thumb/v7e-m+fp/hard\libc_nano.a(libc_a-memcpy-stub.o)
                0x0800c946                memcpy
 *fill*         0x0800c962        0x2 
 .text.nanf     0x0800c964        0xc C:/ST/STM32CubeIDE_1.15.0/STM32CubeIDE/plugins/com.st.stm32cube.ide.mcu.externaltools.gnu-tools-for-stm32.12.3.rel1.win32_1.0.100.202403111256/tools/bin/../lib/gcc/arm-none-eabi/12.3.1/../../../../arm-none-eabi/lib/thumb/v7e-m+fp/hard\libc_nano.a(libm_a-sf_nan.o)
                0x0800c964                nanf
 .text.quorem   0x0800c970      0x110 C:/ST/STM32CubeIDE_1.15.0/STM32CubeIDE/plugins/com.st.stm32cube.ide.mcu.externaltools.gnu-tools-for-stm32.12.3.rel1.win32_1.0.100.202403111256/tools/bin/../lib/gcc/arm-none-eabi/12.3.1/../../../../arm-none-eabi/lib/thumb/v7e-m+fp/hard\libc_nano.a(libc_a-dtoa.o)
 .text._dtoa_r  0x0800ca80      0xb88 C:/ST/STM32CubeIDE_1.15.0/STM32CubeIDE/plugins/com.st.stm32cube.ide.mcu.externaltools.gnu-tools-for-stm32.12.3.rel1.win32_1.0.100.202403111256/tools/bin/../lib/gcc/arm-none-eabi/12.3.1/../../../../arm-none-eabi/lib/thumb/v7e-m+fp/hard\libc_nano.a(libc_a-dtoa.o)
                0x0800ca80                _dtoa_r
 .text._free_r  0x0800d608       0x94 C:/ST/STM32CubeIDE_1.15.0/STM32CubeIDE/plugins/com.st.stm32cube.ide.mcu.externaltools.gnu-tools-for-stm32.12.3.rel1.win32_1.0.100.202403111256/tools/bin/../lib/gcc/arm-none-eabi/12.3.1/../../../../arm-none-eabi/lib/thumb/v7e-m+fp/hard\libc_nano.a(libc_a-freer.o)
                0x0800d608                _free_r
 .text.malloc   0x0800d69c       0x10 C:/ST/STM32CubeIDE_1.15.0/STM32CubeIDE/plugins/com.st.stm32cube.ide.mcu.externaltools.gnu-tools-for-stm32.12.3.rel1.win32_1.0.100.202403111256/tools/bin/../lib/gcc/arm-none-eabi/12.3.1/../../../../arm-none-eabi/lib/thumb/v7e-m+fp/hard\libc_nano.a(libc_a-malloc.o)
                0x0800d69c                malloc
 .text.sbrk_aligned
                0x0800d6ac       0x44 C:/ST/STM32CubeIDE_1.15.0/STM32CubeIDE/plugins/com.st.stm32cube.ide.mcu.externaltools.gnu-tools-for-stm32.12.3.rel1.win32_1.0.100.202403111256/tools/bin/../lib/gcc/arm-none-eabi/12.3.1/../../../../arm-none-eabi/lib/thumb/v7e-m+fp/hard\libc_nano.a(libc_a-mallocr.o)
 .text._malloc_r
                0x0800d6f0      0x100 C:/ST/STM32CubeIDE_1.15.0/STM32CubeIDE/plugins/com.st.stm32cube.ide.mcu.externaltools.gnu-tools-for-stm32.12.3.rel1.win32_1.0.100.202403111256/tools/bin/../lib/gcc/arm-none-eabi/12.3.1/../../../../arm-none-eabi/lib/thumb/v7e-m+fp/hard\libc_nano.a(libc_a-mallocr.o)
                0x0800d6f0                _malloc_r
 .text.__malloc_lock
                0x0800d7f0        0xc C:/ST/STM32CubeIDE_1.15.0/STM32CubeIDE/plugins/com.st.stm32cube.ide.mcu.externaltools.gnu-tools-for-stm32.12.3.rel1.win32_1.0.100.202403111256/tools/bin/../lib/gcc/arm-none-eabi/12.3.1/../../../../arm-none-eabi/lib/thumb/v7e-m+fp/hard\libc_nano.a(libc_a-mlock.o)
                0x0800d7f0                __malloc_lock
 .text.__malloc_unlock
                0x0800d7fc        0xc C:/ST/STM32CubeIDE_1.15.0/STM32CubeIDE/plugins/com.st.stm32cube.ide.mcu.externaltools.gnu-tools-for-stm32.12.3.rel1.win32_1.0.100.202403111256/tools/bin/../lib/gcc/arm-none-eabi/12.3.1/../../../../arm-none-eabi/lib/thumb/v7e-m+fp/hard\libc_nano.a(libc_a-mlock.o)
                0x0800d7fc                __malloc_unlock
 .text._Balloc  0x0800d808       0x80 C:/ST/STM32CubeIDE_1.15.0/STM32CubeIDE/plugins/com.st.stm32cube.ide.mcu.externaltools.gnu-tools-for-stm32.12.3.rel1.win32_1.0.100.202403111256/tools/bin/../lib/gcc/arm-none-eabi/12.3.1/../../../../arm-none-eabi/lib/thumb/v7e-m+fp/hard\libc_nano.a(libc_a-mprec.o)
                0x0800d808                _Balloc
 .text._Bfree   0x0800d888       0x44 C:/ST/STM32CubeIDE_1.15.0/STM32CubeIDE/plugins/com.st.stm32cube.ide.mcu.externaltools.gnu-tools-for-stm32.12.3.rel1.win32_1.0.100.202403111256/tools/bin/../lib/gcc/arm-none-eabi/12.3.1/../../../../arm-none-eabi/lib/thumb/v7e-m+fp/hard\libc_nano.a(libc_a-mprec.o)
                0x0800d888                _Bfree
 .text.__multadd
                0x0800d8cc       0x8c C:/ST/STM32CubeIDE_1.15.0/STM32CubeIDE/plugins/com.st.stm32cube.ide.mcu.externaltools.gnu-tools-for-stm32.12.3.rel1.win32_1.0.100.202403111256/tools/bin/../lib/gcc/arm-none-eabi/12.3.1/../../../../arm-none-eabi/lib/thumb/v7e-m+fp/hard\libc_nano.a(libc_a-mprec.o)
                0x0800d8cc                __multadd
 .text.__s2b    0x0800d958       0x94 C:/ST/STM32CubeIDE_1.15.0/STM32CubeIDE/plugins/com.st.stm32cube.ide.mcu.externaltools.gnu-tools-for-stm32.12.3.rel1.win32_1.0.100.202403111256/tools/bin/../lib/gcc/arm-none-eabi/12.3.1/../../../../arm-none-eabi/lib/thumb/v7e-m+fp/hard\libc_nano.a(libc_a-mprec.o)
                0x0800d958                __s2b
 .text.__hi0bits
                0x0800d9ec       0x3e C:/ST/STM32CubeIDE_1.15.0/STM32CubeIDE/plugins/com.st.stm32cube.ide.mcu.externaltools.gnu-tools-for-stm32.12.3.rel1.win32_1.0.100.202403111256/tools/bin/../lib/gcc/arm-none-eabi/12.3.1/../../../../arm-none-eabi/lib/thumb/v7e-m+fp/hard\libc_nano.a(libc_a-mprec.o)
                0x0800d9ec                __hi0bits
 .text.__lo0bits
                0x0800da2a       0x5a C:/ST/STM32CubeIDE_1.15.0/STM32CubeIDE/plugins/com.st.stm32cube.ide.mcu.externaltools.gnu-tools-for-stm32.12.3.rel1.win32_1.0.100.202403111256/tools/bin/../lib/gcc/arm-none-eabi/12.3.1/../../../../arm-none-eabi/lib/thumb/v7e-m+fp/hard\libc_nano.a(libc_a-mprec.o)
                0x0800da2a                __lo0bits
 .text.__i2b    0x0800da84       0x2c C:/ST/STM32CubeIDE_1.15.0/STM32CubeIDE/plugins/com.st.stm32cube.ide.mcu.externaltools.gnu-tools-for-stm32.12.3.rel1.win32_1.0.100.202403111256/tools/bin/../lib/gcc/arm-none-eabi/12.3.1/../../../../arm-none-eabi/lib/thumb/v7e-m+fp/hard\libc_nano.a(libc_a-mprec.o)
                0x0800da84                __i2b
 .text.__multiply
                0x0800dab0      0x154 C:/ST/STM32CubeIDE_1.15.0/STM32CubeIDE/plugins/com.st.stm32cube.ide.mcu.externaltools.gnu-tools-for-stm32.12.3.rel1.win32_1.0.100.202403111256/tools/bin/../lib/gcc/arm-none-eabi/12.3.1/../../../../arm-none-eabi/lib/thumb/v7e-m+fp/hard\libc_nano.a(libc_a-mprec.o)
                0x0800dab0                __multiply
 .text.__pow5mult
                0x0800dc04       0xb4 C:/ST/STM32CubeIDE_1.15.0/STM32CubeIDE/plugins/com.st.stm32cube.ide.mcu.externaltools.gnu-tools-for-stm32.12.3.rel1.win32_1.0.100.202403111256/tools/bin/../lib/gcc/arm-none-eabi/12.3.1/../../../../arm-none-eabi/lib/thumb/v7e-m+fp/hard\libc_nano.a(libc_a-mprec.o)
                0x0800dc04                __pow5mult
 .text.__lshift
                0x0800dcb8       0xd8 C:/ST/STM32CubeIDE_1.15.0/STM32CubeIDE/plugins/com.st.stm32cube.ide.mcu.externaltools.gnu-tools-for-stm32.12.3.rel1.win32_1.0.100.202403111256/tools/bin/../lib/gcc/arm-none-eabi/12.3.1/../../../../arm-none-eabi/lib/thumb/v7e-m+fp/hard\libc_nano.a(libc_a-mprec.o)
                0x0800dcb8                __lshift
 .text.__mcmp   0x0800dd90       0x36 C:/ST/STM32CubeIDE_1.15.0/STM32CubeIDE/plugins/com.st.stm32cube.ide.mcu.externaltools.gnu-tools-for-stm32.12.3.rel1.win32_1.0.100.202403111256/tools/bin/../lib/gcc/arm-none-eabi/12.3.1/../../../../arm-none-eabi/lib/thumb/v7e-m+fp/hard\libc_nano.a(libc_a-mprec.o)
                0x0800dd90                __mcmp
 *fill*         0x0800ddc6        0x2 
 .text.__mdiff  0x0800ddc8      0x128 C:/ST/STM32CubeIDE_1.15.0/STM32CubeIDE/plugins/com.st.stm32cube.ide.mcu.externaltools.gnu-tools-for-stm32.12.3.rel1.win32_1.0.100.202403111256/tools/bin/../lib/gcc/arm-none-eabi/12.3.1/../../../../arm-none-eabi/lib/thumb/v7e-m+fp/hard\libc_nano.a(libc_a-mprec.o)
                0x0800ddc8                __mdiff
 .text.__ulp    0x0800def0       0x4c C:/ST/STM32CubeIDE_1.15.0/STM32CubeIDE/plugins/com.st.stm32cube.ide.mcu.externaltools.gnu-tools-for-stm32.12.3.rel1.win32_1.0.100.202403111256/tools/bin/../lib/gcc/arm-none-eabi/12.3.1/../../../../arm-none-eabi/lib/thumb/v7e-m+fp/hard\libc_nano.a(libc_a-mprec.o)
                0x0800def0                __ulp
 .text.__b2d    0x0800df3c       0x94 C:/ST/STM32CubeIDE_1.15.0/STM32CubeIDE/plugins/com.st.stm32cube.ide.mcu.externaltools.gnu-tools-for-stm32.12.3.rel1.win32_1.0.100.202403111256/tools/bin/../lib/gcc/arm-none-eabi/12.3.1/../../../../arm-none-eabi/lib/thumb/v7e-m+fp/hard\libc_nano.a(libc_a-mprec.o)
                0x0800df3c                __b2d
 .text.__d2b    0x0800dfd0       0xb0 C:/ST/STM32CubeIDE_1.15.0/STM32CubeIDE/plugins/com.st.stm32cube.ide.mcu.externaltools.gnu-tools-for-stm32.12.3.rel1.win32_1.0.100.202403111256/tools/bin/../lib/gcc/arm-none-eabi/12.3.1/../../../../arm-none-eabi/lib/thumb/v7e-m+fp/hard\libc_nano.a(libc_a-mprec.o)
                0x0800dfd0                __d2b
 .text.__ratio  0x0800e080       0x64 C:/ST/STM32CubeIDE_1.15.0/STM32CubeIDE/plugins/com.st.stm32cube.ide.mcu.externaltools.gnu-tools-for-stm32.12.3.rel1.win32_1.0.100.202403111256/tools/bin/../lib/gcc/arm-none-eabi/12.3.1/../../../../arm-none-eabi/lib/thumb/v7e-m+fp/hard\libc_nano.a(libc_a-mprec.o)
                0x0800e080                __ratio
 .text.__copybits
                0x0800e0e4       0x46 C:/ST/STM32CubeIDE_1.15.0/STM32CubeIDE/plugins/com.st.stm32cube.ide.mcu.externaltools.gnu-tools-for-stm32.12.3.rel1.win32_1.0.100.202403111256/tools/bin/../lib/gcc/arm-none-eabi/12.3.1/../../../../arm-none-eabi/lib/thumb/v7e-m+fp/hard\libc_nano.a(libc_a-mprec.o)
                0x0800e0e4                __copybits
 .text.__any_on
                0x0800e12a       0x42 C:/ST/STM32CubeIDE_1.15.0/STM32CubeIDE/plugins/com.st.stm32cube.ide.mcu.externaltools.gnu-tools-for-stm32.12.3.rel1.win32_1.0.100.202403111256/tools/bin/../lib/gcc/arm-none-eabi/12.3.1/../../../../arm-none-eabi/lib/thumb/v7e-m+fp/hard\libc_nano.a(libc_a-mprec.o)
                0x0800e12a                __any_on
 .text.sulp     0x0800e16c       0x3c C:/ST/STM32CubeIDE_1.15.0/STM32CubeIDE/plugins/com.st.stm32cube.ide.mcu.externaltools.gnu-tools-for-stm32.12.3.rel1.win32_1.0.100.202403111256/tools/bin/../lib/gcc/arm-none-eabi/12.3.1/../../../../arm-none-eabi/lib/thumb/v7e-m+fp/hard\libc_nano.a(libc_a-strtod.o)
 .text._strtod_l
                0x0800e1a8      0xbc8 C:/ST/STM32CubeIDE_1.15.0/STM32CubeIDE/plugins/com.st.stm32cube.ide.mcu.externaltools.gnu-tools-for-stm32.12.3.rel1.win32_1.0.100.202403111256/tools/bin/../lib/gcc/arm-none-eabi/12.3.1/../../../../arm-none-eabi/lib/thumb/v7e-m+fp/hard\libc_nano.a(libc_a-strtod.o)
                0x0800e1a8                _strtod_l
 .text._strtod_r
                0x0800ed70        0xc C:/ST/STM32CubeIDE_1.15.0/STM32CubeIDE/plugins/com.st.stm32cube.ide.mcu.externaltools.gnu-tools-for-stm32.12.3.rel1.win32_1.0.100.202403111256/tools/bin/../lib/gcc/arm-none-eabi/12.3.1/../../../../arm-none-eabi/lib/thumb/v7e-m+fp/hard\libc_nano.a(libc_a-strtod.o)
                0x0800ed70                _strtod_r
 .text._strtol_l.constprop.0
                0x0800ed7c       0xf4 C:/ST/STM32CubeIDE_1.15.0/STM32CubeIDE/plugins/com.st.stm32cube.ide.mcu.externaltools.gnu-tools-for-stm32.12.3.rel1.win32_1.0.100.202403111256/tools/bin/../lib/gcc/arm-none-eabi/12.3.1/../../../../arm-none-eabi/lib/thumb/v7e-m+fp/hard\libc_nano.a(libc_a-strtol.o)
 .text._strtol_r
                0x0800ee70        0x4 C:/ST/STM32CubeIDE_1.15.0/STM32CubeIDE/plugins/com.st.stm32cube.ide.mcu.externaltools.gnu-tools-for-stm32.12.3.rel1.win32_1.0.100.202403111256/tools/bin/../lib/gcc/arm-none-eabi/12.3.1/../../../../arm-none-eabi/lib/thumb/v7e-m+fp/hard\libc_nano.a(libc_a-strtol.o)
                0x0800ee70                _strtol_r
 .text.__ssputs_r
                0x0800ee74       0xb6 C:/ST/STM32CubeIDE_1.15.0/STM32CubeIDE/plugins/com.st.stm32cube.ide.mcu.externaltools.gnu-tools-for-stm32.12.3.rel1.win32_1.0.100.202403111256/tools/bin/../lib/gcc/arm-none-eabi/12.3.1/../../../../arm-none-eabi/lib/thumb/v7e-m+fp/hard\libc_nano.a(libc_a-nano-svfprintf.o)
                0x0800ee74                __ssputs_r
 *fill*         0x0800ef2a        0x2 
 .text._svfprintf_r
                0x0800ef2c      0x1f8 C:/ST/STM32CubeIDE_1.15.0/STM32CubeIDE/plugins/com.st.stm32cube.ide.mcu.externaltools.gnu-tools-for-stm32.12.3.rel1.win32_1.0.100.202403111256/tools/bin/../lib/gcc/arm-none-eabi/12.3.1/../../../../arm-none-eabi/lib/thumb/v7e-m+fp/hard\libc_nano.a(libc_a-nano-svfprintf.o)
                0x0800ef2c                _svfiprintf_r
                0x0800ef2c                _svfprintf_r
 .text.__sfputc_r
                0x0800f124       0x2e C:/ST/STM32CubeIDE_1.15.0/STM32CubeIDE/plugins/com.st.stm32cube.ide.mcu.externaltools.gnu-tools-for-stm32.12.3.rel1.win32_1.0.100.202403111256/tools/bin/../lib/gcc/arm-none-eabi/12.3.1/../../../../arm-none-eabi/lib/thumb/v7e-m+fp/hard\libc_nano.a(libc_a-nano-vfprintf.o)
 .text.__sfputs_r
                0x0800f152       0x24 C:/ST/STM32CubeIDE_1.15.0/STM32CubeIDE/plugins/com.st.stm32cube.ide.mcu.externaltools.gnu-tools-for-stm32.12.3.rel1.win32_1.0.100.202403111256/tools/bin/../lib/gcc/arm-none-eabi/12.3.1/../../../../arm-none-eabi/lib/thumb/v7e-m+fp/hard\libc_nano.a(libc_a-nano-vfprintf.o)
                0x0800f152                __sfputs_r
 *fill*         0x0800f176        0x2 
 .text._vfprintf_r
                0x0800f178      0x230 C:/ST/STM32CubeIDE_1.15.0/STM32CubeIDE/plugins/com.st.stm32cube.ide.mcu.externaltools.gnu-tools-for-stm32.12.3.rel1.win32_1.0.100.202403111256/tools/bin/../lib/gcc/arm-none-eabi/12.3.1/../../../../arm-none-eabi/lib/thumb/v7e-m+fp/hard\libc_nano.a(libc_a-nano-vfprintf.o)
                0x0800f178                _vfprintf_r
                0x0800f178                _vfiprintf_r
 .text.__swbuf_r
                0x0800f3a8       0x7c C:/ST/STM32CubeIDE_1.15.0/STM32CubeIDE/plugins/com.st.stm32cube.ide.mcu.externaltools.gnu-tools-for-stm32.12.3.rel1.win32_1.0.100.202403111256/tools/bin/../lib/gcc/arm-none-eabi/12.3.1/../../../../arm-none-eabi/lib/thumb/v7e-m+fp/hard\libc_nano.a(libc_a-wbuf.o)
                0x0800f3a8                __swbuf_r
 .text.__swsetup_r
                0x0800f424       0xac C:/ST/STM32CubeIDE_1.15.0/STM32CubeIDE/plugins/com.st.stm32cube.ide.mcu.externaltools.gnu-tools-for-stm32.12.3.rel1.win32_1.0.100.202403111256/tools/bin/../lib/gcc/arm-none-eabi/12.3.1/../../../../arm-none-eabi/lib/thumb/v7e-m+fp/hard\libc_nano.a(libc_a-wsetup.o)
                0x0800f424                __swsetup_r
 .text.memmove  0x0800f4d0       0x34 C:/ST/STM32CubeIDE_1.15.0/STM32CubeIDE/plugins/com.st.stm32cube.ide.mcu.externaltools.gnu-tools-for-stm32.12.3.rel1.win32_1.0.100.202403111256/tools/bin/../lib/gcc/arm-none-eabi/12.3.1/../../../../arm-none-eabi/lib/thumb/v7e-m+fp/hard\libc_nano.a(libc_a-memmove.o)
                0x0800f4d0                memmove
 .text.strncmp  0x0800f504       0x24 C:/ST/STM32CubeIDE_1.15.0/STM32CubeIDE/plugins/com.st.stm32cube.ide.mcu.externaltools.gnu-tools-for-stm32.12.3.rel1.win32_1.0.100.202403111256/tools/bin/../lib/gcc/arm-none-eabi/12.3.1/../../../../arm-none-eabi/lib/thumb/v7e-m+fp/hard\libc_nano.a(libc_a-strncmp.o)
                0x0800f504                strncmp
 .text._sbrk_r  0x0800f528       0x20 C:/ST/STM32CubeIDE_1.15.0/STM32CubeIDE/plugins/com.st.stm32cube.ide.mcu.externaltools.gnu-tools-for-stm32.12.3.rel1.win32_1.0.100.202403111256/tools/bin/../lib/gcc/arm-none-eabi/12.3.1/../../../../arm-none-eabi/lib/thumb/v7e-m+fp/hard\libc_nano.a(libc_a-sbrkr.o)
                0x0800f528                _sbrk_r
 .text.nan      0x0800f548       0x10 C:/ST/STM32CubeIDE_1.15.0/STM32CubeIDE/plugins/com.st.stm32cube.ide.mcu.externaltools.gnu-tools-for-stm32.12.3.rel1.win32_1.0.100.202403111256/tools/bin/../lib/gcc/arm-none-eabi/12.3.1/../../../../arm-none-eabi/lib/thumb/v7e-m+fp/hard\libc_nano.a(libm_a-s_nan.o)
                0x0800f548                nan
 .text.__assert_func
                0x0800f558       0x3c C:/ST/STM32CubeIDE_1.15.0/STM32CubeIDE/plugins/com.st.stm32cube.ide.mcu.externaltools.gnu-tools-for-stm32.12.3.rel1.win32_1.0.100.202403111256/tools/bin/../lib/gcc/arm-none-eabi/12.3.1/../../../../arm-none-eabi/lib/thumb/v7e-m+fp/hard\libc_nano.a(libc_a-assert.o)
                0x0800f558                __assert_func
 .text._calloc_r
                0x0800f594       0x28 C:/ST/STM32CubeIDE_1.15.0/STM32CubeIDE/plugins/com.st.stm32cube.ide.mcu.externaltools.gnu-tools-for-stm32.12.3.rel1.win32_1.0.100.202403111256/tools/bin/../lib/gcc/arm-none-eabi/12.3.1/../../../../arm-none-eabi/lib/thumb/v7e-m+fp/hard\libc_nano.a(libc_a-callocr.o)
                0x0800f594                _calloc_r
 .text.rshift   0x0800f5bc       0xa4 C:/ST/STM32CubeIDE_1.15.0/STM32CubeIDE/plugins/com.st.stm32cube.ide.mcu.externaltools.gnu-tools-for-stm32.12.3.rel1.win32_1.0.100.202403111256/tools/bin/../lib/gcc/arm-none-eabi/12.3.1/../../../../arm-none-eabi/lib/thumb/v7e-m+fp/hard\libc_nano.a(libc_a-gdtoa-gethex.o)
 .text.__hexdig_fun
                0x0800f660       0x2a C:/ST/STM32CubeIDE_1.15.0/STM32CubeIDE/plugins/com.st.stm32cube.ide.mcu.externaltools.gnu-tools-for-stm32.12.3.rel1.win32_1.0.100.202403111256/tools/bin/../lib/gcc/arm-none-eabi/12.3.1/../../../../arm-none-eabi/lib/thumb/v7e-m+fp/hard\libc_nano.a(libc_a-gdtoa-gethex.o)
                0x0800f660                __hexdig_fun
 *fill*         0x0800f68a        0x2 
 .text.__gethex
                0x0800f68c      0x420 C:/ST/STM32CubeIDE_1.15.0/STM32CubeIDE/plugins/com.st.stm32cube.ide.mcu.externaltools.gnu-tools-for-stm32.12.3.rel1.win32_1.0.100.202403111256/tools/bin/../lib/gcc/arm-none-eabi/12.3.1/../../../../arm-none-eabi/lib/thumb/v7e-m+fp/hard\libc_nano.a(libc_a-gdtoa-gethex.o)
                0x0800f68c                __gethex
 .text.L_shift  0x0800faac       0x24 C:/ST/STM32CubeIDE_1.15.0/STM32CubeIDE/plugins/com.st.stm32cube.ide.mcu.externaltools.gnu-tools-for-stm32.12.3.rel1.win32_1.0.100.202403111256/tools/bin/../lib/gcc/arm-none-eabi/12.3.1/../../../../arm-none-eabi/lib/thumb/v7e-m+fp/hard\libc_nano.a(libc_a-gdtoa-hexnan.o)
 .text.__match  0x0800fad0       0x28 C:/ST/STM32CubeIDE_1.15.0/STM32CubeIDE/plugins/com.st.stm32cube.ide.mcu.externaltools.gnu-tools-for-stm32.12.3.rel1.win32_1.0.100.202403111256/tools/bin/../lib/gcc/arm-none-eabi/12.3.1/../../../../arm-none-eabi/lib/thumb/v7e-m+fp/hard\libc_nano.a(libc_a-gdtoa-hexnan.o)
                0x0800fad0                __match
 .text.__hexnan
                0x0800faf8      0x136 C:/ST/STM32CubeIDE_1.15.0/STM32CubeIDE/plugins/com.st.stm32cube.ide.mcu.externaltools.gnu-tools-for-stm32.12.3.rel1.win32_1.0.100.202403111256/tools/bin/../lib/gcc/arm-none-eabi/12.3.1/../../../../arm-none-eabi/lib/thumb/v7e-m+fp/hard\libc_nano.a(libc_a-gdtoa-hexnan.o)
                0x0800faf8                __hexnan
 .text.__ascii_mbtowc
                0x0800fc2e       0x24 C:/ST/STM32CubeIDE_1.15.0/STM32CubeIDE/plugins/com.st.stm32cube.ide.mcu.externaltools.gnu-tools-for-stm32.12.3.rel1.win32_1.0.100.202403111256/tools/bin/../lib/gcc/arm-none-eabi/12.3.1/../../../../arm-none-eabi/lib/thumb/v7e-m+fp/hard\libc_nano.a(libc_a-mbtowc_r.o)
                0x0800fc2e                __ascii_mbtowc
 .text._realloc_r
                0x0800fc52       0x5c C:/ST/STM32CubeIDE_1.15.0/STM32CubeIDE/plugins/com.st.stm32cube.ide.mcu.externaltools.gnu-tools-for-stm32.12.3.rel1.win32_1.0.100.202403111256/tools/bin/../lib/gcc/arm-none-eabi/12.3.1/../../../../arm-none-eabi/lib/thumb/v7e-m+fp/hard\libc_nano.a(libc_a-reallocr.o)
                0x0800fc52                _realloc_r
 .text.__ascii_wctomb
                0x0800fcae       0x1a C:/ST/STM32CubeIDE_1.15.0/STM32CubeIDE/plugins/com.st.stm32cube.ide.mcu.externaltools.gnu-tools-for-stm32.12.3.rel1.win32_1.0.100.202403111256/tools/bin/../lib/gcc/arm-none-eabi/12.3.1/../../../../arm-none-eabi/lib/thumb/v7e-m+fp/hard\libc_nano.a(libc_a-wctomb_r.o)
                0x0800fcae                __ascii_wctomb
 .text.fprintf  0x0800fcc8       0x24 C:/ST/STM32CubeIDE_1.15.0/STM32CubeIDE/plugins/com.st.stm32cube.ide.mcu.externaltools.gnu-tools-for-stm32.12.3.rel1.win32_1.0.100.202403111256/tools/bin/../lib/gcc/arm-none-eabi/12.3.1/../../../../arm-none-eabi/lib/thumb/v7e-m+fp/hard\libc_nano.a(libc_a-fprintf.o)
                0x0800fcc8                fiprintf
                0x0800fcc8                fprintf
 .text.__swhatbuf_r
                0x0800fcec       0x4c C:/ST/STM32CubeIDE_1.15.0/STM32CubeIDE/plugins/com.st.stm32cube.ide.mcu.externaltools.gnu-tools-for-stm32.12.3.rel1.win32_1.0.100.202403111256/tools/bin/../lib/gcc/arm-none-eabi/12.3.1/../../../../arm-none-eabi/lib/thumb/v7e-m+fp/hard\libc_nano.a(libc_a-makebuf.o)
                0x0800fcec                __swhatbuf_r
 .text.__smakebuf_r
                0x0800fd38       0x78 C:/ST/STM32CubeIDE_1.15.0/STM32CubeIDE/plugins/com.st.stm32cube.ide.mcu.externaltools.gnu-tools-for-stm32.12.3.rel1.win32_1.0.100.202403111256/tools/bin/../lib/gcc/arm-none-eabi/12.3.1/../../../../arm-none-eabi/lib/thumb/v7e-m+fp/hard\libc_nano.a(libc_a-makebuf.o)
                0x0800fd38                __smakebuf_r
 .text._fstat_r
                0x0800fdb0       0x24 C:/ST/STM32CubeIDE_1.15.0/STM32CubeIDE/plugins/com.st.stm32cube.ide.mcu.externaltools.gnu-tools-for-stm32.12.3.rel1.win32_1.0.100.202403111256/tools/bin/../lib/gcc/arm-none-eabi/12.3.1/../../../../arm-none-eabi/lib/thumb/v7e-m+fp/hard\libc_nano.a(libc_a-fstatr.o)
                0x0800fdb0                _fstat_r
 .text._isatty_r
                0x0800fdd4       0x20 C:/ST/STM32CubeIDE_1.15.0/STM32CubeIDE/plugins/com.st.stm32cube.ide.mcu.externaltools.gnu-tools-for-stm32.12.3.rel1.win32_1.0.100.202403111256/tools/bin/../lib/gcc/arm-none-eabi/12.3.1/../../../../arm-none-eabi/lib/thumb/v7e-m+fp/hard\libc_nano.a(libc_a-isattyr.o)
                0x0800fdd4                _isatty_r
 .text.abort    0x0800fdf4        0xe C:/ST/STM32CubeIDE_1.15.0/STM32CubeIDE/plugins/com.st.stm32cube.ide.mcu.externaltools.gnu-tools-for-stm32.12.3.rel1.win32_1.0.100.202403111256/tools/bin/../lib/gcc/arm-none-eabi/12.3.1/../../../../arm-none-eabi/lib/thumb/v7e-m+fp/hard\libc_nano.a(libc_a-abort.o)
                0x0800fdf4                abort
 .text._malloc_usable_size_r
                0x0800fe02       0x10 C:/ST/STM32CubeIDE_1.15.0/STM32CubeIDE/plugins/com.st.stm32cube.ide.mcu.externaltools.gnu-tools-for-stm32.12.3.rel1.win32_1.0.100.202403111256/tools/bin/../lib/gcc/arm-none-eabi/12.3.1/../../../../arm-none-eabi/lib/thumb/v7e-m+fp/hard\libc_nano.a(libc_a-msizer.o)
                0x0800fe02                _malloc_usable_size_r
 .text._raise_r
                0x0800fe12       0x50 C:/ST/STM32CubeIDE_1.15.0/STM32CubeIDE/plugins/com.st.stm32cube.ide.mcu.externaltools.gnu-tools-for-stm32.12.3.rel1.win32_1.0.100.202403111256/tools/bin/../lib/gcc/arm-none-eabi/12.3.1/../../../../arm-none-eabi/lib/thumb/v7e-m+fp/hard\libc_nano.a(libc_a-signal.o)
                0x0800fe12                _raise_r
 *fill*         0x0800fe62        0x2 
 .text.raise    0x0800fe64       0x10 C:/ST/STM32CubeIDE_1.15.0/STM32CubeIDE/plugins/com.st.stm32cube.ide.mcu.externaltools.gnu-tools-for-stm32.12.3.rel1.win32_1.0.100.202403111256/tools/bin/../lib/gcc/arm-none-eabi/12.3.1/../../../../arm-none-eabi/lib/thumb/v7e-m+fp/hard\libc_nano.a(libc_a-signal.o)
                0x0800fe64                raise
 .text._kill_r  0x0800fe74       0x24 C:/ST/STM32CubeIDE_1.15.0/STM32CubeIDE/plugins/com.st.stm32cube.ide.mcu.externaltools.gnu-tools-for-stm32.12.3.rel1.win32_1.0.100.202403111256/tools/bin/../lib/gcc/arm-none-eabi/12.3.1/../../../../arm-none-eabi/lib/thumb/v7e-m+fp/hard\libc_nano.a(libc_a-signalr.o)
                0x0800fe74                _kill_r
 .text._getpid_r
                0x0800fe98        0x4 C:/ST/STM32CubeIDE_1.15.0/STM32CubeIDE/plugins/com.st.stm32cube.ide.mcu.externaltools.gnu-tools-for-stm32.12.3.rel1.win32_1.0.100.202403111256/tools/bin/../lib/gcc/arm-none-eabi/12.3.1/../../../../arm-none-eabi/lib/thumb/v7e-m+fp/hard\libc_nano.a(libc_a-signalr.o)
                0x0800fe98                _getpid_r
 .text.sqrtf    0x0800fe9c       0x3c C:/ST/STM32CubeIDE_1.15.0/STM32CubeIDE/plugins/com.st.stm32cube.ide.mcu.externaltools.gnu-tools-for-stm32.12.3.rel1.win32_1.0.100.202403111256/tools/bin/../lib/gcc/arm-none-eabi/12.3.1/../../../../arm-none-eabi/lib/thumb/v7e-m+fp/hard\libm.a(libm_a-wf_sqrt.o)
                0x0800fe9c                sqrtf
 .text.__ieee754_sqrtf
                0x0800fed8        0x6 C:/ST/STM32CubeIDE_1.15.0/STM32CubeIDE/plugins/com.st.stm32cube.ide.mcu.externaltools.gnu-tools-for-stm32.12.3.rel1.win32_1.0.100.202403111256/tools/bin/../lib/gcc/arm-none-eabi/12.3.1/../../../../arm-none-eabi/lib/thumb/v7e-m+fp/hard\libm.a(libm_a-ef_sqrt.o)
                0x0800fed8                __ieee754_sqrtf
 *(.glue_7)
 .glue_7        0x0800fede        0x0 linker stubs
 *(.glue_7t)
 .glue_7t       0x0800fede        0x0 linker stubs
 *(.eh_frame)
 *fill*         0x0800fede        0x2 
 .eh_frame      0x0800fee0        0x0 C:/ST/STM32CubeIDE_1.15.0/STM32CubeIDE/plugins/com.st.stm32cube.ide.mcu.externaltools.gnu-tools-for-stm32.12.3.rel1.win32_1.0.100.202403111256/tools/bin/../lib/gcc/arm-none-eabi/12.3.1/thumb/v7e-m+fp/hard/crtbegin.o
 *(.init)
 .init          0x0800fee0        0x4 C:/ST/STM32CubeIDE_1.15.0/STM32CubeIDE/plugins/com.st.stm32cube.ide.mcu.externaltools.gnu-tools-for-stm32.12.3.rel1.win32_1.0.100.202403111256/tools/bin/../lib/gcc/arm-none-eabi/12.3.1/thumb/v7e-m+fp/hard/crti.o
                0x0800fee0                _init
 .init          0x0800fee4        0x8 C:/ST/STM32CubeIDE_1.15.0/STM32CubeIDE/plugins/com.st.stm32cube.ide.mcu.externaltools.gnu-tools-for-stm32.12.3.rel1.win32_1.0.100.202403111256/tools/bin/../lib/gcc/arm-none-eabi/12.3.1/thumb/v7e-m+fp/hard/crtn.o
 *(.fini)
 .fini          0x0800feec        0x4 C:/ST/STM32CubeIDE_1.15.0/STM32CubeIDE/plugins/com.st.stm32cube.ide.mcu.externaltools.gnu-tools-for-stm32.12.3.rel1.win32_1.0.100.202403111256/tools/bin/../lib/gcc/arm-none-eabi/12.3.1/thumb/v7e-m+fp/hard/crti.o
                0x0800feec                _fini
 .fini          0x0800fef0        0x8 C:/ST/STM32CubeIDE_1.15.0/STM32CubeIDE/plugins/com.st.stm32cube.ide.mcu.externaltools.gnu-tools-for-stm32.12.3.rel1.win32_1.0.100.202403111256/tools/bin/../lib/gcc/arm-none-eabi/12.3.1/thumb/v7e-m+fp/hard/crtn.o
                0x0800fef8                        . = ALIGN (0x4)
                0x0800fef8                        _etext = .

.vfp11_veneer   0x0800fef8        0x0
 .vfp11_veneer  0x0800fef8        0x0 linker stubs

.v4_bx          0x0800fef8        0x0
 .v4_bx         0x0800fef8        0x0 linker stubs

.iplt           0x0800fef8        0x0
 .iplt          0x0800fef8        0x0 C:/ST/STM32CubeIDE_1.15.0/STM32CubeIDE/plugins/com.st.stm32cube.ide.mcu.externaltools.gnu-tools-for-stm32.12.3.rel1.win32_1.0.100.202403111256/tools/bin/../lib/gcc/arm-none-eabi/12.3.1/thumb/v7e-m+fp/hard/crtbegin.o

.rodata         0x0800fef8      0x930
                0x0800fef8                        . = ALIGN (0x4)
 *(.rodata)
 .rodata        0x0800fef8       0x1e ./Core/Src/implementation.o
 *fill*         0x0800ff16        0x2 
 .rodata        0x0800ff18        0xd ./Core/Src/main.o
 *fill*         0x0800ff25        0x3 
 .rodata        0x0800ff28      0x4a2 ./Drivers/Librerie/VL53L0X/core/src/vl53l0x_api_strings.o
 *fill*         0x080103ca        0x2 
 .rodata        0x080103cc       0x15 ./Drivers/Librerie/VL53L0X/lidarvl53.o
 *(.rodata*)
 *fill*         0x080103e1        0x3 
 .rodata.AHBPrescTable
                0x080103e4       0x10 ./Core/Src/system_stm32f4xx.o
                0x080103e4                AHBPrescTable
 .rodata.APBPrescTable
                0x080103f4        0x8 ./Core/Src/system_stm32f4xx.o
                0x080103f4                APBPrescTable
 .rodata._printf_float.str1.1
                0x080103fc       0x12 C:/ST/STM32CubeIDE_1.15.0/STM32CubeIDE/plugins/com.st.stm32cube.ide.mcu.externaltools.gnu-tools-for-stm32.12.3.rel1.win32_1.0.100.202403111256/tools/bin/../lib/gcc/arm-none-eabi/12.3.1/../../../../arm-none-eabi/lib/thumb/v7e-m+fp/hard\libc_nano.a(libc_a-nano-vfprintf_float.o)
 .rodata._printf_i.str1.1