../Drivers/Librerie/VL53L0X/platform/src/vl53l0x_i2c_platform.c:102:9:VL53L0X_comms_close	16	static
../Drivers/Librerie/VL53L0X/platform/src/vl53l0x_i2c_platform.c:116:9:VL53L0X_write_multi	40	static
../Drivers/Librerie/VL53L0X/platform/src/vl53l0x_i2c_platform.c:147:9:VL53L0X_read_multi	40	static
../Drivers/Librerie/VL53L0X/platform/src/vl53l0x_i2c_platform.c:182:9:VL53L0X_write_byte	24	static
../Drivers/Librerie/VL53L0X/platform/src/vl53l0x_i2c_platform.c:194:9:VL53L0X_write_word	24	static
../Drivers/Librerie/VL53L0X/platform/src/vl53l0x_i2c_platform.c:211:9:VL53L0X_write_dword	24	static
../Drivers/Librerie/VL53L0X/platform/src/vl53l0x_i2c_platform.c:229:9:VL53L0X_read_byte	24	static
../Drivers/Librerie/VL53L0X/platform/src/vl53l0x_i2c_platform.c:241:9:VL53L0X_read_word	24	static
../Drivers/Librerie/VL53L0X/platform/src/vl53l0x_i2c_platform.c:253:9:VL53L0X_read_dword	24	static
../Drivers/Librerie/VL53L0X/platform/src/vl53l0x_i2c_platform.c:265:9:VL53L0X_platform_wait_us	16	static
../Drivers/Librerie/VL53L0X/platform/src/vl53l0x_i2c_platform.c:272:9:VL53L0X_wait_ms	16	static
../Drivers/Librerie/VL53L0X/platform/src/vl53l0x_i2c_platform.c:279:9:VL53L0X_set_gpio	24	static
../Drivers/Librerie/VL53L0X/platform/src/vl53l0x_i2c_platform.c:292:9:VL53L0X_get_gpio	24	static
../Drivers/Librerie/VL53L0X/platform/src/vl53l0x_i2c_platform.c:302:9:VL53L0X_release_gpio	16	static
../Drivers/Librerie/VL53L0X/platform/src/vl53l0x_i2c_platform.c:312:9:VL53L0X_cycle_power	16	static
../Drivers/Librerie/VL53L0X/platform/src/vl53l0x_i2c_platform.c:329:9:VL53L0X_get_timer_frequency	16	static
../Drivers/Librerie/VL53L0X/platform/src/vl53l0x_i2c_platform.c:336:9:VL53L0X_get_timer_value	16	static
