../Drivers/CMSIS/Include/core_cm4.h:1684:22:__NVIC_EnableIRQ	16	static,ignoring_inline_asm
../Drivers/CMSIS/Include/core_cm4.h:1722:22:__NVIC_DisableIRQ	16	static,ignoring_inline_asm
../Drivers/CMSIS/Include/core_cm4.h:2064:26:ITM_SendChar	16	static,ignoring_inline_asm
../Core/Src/main.c:95:5:main	64	static
../Core/Src/main.c:221:6:SystemClock_Config	88	static
../Core/Src/main.c:268:13:MX_I2C1_Init	8	static
../Core/Src/main.c:302:13:MX_TIM1_Init	56	static
../Core/Src/main.c:352:13:MX_TIM2_Init	48	static
../Core/Src/main.c:401:13:MX_TIM3_Init	32	static
../Core/Src/main.c:446:13:MX_TIM10_Init	8	static
../Core/Src/main.c:477:13:MX_USART2_UART_Init	8	static
../Core/Src/main.c:510:13:MX_GPIO_Init	48	static
../Core/Src/main.c:569:5:__io_putchar	16	static
../Core/Src/main.c:581:6:Error_Handler	4	static,ignoring_inline_asm
