../Drivers/CMSIS/Include/core_cm4.h:2064:26:ITM_SendChar	16	static,ignoring_inline_asm
../Core/Src/main.c:106:5:main	152	static
../Core/Src/main.c:238:6:SystemClock_Config	88	static
../Core/Src/main.c:285:13:MX_I2C1_Init	8	static
../Core/Src/main.c:319:13:MX_TIM1_Init	32	static
../Core/Src/main.c:368:13:MX_TIM2_Init	48	static
../Core/Src/main.c:417:13:MX_TIM3_Init	56	static
../Core/Src/main.c:466:13:MX_TIM10_Init	8	static
../Core/Src/main.c:497:13:MX_USART2_UART_Init	8	static
../Core/Src/main.c:530:13:MX_GPIO_Init	48	static
../Core/Src/main.c:586:5:__io_putchar	16	static
../Core/Src/main.c:592:6:HCSR04_Read	8	static
../Core/Src/main.c:602:6:HAL_TIM_IC_CaptureCallback	16	static
../Core/Src/main.c:660:6:Error_Handler	4	static,ignoring_inline_asm
