../Core/Src/syscalls.c:37:6:ITM_Sendchar	16	static
../Core/Src/syscalls.c:62:6:initialise_monitor_handles	4	static
../Core/Src/syscalls.c:66:5:_getpid	4	static
../Core/Src/syscalls.c:71:5:_kill	16	static
../Core/Src/syscalls.c:79:6:_exit	16	static
../Core/Src/syscalls.c:85:27:_read	32	static
../Core/Src/syscalls.c:98:27:_write	32	static
../Core/Src/syscalls.c:110:5:_close	16	static
../Core/Src/syscalls.c:117:5:_fstat	16	static
../Core/Src/syscalls.c:124:5:_isatty	16	static
../Core/Src/syscalls.c:130:5:_lseek	24	static
../Core/Src/syscalls.c:138:5:_open	12	static
../Core/Src/syscalls.c:146:5:_wait	16	static
../Core/Src/syscalls.c:153:5:_unlink	16	static
../Core/Src/syscalls.c:160:5:_times	16	static
../Core/Src/syscalls.c:166:5:_stat	16	static
../Core/Src/syscalls.c:173:5:_link	16	static
../Core/Src/syscalls.c:181:5:_fork	8	static
../Core/Src/syscalls.c:187:5:_execve	24	static
