../Drivers/Librerie/VL53L0X/lidarvl53.c:16:6:lidar_init	16	static
../Drivers/Librerie/VL53L0X/lidarvl53.c:46:6:cont_lidar_init	24	static
../Drivers/Librerie/VL53L0X/lidarvl53.c:98:10:lidar_lee_mm	24	static
../Drivers/Librerie/VL53L0X/lidarvl53.c:109:7:lidar_lee_cm	16	static
../Drivers/Librerie/VL53L0X/lidarvl53.c:114:9:lidar_set_dir	24	static
../Drivers/Librerie/VL53L0X/lidarvl53.c:122:6:clearInterrupt	8	static
../Drivers/Librerie/VL53L0X/lidarvl53.c:127:6:startMeasurement	8	static
../Drivers/Librerie/VL53L0X/lidarvl53.c:135:6:stopMeasurement	8	static
../Drivers/Librerie/VL53L0X/lidarvl53.c:143:10:getRangeData	16	static
../Drivers/Librerie/VL53L0X/lidarvl53.c:160:6:print_pal_error	48	static
